src/pages/TakeoverPage.tsx(2,41): error TS2792: Cannot find module 'framer-motion'. Did you mean to set the 'moduleResolution' option to 'nodenext', or to add aliases to the 'paths' option?
src/pages/TakeoverPage.tsx(8,8): error TS2792: Cannot find module 'lucide-react'. Did you mean to set the 'moduleResolution' option to 'nodenext', or to add aliases to the 'paths' option?
src/pages/TakeoverPage.tsx(539,13): error TS2339: Property 'img' does not exist on type 'JSX.IntrinsicElements'.
src/pages/TakeoverPage.tsx(1222,13): error TS2339: Property 'div' does not exist on type 'JSX.IntrinsicElements'.
src/pages/TakeoverPage.tsx(1228,21): error TS2339: Property 'div' does not exist on type 'JSX.IntrinsicElements'.
src/pages/TakeoverPage.tsx(1229,25): error TS2339: Property 'div' does not exist on type 'JSX.IntrinsicElements'.
src/pages/TakeoverPage.tsx(1231,21): error TS2339: Property 'div' does not exist on type 'JSX.IntrinsicElements'.
src/pages/TakeoverPage.tsx(1233,21): error TS2339: Property 'div' does not exist on type 'JSX.IntrinsicElements'.
src/pages/TakeoverPage.tsx(1234,25): error TS2339: Property 'h2' does not exist on type 'JSX.IntrinsicElements'.
src/pages/TakeoverPage.tsx(1234,112): error TS2339: Property 'span' does not exist on type 'JSX.IntrinsicElements'.
src/pages/TakeoverPage.tsx(1234,152): error TS2339: Property 'span' does not exist on type 'JSX.IntrinsicElements'.
src/pages/TakeoverPage.tsx(1234,159): error TS2339: Property 'h2' does not exist on type 'JSX.IntrinsicElements'.
src/pages/TakeoverPage.tsx(1235,25): error TS2339: Property 'p' does not exist on type 'JSX.IntrinsicElements'.
src/pages/TakeoverPage.tsx(1235,158): error TS2339: Property 'p' does not exist on type 'JSX.IntrinsicElements'.
src/pages/TakeoverPage.tsx(1236,21): error TS2339: Property 'div' does not exist on type 'JSX.IntrinsicElements'.
src/pages/TakeoverPage.tsx(1238,21): error TS2339: Property 'form' does not exist on type 'JSX.IntrinsicElements'.
src/pages/TakeoverPage.tsx(1239,25): error TS2339: Property 'div' does not exist on type 'JSX.IntrinsicElements'.
src/pages/TakeoverPage.tsx(1240,29): error TS2339: Property 'input' does not exist on type 'JSX.IntrinsicElements'.
src/pages/TakeoverPage.tsx(1260,25): error TS2339: Property 'div' does not exist on type 'JSX.IntrinsicElements'.
src/pages/TakeoverPage.tsx(1262,25): error TS2339: Property 'button' does not exist on type 'JSX.IntrinsicElements'.
src/pages/TakeoverPage.tsx(1267,25): error TS2339: Property 'button' does not exist on type 'JSX.IntrinsicElements'.
src/pages/TakeoverPage.tsx(1268,21): error TS2339: Property 'form' does not exist on type 'JSX.IntrinsicElements'.
src/pages/TakeoverPage.tsx(1270,21): error TS2339: Property 'p' does not exist on type 'JSX.IntrinsicElements'.
src/pages/TakeoverPage.tsx(1272,21): error TS2339: Property 'p' does not exist on type 'JSX.IntrinsicElements'.
src/pages/TakeoverPage.tsx(1274,13): error TS2339: Property 'div' does not exist on type 'JSX.IntrinsicElements'.
src/pages/TakeoverPage.tsx(1279,9): error TS2339: Property 'div' does not exist on type 'JSX.IntrinsicElements'.
src/pages/TakeoverPage.tsx(1282,17): error TS2339: Property 'div' does not exist on type 'JSX.IntrinsicElements'.
src/pages/TakeoverPage.tsx(1283,21): error TS2339: Property 'div' does not exist on type 'JSX.IntrinsicElements'.
src/pages/TakeoverPage.tsx(1284,25): error TS2339: Property 'div' does not exist on type 'JSX.IntrinsicElements'.
src/pages/TakeoverPage.tsx(1285,29): error TS2339: Property 'span' does not exist on type 'JSX.IntrinsicElements'.
src/pages/TakeoverPage.tsx(1286,29): error TS2339: Property 'span' does not exist on type 'JSX.IntrinsicElements'.
src/pages/TakeoverPage.tsx(1286,114): error TS2339: Property 'span' does not exist on type 'JSX.IntrinsicElements'.
src/pages/TakeoverPage.tsx(1287,25): error TS2339: Property 'div' does not exist on type 'JSX.IntrinsicElements'.
src/pages/TakeoverPage.tsx(1288,25): error TS2339: Property 'div' does not exist on type 'JSX.IntrinsicElements'.
src/pages/TakeoverPage.tsx(1289,29): error TS2339: Property 'h1' does not exist on type 'JSX.IntrinsicElements'.
src/pages/TakeoverPage.tsx(1291,29): error TS2339: Property 'h1' does not exist on type 'JSX.IntrinsicElements'.
src/pages/TakeoverPage.tsx(1298,37): error TS2339: Property 'div' does not exist on type 'JSX.IntrinsicElements'.
src/pages/TakeoverPage.tsx(1300,41): error TS2339: Property 'span' does not exist on type 'JSX.IntrinsicElements'.
src/pages/TakeoverPage.tsx(1301,50): error TS2339: Property 'span' does not exist on type 'JSX.IntrinsicElements'.
src/pages/TakeoverPage.tsx(1301,105): error TS2339: Property 'span' does not exist on type 'JSX.IntrinsicElements'.
src/pages/TakeoverPage.tsx(1302,41): error TS2339: Property 'span' does not exist on type 'JSX.IntrinsicElements'.
src/pages/TakeoverPage.tsx(1304,45): error TS2339: Property 'a' does not exist on type 'JSX.IntrinsicElements'.
src/pages/TakeoverPage.tsx(1312,45): error TS2339: Property 'a' does not exist on type 'JSX.IntrinsicElements'.
src/pages/TakeoverPage.tsx(1314,37): error TS2339: Property 'div' does not exist on type 'JSX.IntrinsicElements'.
src/pages/TakeoverPage.tsx(1317,25): error TS2339: Property 'div' does not exist on type 'JSX.IntrinsicElements'.
src/pages/TakeoverPage.tsx(1322,29): error TS2339: Property 'div' does not exist on type 'JSX.IntrinsicElements'.
src/pages/TakeoverPage.tsx(1324,37): error TS2339: Property 'button' does not exist on type 'JSX.IntrinsicElements'.
src/pages/TakeoverPage.tsx(1331,37): error TS2339: Property 'button' does not exist on type 'JSX.IntrinsicElements'.
src/pages/TakeoverPage.tsx(1333,29): error TS2339: Property 'div' does not exist on type 'JSX.IntrinsicElements'.
src/pages/TakeoverPage.tsx(1335,25): error TS2339: Property 'div' does not exist on type 'JSX.IntrinsicElements'.
src/pages/TakeoverPage.tsx(1337,33): error TS2339: Property 'button' does not exist on type 'JSX.IntrinsicElements'.
src/pages/TakeoverPage.tsx(1344,33): error TS2339: Property 'button' does not exist on type 'JSX.IntrinsicElements'.
src/pages/TakeoverPage.tsx(1346,29): error TS2339: Property 'button' does not exist on type 'JSX.IntrinsicElements'.
src/pages/TakeoverPage.tsx(1358,33): error TS2339: Property 'span' does not exist on type 'JSX.IntrinsicElements'.
src/pages/TakeoverPage.tsx(1358,76): error TS2339: Property 'span' does not exist on type 'JSX.IntrinsicElements'.
src/pages/TakeoverPage.tsx(1359,29): error TS2339: Property 'button' does not exist on type 'JSX.IntrinsicElements'.
src/pages/TakeoverPage.tsx(1360,25): error TS2339: Property 'div' does not exist on type 'JSX.IntrinsicElements'.
src/pages/TakeoverPage.tsx(1361,25): error TS2339: Property 'div' does not exist on type 'JSX.IntrinsicElements'.
src/pages/TakeoverPage.tsx(1362,29): error TS2339: Property 'a' does not exist on type 'JSX.IntrinsicElements'.
src/pages/TakeoverPage.tsx(1370,29): error TS2339: Property 'a' does not exist on type 'JSX.IntrinsicElements'.
src/pages/TakeoverPage.tsx(1371,29): error TS2339: Property 'div' does not exist on type 'JSX.IntrinsicElements'.
src/pages/TakeoverPage.tsx(1372,29): error TS2339: Property 'a' does not exist on type 'JSX.IntrinsicElements'.
src/pages/TakeoverPage.tsx(1380,29): error TS2339: Property 'a' does not exist on type 'JSX.IntrinsicElements'.
src/pages/TakeoverPage.tsx(1381,29): error TS2339: Property 'div' does not exist on type 'JSX.IntrinsicElements'.
src/pages/TakeoverPage.tsx(1382,29): error TS2339: Property 'a' does not exist on type 'JSX.IntrinsicElements'.
src/pages/TakeoverPage.tsx(1390,29): error TS2339: Property 'a' does not exist on type 'JSX.IntrinsicElements'.
src/pages/TakeoverPage.tsx(1391,25): error TS2339: Property 'div' does not exist on type 'JSX.IntrinsicElements'.
src/pages/TakeoverPage.tsx(1392,21): error TS2339: Property 'div' does not exist on type 'JSX.IntrinsicElements'.
src/pages/TakeoverPage.tsx(1393,21): error TS2339: Property 'div' does not exist on type 'JSX.IntrinsicElements'.
src/pages/TakeoverPage.tsx(1394,25): error TS2339: Property 'div' does not exist on type 'JSX.IntrinsicElements'.
src/pages/TakeoverPage.tsx(1399,29): error TS2339: Property 'span' does not exist on type 'JSX.IntrinsicElements'.
src/pages/TakeoverPage.tsx(1401,29): error TS2339: Property 'span' does not exist on type 'JSX.IntrinsicElements'.
src/pages/TakeoverPage.tsx(1402,25): error TS2339: Property 'div' does not exist on type 'JSX.IntrinsicElements'.
src/pages/TakeoverPage.tsx(1404,25): error TS2339: Property 'button' does not exist on type 'JSX.IntrinsicElements'.
src/pages/TakeoverPage.tsx(1413,25): error TS2339: Property 'button' does not exist on type 'JSX.IntrinsicElements'.
src/pages/TakeoverPage.tsx(1414,21): error TS2339: Property 'div' does not exist on type 'JSX.IntrinsicElements'.
src/pages/TakeoverPage.tsx(1415,17): error TS2339: Property 'div' does not exist on type 'JSX.IntrinsicElements'.
src/pages/TakeoverPage.tsx(1418,13): error TS2339: Property 'div' does not exist on type 'JSX.IntrinsicElements'.
src/pages/TakeoverPage.tsx(1420,17): error TS2339: Property 'div' does not exist on type 'JSX.IntrinsicElements'.
src/pages/TakeoverPage.tsx(1424,21): error TS2339: Property 'div' does not exist on type 'JSX.IntrinsicElements'.
src/pages/TakeoverPage.tsx(1427,25): error TS2339: Property 'div' does not exist on type 'JSX.IntrinsicElements'.
src/pages/TakeoverPage.tsx(1428,29): error TS2339: Property 'iframe' does not exist on type 'JSX.IntrinsicElements'.
src/pages/TakeoverPage.tsx(1434,30): error TS2339: Property 'iframe' does not exist on type 'JSX.IntrinsicElements'.
src/pages/TakeoverPage.tsx(1435,25): error TS2339: Property 'div' does not exist on type 'JSX.IntrinsicElements'.
src/pages/TakeoverPage.tsx(1438,25): error TS2339: Property 'div' does not exist on type 'JSX.IntrinsicElements'.
src/pages/TakeoverPage.tsx(1439,29): error TS2339: Property 'button' does not exist on type 'JSX.IntrinsicElements'.
src/pages/TakeoverPage.tsx(1445,29): error TS2339: Property 'button' does not exist on type 'JSX.IntrinsicElements'.
src/pages/TakeoverPage.tsx(1446,25): error TS2339: Property 'div' does not exist on type 'JSX.IntrinsicElements'.
src/pages/TakeoverPage.tsx(1461,37): error TS2339: Property 'h3' does not exist on type 'JSX.IntrinsicElements'.
src/pages/TakeoverPage.tsx(1462,41): error TS2339: Property 'span' does not exist on type 'JSX.IntrinsicElements'.
src/pages/TakeoverPage.tsx(1464,37): error TS2339: Property 'h3' does not exist on type 'JSX.IntrinsicElements'.
src/pages/TakeoverPage.tsx(1465,37): error TS2339: Property 'p' does not exist on type 'JSX.IntrinsicElements'.
src/pages/TakeoverPage.tsx(1465,111): error TS2339: Property 'p' does not exist on type 'JSX.IntrinsicElements'.
src/pages/TakeoverPage.tsx(1466,37): error TS2339: Property 'div' does not exist on type 'JSX.IntrinsicElements'.
src/pages/TakeoverPage.tsx(1473,49): error TS2339: Property 'button' does not exist on type 'JSX.IntrinsicElements'.
src/pages/TakeoverPage.tsx(1493,53): error TS2339: Property 'div' does not exist on type 'JSX.IntrinsicElements'.
src/pages/TakeoverPage.tsx(1494,53): error TS2339: Property 'span' does not exist on type 'JSX.IntrinsicElements'.
src/pages/TakeoverPage.tsx(1495,57): error TS2339: Property 'span' does not exist on type 'JSX.IntrinsicElements'.
src/pages/TakeoverPage.tsx(1495,209): error TS2339: Property 'span' does not exist on type 'JSX.IntrinsicElements'.
src/pages/TakeoverPage.tsx(1497,53): error TS2339: Property 'span' does not exist on type 'JSX.IntrinsicElements'.
src/pages/TakeoverPage.tsx(1498,53): error TS2339: Property 'span' does not exist on type 'JSX.IntrinsicElements'.
src/pages/TakeoverPage.tsx(1498,184): error TS2339: Property 'span' does not exist on type 'JSX.IntrinsicElements'.
src/pages/TakeoverPage.tsx(1499,49): error TS2339: Property 'button' does not exist on type 'JSX.IntrinsicElements'.
src/pages/TakeoverPage.tsx(1502,37): error TS2339: Property 'div' does not exist on type 'JSX.IntrinsicElements'.
src/pages/TakeoverPage.tsx(1503,37): error TS2339: Property 'p' does not exist on type 'JSX.IntrinsicElements'.
src/pages/TakeoverPage.tsx(1503,152): error TS2339: Property 'p' does not exist on type 'JSX.IntrinsicElements'.
src/pages/TakeoverPage.tsx(1518,37): error TS2339: Property 'div' does not exist on type 'JSX.IntrinsicElements'.
src/pages/TakeoverPage.tsx(1519,41): error TS2339: Property 'div' does not exist on type 'JSX.IntrinsicElements'.
src/pages/TakeoverPage.tsx(1520,45): error TS2339: Property 'div' does not exist on type 'JSX.IntrinsicElements'.
src/pages/TakeoverPage.tsx(1521,49): error TS2339: Property 'div' does not exist on type 'JSX.IntrinsicElements'.
src/pages/TakeoverPage.tsx(1523,49): error TS2339: Property 'div' does not exist on type 'JSX.IntrinsicElements'.
src/pages/TakeoverPage.tsx(1524,49): error TS2339: Property 'div' does not exist on type 'JSX.IntrinsicElements'.
src/pages/TakeoverPage.tsx(1525,53): error TS2339: Property 'h2' does not exist on type 'JSX.IntrinsicElements'.
src/pages/TakeoverPage.tsx(1525,182): error TS2339: Property 'span' does not exist on type 'JSX.IntrinsicElements'.
src/pages/TakeoverPage.tsx(1525,218): error TS2339: Property 'span' does not exist on type 'JSX.IntrinsicElements'.
src/pages/TakeoverPage.tsx(1525,225): error TS2339: Property 'h2' does not exist on type 'JSX.IntrinsicElements'.
src/pages/TakeoverPage.tsx(1526,53): error TS2339: Property 'p' does not exist on type 'JSX.IntrinsicElements'.
src/pages/TakeoverPage.tsx(1526,205): error TS2339: Property 'p' does not exist on type 'JSX.IntrinsicElements'.
src/pages/TakeoverPage.tsx(1527,49): error TS2339: Property 'div' does not exist on type 'JSX.IntrinsicElements'.
src/pages/TakeoverPage.tsx(1528,45): error TS2339: Property 'div' does not exist on type 'JSX.IntrinsicElements'.
src/pages/TakeoverPage.tsx(1529,45): error TS2339: Property 'button' does not exist on type 'JSX.IntrinsicElements'.
src/pages/TakeoverPage.tsx(1531,45): error TS2339: Property 'button' does not exist on type 'JSX.IntrinsicElements'.
src/pages/TakeoverPage.tsx(1532,41): error TS2339: Property 'div' does not exist on type 'JSX.IntrinsicElements'.
src/pages/TakeoverPage.tsx(1534,41): error TS2339: Property 'div' does not exist on type 'JSX.IntrinsicElements'.
src/pages/TakeoverPage.tsx(1536,45): error TS2339: Property 'div' does not exist on type 'JSX.IntrinsicElements'.
src/pages/TakeoverPage.tsx(1537,49): error TS2339: Property 'div' does not exist on type 'JSX.IntrinsicElements'.
src/pages/TakeoverPage.tsx(1537,81): error TS2339: Property 'div' does not exist on type 'JSX.IntrinsicElements'.
src/pages/TakeoverPage.tsx(1538,49): error TS2339: Property 'div' does not exist on type 'JSX.IntrinsicElements'.
src/pages/TakeoverPage.tsx(1538,83): error TS2339: Property 'div' does not exist on type 'JSX.IntrinsicElements'.
src/pages/TakeoverPage.tsx(1539,49): error TS2339: Property 'div' does not exist on type 'JSX.IntrinsicElements'.
src/pages/TakeoverPage.tsx(1539,88): error TS2339: Property 'div' does not exist on type 'JSX.IntrinsicElements'.
src/pages/TakeoverPage.tsx(1540,45): error TS2339: Property 'div' does not exist on type 'JSX.IntrinsicElements'.
src/pages/TakeoverPage.tsx(1543,49): error TS2339: Property 'div' does not exist on type 'JSX.IntrinsicElements'.
src/pages/TakeoverPage.tsx(1547,53): error TS2339: Property 'div' does not exist on type 'JSX.IntrinsicElements'.
src/pages/TakeoverPage.tsx(1549,53): error TS2339: Property 'div' does not exist on type 'JSX.IntrinsicElements'.
src/pages/TakeoverPage.tsx(1550,57): error TS2339: Property 'span' does not exist on type 'JSX.IntrinsicElements'.
src/pages/TakeoverPage.tsx(1552,57): error TS2339: Property 'span' does not exist on type 'JSX.IntrinsicElements'.
src/pages/TakeoverPage.tsx(1553,53): error TS2339: Property 'div' does not exist on type 'JSX.IntrinsicElements'.
src/pages/TakeoverPage.tsx(1556,53): error TS2339: Property 'div' does not exist on type 'JSX.IntrinsicElements'.
src/pages/TakeoverPage.tsx(1557,57): error TS2339: Property 'h3' does not exist on type 'JSX.IntrinsicElements'.
src/pages/TakeoverPage.tsx(1559,57): error TS2339: Property 'h3' does not exist on type 'JSX.IntrinsicElements'.
src/pages/TakeoverPage.tsx(1561,61): error TS2339: Property 'div' does not exist on type 'JSX.IntrinsicElements'.
src/pages/TakeoverPage.tsx(1562,65): error TS2339: Property 'div' does not exist on type 'JSX.IntrinsicElements'.
src/pages/TakeoverPage.tsx(1564,61): error TS2339: Property 'div' does not exist on type 'JSX.IntrinsicElements'.
src/pages/TakeoverPage.tsx(1578,53): error TS2339: Property 'div' does not exist on type 'JSX.IntrinsicElements'.
src/pages/TakeoverPage.tsx(1581,53): error TS2339: Property 'div' does not exist on type 'JSX.IntrinsicElements'.
src/pages/TakeoverPage.tsx(1582,57): error TS2339: Property 'span' does not exist on type 'JSX.IntrinsicElements'.
src/pages/TakeoverPage.tsx(1584,57): error TS2339: Property 'span' does not exist on type 'JSX.IntrinsicElements'.
src/pages/TakeoverPage.tsx(1585,53): error TS2339: Property 'div' does not exist on type 'JSX.IntrinsicElements'.
src/pages/TakeoverPage.tsx(1586,49): error TS2339: Property 'div' does not exist on type 'JSX.IntrinsicElements'.
src/pages/TakeoverPage.tsx(1589,49): error TS2339: Property 'div' does not exist on type 'JSX.IntrinsicElements'.
src/pages/TakeoverPage.tsx(1590,53): error TS2339: Property 'p' does not exist on type 'JSX.IntrinsicElements'.
src/pages/TakeoverPage.tsx(1592,53): error TS2339: Property 'p' does not exist on type 'JSX.IntrinsicElements'.
src/pages/TakeoverPage.tsx(1593,49): error TS2339: Property 'div' does not exist on type 'JSX.IntrinsicElements'.
src/pages/TakeoverPage.tsx(1595,41): error TS2339: Property 'div' does not exist on type 'JSX.IntrinsicElements'.
src/pages/TakeoverPage.tsx(1596,37): error TS2339: Property 'div' does not exist on type 'JSX.IntrinsicElements'.
src/pages/TakeoverPage.tsx(1611,37): error TS2339: Property 'p' does not exist on type 'JSX.IntrinsicElements'.
src/pages/TakeoverPage.tsx(1611,137): error TS2339: Property 'p' does not exist on type 'JSX.IntrinsicElements'.
src/pages/TakeoverPage.tsx(1612,37): error TS2339: Property 'div' does not exist on type 'JSX.IntrinsicElements'.
src/pages/TakeoverPage.tsx(1613,41): error TS2339: Property 'input' does not exist on type 'JSX.IntrinsicElements'.
src/pages/TakeoverPage.tsx(1621,41): error TS2339: Property 'button' does not exist on type 'JSX.IntrinsicElements'.
src/pages/TakeoverPage.tsx(1627,41): error TS2339: Property 'button' does not exist on type 'JSX.IntrinsicElements'.
src/pages/TakeoverPage.tsx(1628,37): error TS2339: Property 'div' does not exist on type 'JSX.IntrinsicElements'.
src/pages/TakeoverPage.tsx(1633,25): error TS2339: Property 'div' does not exist on type 'JSX.IntrinsicElements'.
src/pages/TakeoverPage.tsx(1634,29): error TS2339: Property 'button' does not exist on type 'JSX.IntrinsicElements'.
src/pages/TakeoverPage.tsx(1641,29): error TS2339: Property 'button' does not exist on type 'JSX.IntrinsicElements'.
src/pages/TakeoverPage.tsx(1642,25): error TS2339: Property 'div' does not exist on type 'JSX.IntrinsicElements'.
src/pages/TakeoverPage.tsx(1653,37): error TS2339: Property 'div' does not exist on type 'JSX.IntrinsicElements'.
src/pages/TakeoverPage.tsx(1654,37): error TS2339: Property 'div' does not exist on type 'JSX.IntrinsicElements'.
src/pages/TakeoverPage.tsx(1655,41): error TS2339: Property 'div' does not exist on type 'JSX.IntrinsicElements'.
src/pages/TakeoverPage.tsx(1656,45): error TS2339: Property 'img' does not exist on type 'JSX.IntrinsicElements'.
src/pages/TakeoverPage.tsx(1657,45): error TS2339: Property 'div' does not exist on type 'JSX.IntrinsicElements'.
src/pages/TakeoverPage.tsx(1659,45): error TS2339: Property 'div' does not exist on type 'JSX.IntrinsicElements'.
src/pages/TakeoverPage.tsx(1660,41): error TS2339: Property 'div' does not exist on type 'JSX.IntrinsicElements'.
src/pages/TakeoverPage.tsx(1661,41): error TS2339: Property 'div' does not exist on type 'JSX.IntrinsicElements'.
src/pages/TakeoverPage.tsx(1662,45): error TS2339: Property 'p' does not exist on type 'JSX.IntrinsicElements'.
src/pages/TakeoverPage.tsx(1662,146): error TS2339: Property 'p' does not exist on type 'JSX.IntrinsicElements'.
src/pages/TakeoverPage.tsx(1663,45): error TS2339: Property 'h4' does not exist on type 'JSX.IntrinsicElements'.
src/pages/TakeoverPage.tsx(1663,152): error TS2339: Property 'h4' does not exist on type 'JSX.IntrinsicElements'.
src/pages/TakeoverPage.tsx(1664,45): error TS2339: Property 'p' does not exist on type 'JSX.IntrinsicElements'.
src/pages/TakeoverPage.tsx(1664,136): error TS2339: Property 'p' does not exist on type 'JSX.IntrinsicElements'.
src/pages/TakeoverPage.tsx(1665,41): error TS2339: Property 'div' does not exist on type 'JSX.IntrinsicElements'.
src/pages/TakeoverPage.tsx(1666,41): error TS2339: Property 'button' does not exist on type 'JSX.IntrinsicElements'.
src/pages/TakeoverPage.tsx(1671,41): error TS2339: Property 'button' does not exist on type 'JSX.IntrinsicElements'.
src/pages/TakeoverPage.tsx(1672,37): error TS2339: Property 'div' does not exist on type 'JSX.IntrinsicElements'.
src/pages/TakeoverPage.tsx(1673,37): error TS2339: Property 'div' does not exist on type 'JSX.IntrinsicElements'.
src/pages/TakeoverPage.tsx(1674,41): error TS2339: Property 'a' does not exist on type 'JSX.IntrinsicElements'.
src/pages/TakeoverPage.tsx(1680,45): error TS2339: Property 'svg' does not exist on type 'JSX.IntrinsicElements'.
src/pages/TakeoverPage.tsx(1681,49): error TS2339: Property 'path' does not exist on type 'JSX.IntrinsicElements'.
src/pages/TakeoverPage.tsx(1682,45): error TS2339: Property 'svg' does not exist on type 'JSX.IntrinsicElements'.
src/pages/TakeoverPage.tsx(1684,41): error TS2339: Property 'a' does not exist on type 'JSX.IntrinsicElements'.
src/pages/TakeoverPage.tsx(1685,37): error TS2339: Property 'div' does not exist on type 'JSX.IntrinsicElements'.
src/pages/TakeoverPage.tsx(1706,41): error TS2339: Property 'div' does not exist on type 'JSX.IntrinsicElements'.
src/pages/TakeoverPage.tsx(1707,45): error TS2339: Property 'div' does not exist on type 'JSX.IntrinsicElements'.
src/pages/TakeoverPage.tsx(1708,49): error TS2339: Property 'h2' does not exist on type 'JSX.IntrinsicElements'.
src/pages/TakeoverPage.tsx(1708,135): error TS2339: Property 'span' does not exist on type 'JSX.IntrinsicElements'.
src/pages/TakeoverPage.tsx(1708,175): error TS2339: Property 'span' does not exist on type 'JSX.IntrinsicElements'.
src/pages/TakeoverPage.tsx(1708,182): error TS2339: Property 'h2' does not exist on type 'JSX.IntrinsicElements'.
src/pages/TakeoverPage.tsx(1709,49): error TS2339: Property 'p' does not exist on type 'JSX.IntrinsicElements'.
src/pages/TakeoverPage.tsx(1709,172): error TS2339: Property 'p' does not exist on type 'JSX.IntrinsicElements'.
src/pages/TakeoverPage.tsx(1710,45): error TS2339: Property 'div' does not exist on type 'JSX.IntrinsicElements'.
src/pages/TakeoverPage.tsx(1711,45): error TS2339: Property 'button' does not exist on type 'JSX.IntrinsicElements'.
src/pages/TakeoverPage.tsx(1713,45): error TS2339: Property 'button' does not exist on type 'JSX.IntrinsicElements'.
src/pages/TakeoverPage.tsx(1714,41): error TS2339: Property 'div' does not exist on type 'JSX.IntrinsicElements'.
src/pages/TakeoverPage.tsx(1717,41): error TS2339: Property 'div' does not exist on type 'JSX.IntrinsicElements'.
src/pages/TakeoverPage.tsx(1718,45): error TS2339: Property 'button' does not exist on type 'JSX.IntrinsicElements'.
src/pages/TakeoverPage.tsx(1724,45): error TS2339: Property 'button' does not exist on type 'JSX.IntrinsicElements'.
src/pages/TakeoverPage.tsx(1725,45): error TS2339: Property 'button' does not exist on type 'JSX.IntrinsicElements'.
src/pages/TakeoverPage.tsx(1731,45): error TS2339: Property 'button' does not exist on type 'JSX.IntrinsicElements'.
src/pages/TakeoverPage.tsx(1732,45): error TS2339: Property 'button' does not exist on type 'JSX.IntrinsicElements'.
src/pages/TakeoverPage.tsx(1738,45): error TS2339: Property 'button' does not exist on type 'JSX.IntrinsicElements'.
src/pages/TakeoverPage.tsx(1739,45): error TS2339: Property 'button' does not exist on type 'JSX.IntrinsicElements'.
src/pages/TakeoverPage.tsx(1745,45): error TS2339: Property 'button' does not exist on type 'JSX.IntrinsicElements'.
src/pages/TakeoverPage.tsx(1746,45): error TS2339: Property 'button' does not exist on type 'JSX.IntrinsicElements'.
src/pages/TakeoverPage.tsx(1752,45): error TS2339: Property 'button' does not exist on type 'JSX.IntrinsicElements'.
src/pages/TakeoverPage.tsx(1753,45): error TS2339: Property 'button' does not exist on type 'JSX.IntrinsicElements'.
src/pages/TakeoverPage.tsx(1759,45): error TS2339: Property 'button' does not exist on type 'JSX.IntrinsicElements'.
src/pages/TakeoverPage.tsx(1760,41): error TS2339: Property 'div' does not exist on type 'JSX.IntrinsicElements'.
src/pages/TakeoverPage.tsx(1763,41): error TS2339: Property 'div' does not exist on type 'JSX.IntrinsicElements'.
src/pages/TakeoverPage.tsx(1765,49): error TS2339: Property 'div' does not exist on type 'JSX.IntrinsicElements'.
src/pages/TakeoverPage.tsx(1766,53): error TS2339: Property 'div' does not exist on type 'JSX.IntrinsicElements'.
src/pages/TakeoverPage.tsx(1767,57): error TS2339: Property 'div' does not exist on type 'JSX.IntrinsicElements'.
src/pages/TakeoverPage.tsx(1768,61): error TS2339: Property 'div' does not exist on type 'JSX.IntrinsicElements'.
src/pages/TakeoverPage.tsx(1769,65): error TS2339: Property 'div' does not exist on type 'JSX.IntrinsicElements'.
src/pages/TakeoverPage.tsx(1771,65): error TS2339: Property 'div' does not exist on type 'JSX.IntrinsicElements'.
src/pages/TakeoverPage.tsx(1772,65): error TS2339: Property 'h3' does not exist on type 'JSX.IntrinsicElements'.
src/pages/TakeoverPage.tsx(1772,159): error TS2339: Property 'span' does not exist on type 'JSX.IntrinsicElements'.
src/pages/TakeoverPage.tsx(1772,200): error TS2339: Property 'span' does not exist on type 'JSX.IntrinsicElements'.
src/pages/TakeoverPage.tsx(1772,207): error TS2339: Property 'h3' does not exist on type 'JSX.IntrinsicElements'.
src/pages/TakeoverPage.tsx(1773,61): error TS2339: Property 'div' does not exist on type 'JSX.IntrinsicElements'.
src/pages/TakeoverPage.tsx(1774,61): error TS2339: Property 'div' does not exist on type 'JSX.IntrinsicElements'.
src/pages/TakeoverPage.tsx(1775,65): error TS2339: Property 'div' does not exist on type 'JSX.IntrinsicElements'.
src/pages/TakeoverPage.tsx(1776,69): error TS2339: Property 'label' does not exist on type 'JSX.IntrinsicElements'.
src/pages/TakeoverPage.tsx(1776,164): error TS2339: Property 'label' does not exist on type 'JSX.IntrinsicElements'.
src/pages/TakeoverPage.tsx(1777,69): error TS2339: Property 'button' does not exist on type 'JSX.IntrinsicElements'.
src/pages/TakeoverPage.tsx(1781,73): error TS2339: Property 'div' does not exist on type 'JSX.IntrinsicElements'.
src/pages/TakeoverPage.tsx(1782,69): error TS2339: Property 'button' does not exist on type 'JSX.IntrinsicElements'.
src/pages/TakeoverPage.tsx(1783,65): error TS2339: Property 'div' does not exist on type 'JSX.IntrinsicElements'.
src/pages/TakeoverPage.tsx(1784,65): error TS2339: Property 'div' does not exist on type 'JSX.IntrinsicElements'.
src/pages/TakeoverPage.tsx(1785,69): error TS2339: Property 'label' does not exist on type 'JSX.IntrinsicElements'.
src/pages/TakeoverPage.tsx(1785,174): error TS2339: Property 'label' does not exist on type 'JSX.IntrinsicElements'.
src/pages/TakeoverPage.tsx(1786,69): error TS2339: Property 'button' does not exist on type 'JSX.IntrinsicElements'.
src/pages/TakeoverPage.tsx(1790,73): error TS2339: Property 'div' does not exist on type 'JSX.IntrinsicElements'.
src/pages/TakeoverPage.tsx(1791,69): error TS2339: Property 'button' does not exist on type 'JSX.IntrinsicElements'.
src/pages/TakeoverPage.tsx(1792,65): error TS2339: Property 'div' does not exist on type 'JSX.IntrinsicElements'.
src/pages/TakeoverPage.tsx(1793,65): error TS2339: Property 'div' does not exist on type 'JSX.IntrinsicElements'.
src/pages/TakeoverPage.tsx(1794,69): error TS2339: Property 'label' does not exist on type 'JSX.IntrinsicElements'.
src/pages/TakeoverPage.tsx(1794,176): error TS2339: Property 'label' does not exist on type 'JSX.IntrinsicElements'.
src/pages/TakeoverPage.tsx(1795,69): error TS2339: Property 'button' does not exist on type 'JSX.IntrinsicElements'.
src/pages/TakeoverPage.tsx(1799,73): error TS2339: Property 'div' does not exist on type 'JSX.IntrinsicElements'.
src/pages/TakeoverPage.tsx(1800,69): error TS2339: Property 'button' does not exist on type 'JSX.IntrinsicElements'.
src/pages/TakeoverPage.tsx(1801,65): error TS2339: Property 'div' does not exist on type 'JSX.IntrinsicElements'.
src/pages/TakeoverPage.tsx(1802,61): error TS2339: Property 'div' does not exist on type 'JSX.IntrinsicElements'.
src/pages/TakeoverPage.tsx(1803,57): error TS2339: Property 'div' does not exist on type 'JSX.IntrinsicElements'.
src/pages/TakeoverPage.tsx(1804,57): error TS2339: Property 'div' does not exist on type 'JSX.IntrinsicElements'.
src/pages/TakeoverPage.tsx(1805,61): error TS2339: Property 'div' does not exist on type 'JSX.IntrinsicElements'.
src/pages/TakeoverPage.tsx(1806,65): error TS2339: Property 'div' does not exist on type 'JSX.IntrinsicElements'.
src/pages/TakeoverPage.tsx(1808,65): error TS2339: Property 'div' does not exist on type 'JSX.IntrinsicElements'.
src/pages/TakeoverPage.tsx(1809,65): error TS2339: Property 'h3' does not exist on type 'JSX.IntrinsicElements'.
src/pages/TakeoverPage.tsx(1809,156): error TS2339: Property 'span' does not exist on type 'JSX.IntrinsicElements'.
src/pages/TakeoverPage.tsx(1809,193): error TS2339: Property 'span' does not exist on type 'JSX.IntrinsicElements'.
src/pages/TakeoverPage.tsx(1809,200): error TS2339: Property 'h3' does not exist on type 'JSX.IntrinsicElements'.
src/pages/TakeoverPage.tsx(1810,61): error TS2339: Property 'div' does not exist on type 'JSX.IntrinsicElements'.
src/pages/TakeoverPage.tsx(1811,61): error TS2339: Property 'div' does not exist on type 'JSX.IntrinsicElements'.
src/pages/TakeoverPage.tsx(1812,65): error TS2339: Property 'div' does not exist on type 'JSX.IntrinsicElements'.
src/pages/TakeoverPage.tsx(1813,69): error TS2339: Property 'label' does not exist on type 'JSX.IntrinsicElements'.
src/pages/TakeoverPage.tsx(1813,170): error TS2339: Property 'label' does not exist on type 'JSX.IntrinsicElements'.
src/pages/TakeoverPage.tsx(1814,69): error TS2339: Property 'input' does not exist on type 'JSX.IntrinsicElements'.
src/pages/TakeoverPage.tsx(1821,65): error TS2339: Property 'div' does not exist on type 'JSX.IntrinsicElements'.
src/pages/TakeoverPage.tsx(1822,65): error TS2339: Property 'div' does not exist on type 'JSX.IntrinsicElements'.
src/pages/TakeoverPage.tsx(1823,69): error TS2339: Property 'label' does not exist on type 'JSX.IntrinsicElements'.
src/pages/TakeoverPage.tsx(1823,176): error TS2339: Property 'label' does not exist on type 'JSX.IntrinsicElements'.
src/pages/TakeoverPage.tsx(1824,69): error TS2339: Property 'input' does not exist on type 'JSX.IntrinsicElements'.
src/pages/TakeoverPage.tsx(1831,65): error TS2339: Property 'div' does not exist on type 'JSX.IntrinsicElements'.
src/pages/TakeoverPage.tsx(1832,65): error TS2339: Property 'div' does not exist on type 'JSX.IntrinsicElements'.
src/pages/TakeoverPage.tsx(1833,69): error TS2339: Property 'label' does not exist on type 'JSX.IntrinsicElements'.
src/pages/TakeoverPage.tsx(1833,184): error TS2339: Property 'label' does not exist on type 'JSX.IntrinsicElements'.
src/pages/TakeoverPage.tsx(1834,69): error TS2339: Property 'div' does not exist on type 'JSX.IntrinsicElements'.
src/pages/TakeoverPage.tsx(1835,73): error TS2339: Property 'input' does not exist on type 'JSX.IntrinsicElements'.
src/pages/TakeoverPage.tsx(1842,73): error TS2339: Property 'button' does not exist on type 'JSX.IntrinsicElements'.
src/pages/TakeoverPage.tsx(1849,73): error TS2339: Property 'button' does not exist on type 'JSX.IntrinsicElements'.
src/pages/TakeoverPage.tsx(1850,69): error TS2339: Property 'div' does not exist on type 'JSX.IntrinsicElements'.
src/pages/TakeoverPage.tsx(1851,65): error TS2339: Property 'div' does not exist on type 'JSX.IntrinsicElements'.
src/pages/TakeoverPage.tsx(1852,61): error TS2339: Property 'div' does not exist on type 'JSX.IntrinsicElements'.
src/pages/TakeoverPage.tsx(1853,57): error TS2339: Property 'div' does not exist on type 'JSX.IntrinsicElements'.
src/pages/TakeoverPage.tsx(1854,57): error TS2339: Property 'div' does not exist on type 'JSX.IntrinsicElements'.
src/pages/TakeoverPage.tsx(1855,61): error TS2339: Property 'div' does not exist on type 'JSX.IntrinsicElements'.
src/pages/TakeoverPage.tsx(1856,65): error TS2339: Property 'div' does not exist on type 'JSX.IntrinsicElements'.
src/pages/TakeoverPage.tsx(1856,159): error TS2339: Property 'div' does not exist on type 'JSX.IntrinsicElements'.
src/pages/TakeoverPage.tsx(1857,65): error TS2339: Property 'h3' does not exist on type 'JSX.IntrinsicElements'.
src/pages/TakeoverPage.tsx(1857,151): error TS2339: Property 'span' does not exist on type 'JSX.IntrinsicElements'.
src/pages/TakeoverPage.tsx(1857,189): error TS2339: Property 'span' does not exist on type 'JSX.IntrinsicElements'.
src/pages/TakeoverPage.tsx(1857,196): error TS2339: Property 'h3' does not exist on type 'JSX.IntrinsicElements'.
src/pages/TakeoverPage.tsx(1858,61): error TS2339: Property 'div' does not exist on type 'JSX.IntrinsicElements'.
src/pages/TakeoverPage.tsx(1859,61): error TS2339: Property 'div' does not exist on type 'JSX.IntrinsicElements'.
src/pages/TakeoverPage.tsx(1860,65): error TS2339: Property 'div' does not exist on type 'JSX.IntrinsicElements'.
src/pages/TakeoverPage.tsx(1861,69): error TS2339: Property 'div' does not exist on type 'JSX.IntrinsicElements'.
src/pages/TakeoverPage.tsx(1862,73): error TS2339: Property 'label' does not exist on type 'JSX.IntrinsicElements'.
src/pages/TakeoverPage.tsx(1862,170): error TS2339: Property 'label' does not exist on type 'JSX.IntrinsicElements'.
src/pages/TakeoverPage.tsx(1863,73): error TS2339: Property 'input' does not exist on type 'JSX.IntrinsicElements'.
src/pages/TakeoverPage.tsx(1864,69): error TS2339: Property 'div' does not exist on type 'JSX.IntrinsicElements'.
src/pages/TakeoverPage.tsx(1865,69): error TS2339: Property 'div' does not exist on type 'JSX.IntrinsicElements'.
src/pages/TakeoverPage.tsx(1866,73): error TS2339: Property 'label' does not exist on type 'JSX.IntrinsicElements'.
src/pages/TakeoverPage.tsx(1866,170): error TS2339: Property 'label' does not exist on type 'JSX.IntrinsicElements'.
src/pages/TakeoverPage.tsx(1867,73): error TS2339: Property 'input' does not exist on type 'JSX.IntrinsicElements'.
src/pages/TakeoverPage.tsx(1868,69): error TS2339: Property 'div' does not exist on type 'JSX.IntrinsicElements'.
src/pages/TakeoverPage.tsx(1869,65): error TS2339: Property 'div' does not exist on type 'JSX.IntrinsicElements'.
src/pages/TakeoverPage.tsx(1870,65): error TS2339: Property 'div' does not exist on type 'JSX.IntrinsicElements'.
src/pages/TakeoverPage.tsx(1871,69): error TS2339: Property 'label' does not exist on type 'JSX.IntrinsicElements'.
src/pages/TakeoverPage.tsx(1871,175): error TS2339: Property 'label' does not exist on type 'JSX.IntrinsicElements'.
src/pages/TakeoverPage.tsx(1872,69): error TS2339: Property 'div' does not exist on type 'JSX.IntrinsicElements'.
src/pages/TakeoverPage.tsx(1873,73): error TS2339: Property 'input' does not exist on type 'JSX.IntrinsicElements'.
src/pages/TakeoverPage.tsx(1874,73): error TS2339: Property 'button' does not exist on type 'JSX.IntrinsicElements'.
src/pages/TakeoverPage.tsx(1874,286): error TS2339: Property 'button' does not exist on type 'JSX.IntrinsicElements'.
src/pages/TakeoverPage.tsx(1875,69): error TS2339: Property 'div' does not exist on type 'JSX.IntrinsicElements'.
src/pages/TakeoverPage.tsx(1876,65): error TS2339: Property 'div' does not exist on type 'JSX.IntrinsicElements'.
src/pages/TakeoverPage.tsx(1877,65): error TS2339: Property 'div' does not exist on type 'JSX.IntrinsicElements'.
src/pages/TakeoverPage.tsx(1878,69): error TS2339: Property 'label' does not exist on type 'JSX.IntrinsicElements'.
src/pages/TakeoverPage.tsx(1878,175): error TS2339: Property 'label' does not exist on type 'JSX.IntrinsicElements'.
src/pages/TakeoverPage.tsx(1879,69): error TS2339: Property 'div' does not exist on type 'JSX.IntrinsicElements'.
src/pages/TakeoverPage.tsx(1880,73): error TS2339: Property 'input' does not exist on type 'JSX.IntrinsicElements'.
src/pages/TakeoverPage.tsx(1881,73): error TS2339: Property 'button' does not exist on type 'JSX.IntrinsicElements'.
src/pages/TakeoverPage.tsx(1881,286): error TS2339: Property 'button' does not exist on type 'JSX.IntrinsicElements'.
src/pages/TakeoverPage.tsx(1882,69): error TS2339: Property 'div' does not exist on type 'JSX.IntrinsicElements'.
src/pages/TakeoverPage.tsx(1883,65): error TS2339: Property 'div' does not exist on type 'JSX.IntrinsicElements'.
src/pages/TakeoverPage.tsx(1884,61): error TS2339: Property 'div' does not exist on type 'JSX.IntrinsicElements'.
src/pages/TakeoverPage.tsx(1885,57): error TS2339: Property 'div' does not exist on type 'JSX.IntrinsicElements'.
src/pages/TakeoverPage.tsx(1887,57): error TS2339: Property 'div' does not exist on type 'JSX.IntrinsicElements'.
src/pages/TakeoverPage.tsx(1888,61): error TS2339: Property 'div' does not exist on type 'JSX.IntrinsicElements'.
src/pages/TakeoverPage.tsx(1889,65): error TS2339: Property 'div' does not exist on type 'JSX.IntrinsicElements'.
src/pages/TakeoverPage.tsx(1889,159): error TS2339: Property 'div' does not exist on type 'JSX.IntrinsicElements'.
src/pages/TakeoverPage.tsx(1890,65): error TS2339: Property 'h3' does not exist on type 'JSX.IntrinsicElements'.
src/pages/TakeoverPage.tsx(1890,151): error TS2339: Property 'span' does not exist on type 'JSX.IntrinsicElements'.
src/pages/TakeoverPage.tsx(1890,189): error TS2339: Property 'span' does not exist on type 'JSX.IntrinsicElements'.
src/pages/TakeoverPage.tsx(1890,196): error TS2339: Property 'h3' does not exist on type 'JSX.IntrinsicElements'.
src/pages/TakeoverPage.tsx(1891,61): error TS2339: Property 'div' does not exist on type 'JSX.IntrinsicElements'.
src/pages/TakeoverPage.tsx(1892,61): error TS2339: Property 'div' does not exist on type 'JSX.IntrinsicElements'.
src/pages/TakeoverPage.tsx(1893,65): error TS2339: Property 'div' does not exist on type 'JSX.IntrinsicElements'.
src/pages/TakeoverPage.tsx(1894,69): error TS2339: Property 'div' does not exist on type 'JSX.IntrinsicElements'.
src/pages/TakeoverPage.tsx(1895,73): error TS2339: Property 'label' does not exist on type 'JSX.IntrinsicElements'.
src/pages/TakeoverPage.tsx(1895,170): error TS2339: Property 'label' does not exist on type 'JSX.IntrinsicElements'.
src/pages/TakeoverPage.tsx(1896,73): error TS2339: Property 'input' does not exist on type 'JSX.IntrinsicElements'.
src/pages/TakeoverPage.tsx(1897,69): error TS2339: Property 'div' does not exist on type 'JSX.IntrinsicElements'.
src/pages/TakeoverPage.tsx(1898,69): error TS2339: Property 'div' does not exist on type 'JSX.IntrinsicElements'.
src/pages/TakeoverPage.tsx(1899,73): error TS2339: Property 'label' does not exist on type 'JSX.IntrinsicElements'.
src/pages/TakeoverPage.tsx(1899,170): error TS2339: Property 'label' does not exist on type 'JSX.IntrinsicElements'.
src/pages/TakeoverPage.tsx(1900,73): error TS2339: Property 'input' does not exist on type 'JSX.IntrinsicElements'.
src/pages/TakeoverPage.tsx(1901,69): error TS2339: Property 'div' does not exist on type 'JSX.IntrinsicElements'.
src/pages/TakeoverPage.tsx(1902,65): error TS2339: Property 'div' does not exist on type 'JSX.IntrinsicElements'.
src/pages/TakeoverPage.tsx(1903,65): error TS2339: Property 'div' does not exist on type 'JSX.IntrinsicElements'.
src/pages/TakeoverPage.tsx(1904,69): error TS2339: Property 'label' does not exist on type 'JSX.IntrinsicElements'.
src/pages/TakeoverPage.tsx(1904,175): error TS2339: Property 'label' does not exist on type 'JSX.IntrinsicElements'.
src/pages/TakeoverPage.tsx(1905,69): error TS2339: Property 'div' does not exist on type 'JSX.IntrinsicElements'.
src/pages/TakeoverPage.tsx(1906,73): error TS2339: Property 'input' does not exist on type 'JSX.IntrinsicElements'.
src/pages/TakeoverPage.tsx(1907,73): error TS2339: Property 'button' does not exist on type 'JSX.IntrinsicElements'.
src/pages/TakeoverPage.tsx(1907,286): error TS2339: Property 'button' does not exist on type 'JSX.IntrinsicElements'.
src/pages/TakeoverPage.tsx(1908,69): error TS2339: Property 'div' does not exist on type 'JSX.IntrinsicElements'.
src/pages/TakeoverPage.tsx(1909,65): error TS2339: Property 'div' does not exist on type 'JSX.IntrinsicElements'.
src/pages/TakeoverPage.tsx(1910,65): error TS2339: Property 'div' does not exist on type 'JSX.IntrinsicElements'.
src/pages/TakeoverPage.tsx(1911,69): error TS2339: Property 'label' does not exist on type 'JSX.IntrinsicElements'.
src/pages/TakeoverPage.tsx(1911,175): error TS2339: Property 'label' does not exist on type 'JSX.IntrinsicElements'.
src/pages/TakeoverPage.tsx(1912,69): error TS2339: Property 'div' does not exist on type 'JSX.IntrinsicElements'.
src/pages/TakeoverPage.tsx(1913,73): error TS2339: Property 'input' does not exist on type 'JSX.IntrinsicElements'.
src/pages/TakeoverPage.tsx(1914,73): error TS2339: Property 'button' does not exist on type 'JSX.IntrinsicElements'.
src/pages/TakeoverPage.tsx(1914,286): error TS2339: Property 'button' does not exist on type 'JSX.IntrinsicElements'.
src/pages/TakeoverPage.tsx(1915,69): error TS2339: Property 'div' does not exist on type 'JSX.IntrinsicElements'.
src/pages/TakeoverPage.tsx(1916,65): error TS2339: Property 'div' does not exist on type 'JSX.IntrinsicElements'.
src/pages/TakeoverPage.tsx(1917,61): error TS2339: Property 'div' does not exist on type 'JSX.IntrinsicElements'.
src/pages/TakeoverPage.tsx(1918,57): error TS2339: Property 'div' does not exist on type 'JSX.IntrinsicElements'.
src/pages/TakeoverPage.tsx(1919,53): error TS2339: Property 'div' does not exist on type 'JSX.IntrinsicElements'.
src/pages/TakeoverPage.tsx(1920,49): error TS2339: Property 'div' does not exist on type 'JSX.IntrinsicElements'.
src/pages/TakeoverPage.tsx(1924,49): error TS2339: Property 'div' does not exist on type 'JSX.IntrinsicElements'.
src/pages/TakeoverPage.tsx(1925,53): error TS2339: Property 'div' does not exist on type 'JSX.IntrinsicElements'.
src/pages/TakeoverPage.tsx(1927,57): error TS2339: Property 'div' does not exist on type 'JSX.IntrinsicElements'.
src/pages/TakeoverPage.tsx(1928,61): error TS2339: Property 'div' does not exist on type 'JSX.IntrinsicElements'.
src/pages/TakeoverPage.tsx(1929,65): error TS2339: Property 'div' does not exist on type 'JSX.IntrinsicElements'.
src/pages/TakeoverPage.tsx(1930,69): error TS2339: Property 'div' does not exist on type 'JSX.IntrinsicElements'.
src/pages/TakeoverPage.tsx(1932,69): error TS2339: Property 'div' does not exist on type 'JSX.IntrinsicElements'.
src/pages/TakeoverPage.tsx(1933,69): error TS2339: Property 'h3' does not exist on type 'JSX.IntrinsicElements'.
src/pages/TakeoverPage.tsx(1933,159): error TS2339: Property 'span' does not exist on type 'JSX.IntrinsicElements'.
src/pages/TakeoverPage.tsx(1933,206): error TS2339: Property 'span' does not exist on type 'JSX.IntrinsicElements'.
src/pages/TakeoverPage.tsx(1933,213): error TS2339: Property 'h3' does not exist on type 'JSX.IntrinsicElements'.
src/pages/TakeoverPage.tsx(1934,65): error TS2339: Property 'div' does not exist on type 'JSX.IntrinsicElements'.
src/pages/TakeoverPage.tsx(1935,65): error TS2339: Property 'button' does not exist on type 'JSX.IntrinsicElements'.
src/pages/TakeoverPage.tsx(1939,69): error TS2339: Property 'div' does not exist on type 'JSX.IntrinsicElements'.
src/pages/TakeoverPage.tsx(1940,65): error TS2339: Property 'button' does not exist on type 'JSX.IntrinsicElements'.
src/pages/TakeoverPage.tsx(1941,61): error TS2339: Property 'div' does not exist on type 'JSX.IntrinsicElements'.
src/pages/TakeoverPage.tsx(1942,61): error TS2339: Property 'p' does not exist on type 'JSX.IntrinsicElements'.
src/pages/TakeoverPage.tsx(1944,61): error TS2339: Property 'p' does not exist on type 'JSX.IntrinsicElements'.
src/pages/TakeoverPage.tsx(1945,57): error TS2339: Property 'div' does not exist on type 'JSX.IntrinsicElements'.
src/pages/TakeoverPage.tsx(1948,57): error TS2339: Property 'div' does not exist on type 'JSX.IntrinsicElements'.
src/pages/TakeoverPage.tsx(1949,61): error TS2339: Property 'div' does not exist on type 'JSX.IntrinsicElements'.
src/pages/TakeoverPage.tsx(1950,65): error TS2339: Property 'div' does not exist on type 'JSX.IntrinsicElements'.
src/pages/TakeoverPage.tsx(1951,69): error TS2339: Property 'div' does not exist on type 'JSX.IntrinsicElements'.
src/pages/TakeoverPage.tsx(1953,69): error TS2339: Property 'div' does not exist on type 'JSX.IntrinsicElements'.
src/pages/TakeoverPage.tsx(1954,69): error TS2339: Property 'h3' does not exist on type 'JSX.IntrinsicElements'.
src/pages/TakeoverPage.tsx(1954,159): error TS2339: Property 'span' does not exist on type 'JSX.IntrinsicElements'.
src/pages/TakeoverPage.tsx(1954,201): error TS2339: Property 'span' does not exist on type 'JSX.IntrinsicElements'.
src/pages/TakeoverPage.tsx(1954,208): error TS2339: Property 'h3' does not exist on type 'JSX.IntrinsicElements'.
src/pages/TakeoverPage.tsx(1955,65): error TS2339: Property 'div' does not exist on type 'JSX.IntrinsicElements'.
src/pages/TakeoverPage.tsx(1956,65): error TS2339: Property 'button' does not exist on type 'JSX.IntrinsicElements'.
src/pages/TakeoverPage.tsx(1960,69): error TS2339: Property 'div' does not exist on type 'JSX.IntrinsicElements'.
src/pages/TakeoverPage.tsx(1961,65): error TS2339: Property 'button' does not exist on type 'JSX.IntrinsicElements'.
src/pages/TakeoverPage.tsx(1962,61): error TS2339: Property 'div' does not exist on type 'JSX.IntrinsicElements'.
src/pages/TakeoverPage.tsx(1964,61): error TS2339: Property 'div' does not exist on type 'JSX.IntrinsicElements'.
src/pages/TakeoverPage.tsx(1965,65): error TS2339: Property 'div' does not exist on type 'JSX.IntrinsicElements'.
src/pages/TakeoverPage.tsx(1966,69): error TS2339: Property 'label' does not exist on type 'JSX.IntrinsicElements'.
src/pages/TakeoverPage.tsx(1966,170): error TS2339: Property 'label' does not exist on type 'JSX.IntrinsicElements'.
src/pages/TakeoverPage.tsx(1967,69): error TS2339: Property 'select' does not exist on type 'JSX.IntrinsicElements'.
src/pages/TakeoverPage.tsx(1972,73): error TS2339: Property 'option' does not exist on type 'JSX.IntrinsicElements'.
src/pages/TakeoverPage.tsx(1972,120): error TS2339: Property 'option' does not exist on type 'JSX.IntrinsicElements'.
src/pages/TakeoverPage.tsx(1973,73): error TS2339: Property 'option' does not exist on type 'JSX.IntrinsicElements'.
src/pages/TakeoverPage.tsx(1973,119): error TS2339: Property 'option' does not exist on type 'JSX.IntrinsicElements'.
src/pages/TakeoverPage.tsx(1974,73): error TS2339: Property 'option' does not exist on type 'JSX.IntrinsicElements'.
src/pages/TakeoverPage.tsx(1974,117): error TS2339: Property 'option' does not exist on type 'JSX.IntrinsicElements'.
src/pages/TakeoverPage.tsx(1975,69): error TS2339: Property 'select' does not exist on type 'JSX.IntrinsicElements'.
src/pages/TakeoverPage.tsx(1976,65): error TS2339: Property 'div' does not exist on type 'JSX.IntrinsicElements'.
src/pages/TakeoverPage.tsx(1978,65): error TS2339: Property 'div' does not exist on type 'JSX.IntrinsicElements'.
src/pages/TakeoverPage.tsx(1979,69): error TS2339: Property 'div' does not exist on type 'JSX.IntrinsicElements'.
src/pages/TakeoverPage.tsx(1980,73): error TS2339: Property 'label' does not exist on type 'JSX.IntrinsicElements'.
src/pages/TakeoverPage.tsx(1980,171): error TS2339: Property 'label' does not exist on type 'JSX.IntrinsicElements'.
src/pages/TakeoverPage.tsx(1981,73): error TS2339: Property 'div' does not exist on type 'JSX.IntrinsicElements'.
src/pages/TakeoverPage.tsx(1982,77): error TS2339: Property 'input' does not exist on type 'JSX.IntrinsicElements'.
src/pages/TakeoverPage.tsx(1983,77): error TS2339: Property 'span' does not exist on type 'JSX.IntrinsicElements'.
src/pages/TakeoverPage.tsx(1983,164): error TS2339: Property 'span' does not exist on type 'JSX.IntrinsicElements'.
src/pages/TakeoverPage.tsx(1984,73): error TS2339: Property 'div' does not exist on type 'JSX.IntrinsicElements'.
src/pages/TakeoverPage.tsx(1985,69): error TS2339: Property 'div' does not exist on type 'JSX.IntrinsicElements'.
src/pages/TakeoverPage.tsx(1986,69): error TS2339: Property 'div' does not exist on type 'JSX.IntrinsicElements'.
src/pages/TakeoverPage.tsx(1987,73): error TS2339: Property 'label' does not exist on type 'JSX.IntrinsicElements'.
src/pages/TakeoverPage.tsx(1987,172): error TS2339: Property 'label' does not exist on type 'JSX.IntrinsicElements'.
src/pages/TakeoverPage.tsx(1988,73): error TS2339: Property 'div' does not exist on type 'JSX.IntrinsicElements'.
src/pages/TakeoverPage.tsx(1989,77): error TS2339: Property 'input' does not exist on type 'JSX.IntrinsicElements'.
src/pages/TakeoverPage.tsx(1990,77): error TS2339: Property 'span' does not exist on type 'JSX.IntrinsicElements'.
src/pages/TakeoverPage.tsx(1990,166): error TS2339: Property 'span' does not exist on type 'JSX.IntrinsicElements'.
src/pages/TakeoverPage.tsx(1991,73): error TS2339: Property 'div' does not exist on type 'JSX.IntrinsicElements'.
src/pages/TakeoverPage.tsx(1992,69): error TS2339: Property 'div' does not exist on type 'JSX.IntrinsicElements'.
src/pages/TakeoverPage.tsx(1993,65): error TS2339: Property 'div' does not exist on type 'JSX.IntrinsicElements'.
src/pages/TakeoverPage.tsx(1996,69): error TS2339: Property 'div' does not exist on type 'JSX.IntrinsicElements'.
src/pages/TakeoverPage.tsx(1997,73): error TS2339: Property 'div' does not exist on type 'JSX.IntrinsicElements'.
src/pages/TakeoverPage.tsx(1998,77): error TS2339: Property 'label' does not exist on type 'JSX.IntrinsicElements'.
src/pages/TakeoverPage.tsx(1998,176): error TS2339: Property 'label' does not exist on type 'JSX.IntrinsicElements'.
src/pages/TakeoverPage.tsx(1999,77): error TS2339: Property 'input' does not exist on type 'JSX.IntrinsicElements'.
src/pages/TakeoverPage.tsx(2000,73): error TS2339: Property 'div' does not exist on type 'JSX.IntrinsicElements'.
src/pages/TakeoverPage.tsx(2001,73): error TS2339: Property 'div' does not exist on type 'JSX.IntrinsicElements'.
src/pages/TakeoverPage.tsx(2002,77): error TS2339: Property 'label' does not exist on type 'JSX.IntrinsicElements'.
src/pages/TakeoverPage.tsx(2002,187): error TS2339: Property 'label' does not exist on type 'JSX.IntrinsicElements'.
src/pages/TakeoverPage.tsx(2003,77): error TS2339: Property 'input' does not exist on type 'JSX.IntrinsicElements'.
src/pages/TakeoverPage.tsx(2004,73): error TS2339: Property 'div' does not exist on type 'JSX.IntrinsicElements'.
src/pages/TakeoverPage.tsx(2005,69): error TS2339: Property 'div' does not exist on type 'JSX.IntrinsicElements'.
src/pages/TakeoverPage.tsx(2007,61): error TS2339: Property 'div' does not exist on type 'JSX.IntrinsicElements'.
src/pages/TakeoverPage.tsx(2008,57): error TS2339: Property 'div' does not exist on type 'JSX.IntrinsicElements'.
src/pages/TakeoverPage.tsx(2009,53): error TS2339: Property 'div' does not exist on type 'JSX.IntrinsicElements'.
src/pages/TakeoverPage.tsx(2010,49): error TS2339: Property 'div' does not exist on type 'JSX.IntrinsicElements'.
src/pages/TakeoverPage.tsx(2015,49): error TS2339: Property 'div' does not exist on type 'JSX.IntrinsicElements'.
src/pages/TakeoverPage.tsx(2016,53): error TS2339: Property 'div' does not exist on type 'JSX.IntrinsicElements'.
src/pages/TakeoverPage.tsx(2018,57): error TS2339: Property 'div' does not exist on type 'JSX.IntrinsicElements'.
src/pages/TakeoverPage.tsx(2019,61): error TS2339: Property 'div' does not exist on type 'JSX.IntrinsicElements'.
src/pages/TakeoverPage.tsx(2020,65): error TS2339: Property 'div' does not exist on type 'JSX.IntrinsicElements'.
src/pages/TakeoverPage.tsx(2022,65): error TS2339: Property 'div' does not exist on type 'JSX.IntrinsicElements'.
src/pages/TakeoverPage.tsx(2023,65): error TS2339: Property 'h3' does not exist on type 'JSX.IntrinsicElements'.
src/pages/TakeoverPage.tsx(2023,155): error TS2339: Property 'span' does not exist on type 'JSX.IntrinsicElements'.
src/pages/TakeoverPage.tsx(2023,197): error TS2339: Property 'span' does not exist on type 'JSX.IntrinsicElements'.
src/pages/TakeoverPage.tsx(2023,204): error TS2339: Property 'h3' does not exist on type 'JSX.IntrinsicElements'.
src/pages/TakeoverPage.tsx(2024,61): error TS2339: Property 'div' does not exist on type 'JSX.IntrinsicElements'.
src/pages/TakeoverPage.tsx(2025,61): error TS2339: Property 'div' does not exist on type 'JSX.IntrinsicElements'.
src/pages/TakeoverPage.tsx(2026,65): error TS2339: Property 'div' does not exist on type 'JSX.IntrinsicElements'.
src/pages/TakeoverPage.tsx(2027,69): error TS2339: Property 'input' does not exist on type 'JSX.IntrinsicElements'.
src/pages/TakeoverPage.tsx(2040,69): error TS2339: Property 'button' does not exist on type 'JSX.IntrinsicElements'.
src/pages/TakeoverPage.tsx(2049,69): error TS2339: Property 'button' does not exist on type 'JSX.IntrinsicElements'.
src/pages/TakeoverPage.tsx(2050,65): error TS2339: Property 'div' does not exist on type 'JSX.IntrinsicElements'.
src/pages/TakeoverPage.tsx(2052,65): error TS2339: Property 'div' does not exist on type 'JSX.IntrinsicElements'.
src/pages/TakeoverPage.tsx(2054,73): error TS2339: Property 'div' does not exist on type 'JSX.IntrinsicElements'.
src/pages/TakeoverPage.tsx(2055,77): error TS2339: Property 'div' does not exist on type 'JSX.IntrinsicElements'.
src/pages/TakeoverPage.tsx(2056,81): error TS2339: Property 'div' does not exist on type 'JSX.IntrinsicElements'.
src/pages/TakeoverPage.tsx(2057,81): error TS2339: Property 'span' does not exist on type 'JSX.IntrinsicElements'.
src/pages/TakeoverPage.tsx(2057,174): error TS2339: Property 'span' does not exist on type 'JSX.IntrinsicElements'.
src/pages/TakeoverPage.tsx(2058,77): error TS2339: Property 'div' does not exist on type 'JSX.IntrinsicElements'.
src/pages/TakeoverPage.tsx(2059,77): error TS2339: Property 'button' does not exist on type 'JSX.IntrinsicElements'.
src/pages/TakeoverPage.tsx(2064,77): error TS2339: Property 'button' does not exist on type 'JSX.IntrinsicElements'.
src/pages/TakeoverPage.tsx(2065,73): error TS2339: Property 'div' does not exist on type 'JSX.IntrinsicElements'.
src/pages/TakeoverPage.tsx(2067,98): error TS2339: Property 'p' does not exist on type 'JSX.IntrinsicElements'.
src/pages/TakeoverPage.tsx(2067,225): error TS2339: Property 'p' does not exist on type 'JSX.IntrinsicElements'.
src/pages/TakeoverPage.tsx(2068,65): error TS2339: Property 'div' does not exist on type 'JSX.IntrinsicElements'.
src/pages/TakeoverPage.tsx(2069,61): error TS2339: Property 'div' does not exist on type 'JSX.IntrinsicElements'.
src/pages/TakeoverPage.tsx(2070,57): error TS2339: Property 'div' does not exist on type 'JSX.IntrinsicElements'.
src/pages/TakeoverPage.tsx(2073,57): error TS2339: Property 'div' does not exist on type 'JSX.IntrinsicElements'.
src/pages/TakeoverPage.tsx(2074,61): error TS2339: Property 'div' does not exist on type 'JSX.IntrinsicElements'.
src/pages/TakeoverPage.tsx(2075,65): error TS2339: Property 'div' does not exist on type 'JSX.IntrinsicElements'.
src/pages/TakeoverPage.tsx(2077,65): error TS2339: Property 'div' does not exist on type 'JSX.IntrinsicElements'.
src/pages/TakeoverPage.tsx(2078,65): error TS2339: Property 'h3' does not exist on type 'JSX.IntrinsicElements'.
src/pages/TakeoverPage.tsx(2078,151): error TS2339: Property 'span' does not exist on type 'JSX.IntrinsicElements'.
src/pages/TakeoverPage.tsx(2078,193): error TS2339: Property 'span' does not exist on type 'JSX.IntrinsicElements'.
src/pages/TakeoverPage.tsx(2078,200): error TS2339: Property 'h3' does not exist on type 'JSX.IntrinsicElements'.
src/pages/TakeoverPage.tsx(2079,61): error TS2339: Property 'div' does not exist on type 'JSX.IntrinsicElements'.
src/pages/TakeoverPage.tsx(2080,61): error TS2339: Property 'div' does not exist on type 'JSX.IntrinsicElements'.
src/pages/TakeoverPage.tsx(2082,69): error TS2339: Property 'div' does not exist on type 'JSX.IntrinsicElements'.
src/pages/TakeoverPage.tsx(2083,73): error TS2339: Property 'div' does not exist on type 'JSX.IntrinsicElements'.
src/pages/TakeoverPage.tsx(2084,77): error TS2339: Property 'div' does not exist on type 'JSX.IntrinsicElements'.
src/pages/TakeoverPage.tsx(2085,77): error TS2339: Property 'span' does not exist on type 'JSX.IntrinsicElements'.
src/pages/TakeoverPage.tsx(2085,167): error TS2339: Property 'span' does not exist on type 'JSX.IntrinsicElements'.
src/pages/TakeoverPage.tsx(2086,73): error TS2339: Property 'div' does not exist on type 'JSX.IntrinsicElements'.
src/pages/TakeoverPage.tsx(2087,69): error TS2339: Property 'div' does not exist on type 'JSX.IntrinsicElements'.
src/pages/TakeoverPage.tsx(2090,69): error TS2339: Property 'p' does not exist on type 'JSX.IntrinsicElements'.
src/pages/TakeoverPage.tsx(2090,189): error TS2339: Property 'p' does not exist on type 'JSX.IntrinsicElements'.
src/pages/TakeoverPage.tsx(2092,61): error TS2339: Property 'div' does not exist on type 'JSX.IntrinsicElements'.
src/pages/TakeoverPage.tsx(2093,57): error TS2339: Property 'div' does not exist on type 'JSX.IntrinsicElements'.
src/pages/TakeoverPage.tsx(2096,57): error TS2339: Property 'div' does not exist on type 'JSX.IntrinsicElements'.
src/pages/TakeoverPage.tsx(2097,61): error TS2339: Property 'div' does not exist on type 'JSX.IntrinsicElements'.
src/pages/TakeoverPage.tsx(2098,65): error TS2339: Property 'div' does not exist on type 'JSX.IntrinsicElements'.
src/pages/TakeoverPage.tsx(2100,65): error TS2339: Property 'div' does not exist on type 'JSX.IntrinsicElements'.
src/pages/TakeoverPage.tsx(2101,65): error TS2339: Property 'h3' does not exist on type 'JSX.IntrinsicElements'.
src/pages/TakeoverPage.tsx(2101,155): error TS2339: Property 'span' does not exist on type 'JSX.IntrinsicElements'.
src/pages/TakeoverPage.tsx(2101,195): error TS2339: Property 'span' does not exist on type 'JSX.IntrinsicElements'.
src/pages/TakeoverPage.tsx(2101,202): error TS2339: Property 'h3' does not exist on type 'JSX.IntrinsicElements'.
src/pages/TakeoverPage.tsx(2102,61): error TS2339: Property 'div' does not exist on type 'JSX.IntrinsicElements'.
src/pages/TakeoverPage.tsx(2104,61): error TS2339: Property 'div' does not exist on type 'JSX.IntrinsicElements'.
src/pages/TakeoverPage.tsx(2105,65): error TS2339: Property 'div' does not exist on type 'JSX.IntrinsicElements'.
src/pages/TakeoverPage.tsx(2106,69): error TS2339: Property 'div' does not exist on type 'JSX.IntrinsicElements'.
src/pages/TakeoverPage.tsx(2107,73): error TS2339: Property 'p' does not exist on type 'JSX.IntrinsicElements'.
src/pages/TakeoverPage.tsx(2109,73): error TS2339: Property 'p' does not exist on type 'JSX.IntrinsicElements'.
src/pages/TakeoverPage.tsx(2110,73): error TS2339: Property 'p' does not exist on type 'JSX.IntrinsicElements'.
src/pages/TakeoverPage.tsx(2110,182): error TS2339: Property 'p' does not exist on type 'JSX.IntrinsicElements'.
src/pages/TakeoverPage.tsx(2111,69): error TS2339: Property 'div' does not exist on type 'JSX.IntrinsicElements'.
src/pages/TakeoverPage.tsx(2112,69): error TS2339: Property 'button' does not exist on type 'JSX.IntrinsicElements'.
src/pages/TakeoverPage.tsx(2116,73): error TS2339: Property 'div' does not exist on type 'JSX.IntrinsicElements'.
src/pages/TakeoverPage.tsx(2117,69): error TS2339: Property 'button' does not exist on type 'JSX.IntrinsicElements'.
src/pages/TakeoverPage.tsx(2118,65): error TS2339: Property 'div' does not exist on type 'JSX.IntrinsicElements'.
src/pages/TakeoverPage.tsx(2120,65): error TS2339: Property 'div' does not exist on type 'JSX.IntrinsicElements'.
src/pages/TakeoverPage.tsx(2121,69): error TS2339: Property 'p' does not exist on type 'JSX.IntrinsicElements'.
src/pages/TakeoverPage.tsx(2123,69): error TS2339: Property 'p' does not exist on type 'JSX.IntrinsicElements'.
src/pages/TakeoverPage.tsx(2124,69): error TS2339: Property 'div' does not exist on type 'JSX.IntrinsicElements'.
src/pages/TakeoverPage.tsx(2125,73): error TS2339: Property 'span' does not exist on type 'JSX.IntrinsicElements'.
src/pages/TakeoverPage.tsx(2125,178): error TS2339: Property 'span' does not exist on type 'JSX.IntrinsicElements'.
src/pages/TakeoverPage.tsx(2126,73): error TS2339: Property 'span' does not exist on type 'JSX.IntrinsicElements'.
src/pages/TakeoverPage.tsx(2126,220): error TS2339: Property 'span' does not exist on type 'JSX.IntrinsicElements'.
src/pages/TakeoverPage.tsx(2127,69): error TS2339: Property 'div' does not exist on type 'JSX.IntrinsicElements'.
src/pages/TakeoverPage.tsx(2128,65): error TS2339: Property 'div' does not exist on type 'JSX.IntrinsicElements'.
src/pages/TakeoverPage.tsx(2129,61): error TS2339: Property 'div' does not exist on type 'JSX.IntrinsicElements'.
src/pages/TakeoverPage.tsx(2130,57): error TS2339: Property 'div' does not exist on type 'JSX.IntrinsicElements'.
src/pages/TakeoverPage.tsx(2133,57): error TS2339: Property 'div' does not exist on type 'JSX.IntrinsicElements'.
src/pages/TakeoverPage.tsx(2134,61): error TS2339: Property 'div' does not exist on type 'JSX.IntrinsicElements'.
src/pages/TakeoverPage.tsx(2135,65): error TS2339: Property 'div' does not exist on type 'JSX.IntrinsicElements'.
src/pages/TakeoverPage.tsx(2137,65): error TS2339: Property 'div' does not exist on type 'JSX.IntrinsicElements'.
src/pages/TakeoverPage.tsx(2138,65): error TS2339: Property 'h3' does not exist on type 'JSX.IntrinsicElements'.
src/pages/TakeoverPage.tsx(2138,153): error TS2339: Property 'span' does not exist on type 'JSX.IntrinsicElements'.
src/pages/TakeoverPage.tsx(2138,192): error TS2339: Property 'span' does not exist on type 'JSX.IntrinsicElements'.
src/pages/TakeoverPage.tsx(2138,199): error TS2339: Property 'h3' does not exist on type 'JSX.IntrinsicElements'.
src/pages/TakeoverPage.tsx(2139,61): error TS2339: Property 'div' does not exist on type 'JSX.IntrinsicElements'.
src/pages/TakeoverPage.tsx(2141,61): error TS2339: Property 'div' does not exist on type 'JSX.IntrinsicElements'.
src/pages/TakeoverPage.tsx(2142,65): error TS2339: Property 'div' does not exist on type 'JSX.IntrinsicElements'.
src/pages/TakeoverPage.tsx(2143,69): error TS2339: Property 'label' does not exist on type 'JSX.IntrinsicElements'.
src/pages/TakeoverPage.tsx(2143,163): error TS2339: Property 'label' does not exist on type 'JSX.IntrinsicElements'.
src/pages/TakeoverPage.tsx(2144,69): error TS2339: Property 'input' does not exist on type 'JSX.IntrinsicElements'.
src/pages/TakeoverPage.tsx(2145,65): error TS2339: Property 'div' does not exist on type 'JSX.IntrinsicElements'.
src/pages/TakeoverPage.tsx(2146,65): error TS2339: Property 'div' does not exist on type 'JSX.IntrinsicElements'.
src/pages/TakeoverPage.tsx(2147,69): error TS2339: Property 'div' does not exist on type 'JSX.IntrinsicElements'.
src/pages/TakeoverPage.tsx(2149,77): error TS2339: Property 'input' does not exist on type 'JSX.IntrinsicElements'.
src/pages/TakeoverPage.tsx(2155,69): error TS2339: Property 'div' does not exist on type 'JSX.IntrinsicElements'.
src/pages/TakeoverPage.tsx(2157,73): error TS2339: Property 'button' does not exist on type 'JSX.IntrinsicElements'.
src/pages/TakeoverPage.tsx(2162,73): error TS2339: Property 'button' does not exist on type 'JSX.IntrinsicElements'.
src/pages/TakeoverPage.tsx(2164,65): error TS2339: Property 'div' does not exist on type 'JSX.IntrinsicElements'.
src/pages/TakeoverPage.tsx(2166,65): error TS2339: Property 'div' does not exist on type 'JSX.IntrinsicElements'.
src/pages/TakeoverPage.tsx(2167,69): error TS2339: Property 'button' does not exist on type 'JSX.IntrinsicElements'.
src/pages/TakeoverPage.tsx(2167,318): error TS2339: Property 'button' does not exist on type 'JSX.IntrinsicElements'.
src/pages/TakeoverPage.tsx(2169,73): error TS2339: Property 'button' does not exist on type 'JSX.IntrinsicElements'.
src/pages/TakeoverPage.tsx(2169,287): error TS2339: Property 'button' does not exist on type 'JSX.IntrinsicElements'.
src/pages/TakeoverPage.tsx(2171,65): error TS2339: Property 'div' does not exist on type 'JSX.IntrinsicElements'.
src/pages/TakeoverPage.tsx(2172,61): error TS2339: Property 'div' does not exist on type 'JSX.IntrinsicElements'.
src/pages/TakeoverPage.tsx(2173,57): error TS2339: Property 'div' does not exist on type 'JSX.IntrinsicElements'.
src/pages/TakeoverPage.tsx(2174,53): error TS2339: Property 'div' does not exist on type 'JSX.IntrinsicElements'.
src/pages/TakeoverPage.tsx(2177,53): error TS2339: Property 'div' does not exist on type 'JSX.IntrinsicElements'.
src/pages/TakeoverPage.tsx(2178,57): error TS2339: Property 'div' does not exist on type 'JSX.IntrinsicElements'.
src/pages/TakeoverPage.tsx(2179,61): error TS2339: Property 'div' does not exist on type 'JSX.IntrinsicElements'.
src/pages/TakeoverPage.tsx(2181,61): error TS2339: Property 'div' does not exist on type 'JSX.IntrinsicElements'.
src/pages/TakeoverPage.tsx(2182,61): error TS2339: Property 'h3' does not exist on type 'JSX.IntrinsicElements'.
src/pages/TakeoverPage.tsx(2182,151): error TS2339: Property 'span' does not exist on type 'JSX.IntrinsicElements'.
src/pages/TakeoverPage.tsx(2182,188): error TS2339: Property 'span' does not exist on type 'JSX.IntrinsicElements'.
src/pages/TakeoverPage.tsx(2182,195): error TS2339: Property 'h3' does not exist on type 'JSX.IntrinsicElements'.
src/pages/TakeoverPage.tsx(2183,57): error TS2339: Property 'div' does not exist on type 'JSX.IntrinsicElements'.
src/pages/TakeoverPage.tsx(2184,57): error TS2339: Property 'div' does not exist on type 'JSX.IntrinsicElements'.
src/pages/TakeoverPage.tsx(2185,61): error TS2339: Property 'div' does not exist on type 'JSX.IntrinsicElements'.
src/pages/TakeoverPage.tsx(2186,65): error TS2339: Property 'label' does not exist on type 'JSX.IntrinsicElements'.
src/pages/TakeoverPage.tsx(2186,168): error TS2339: Property 'label' does not exist on type 'JSX.IntrinsicElements'.
src/pages/TakeoverPage.tsx(2187,65): error TS2339: Property 'div' does not exist on type 'JSX.IntrinsicElements'.
src/pages/TakeoverPage.tsx(2188,69): error TS2339: Property 'input' does not exist on type 'JSX.IntrinsicElements'.
src/pages/TakeoverPage.tsx(2189,69): error TS2339: Property 'span' does not exist on type 'JSX.IntrinsicElements'.
src/pages/TakeoverPage.tsx(2189,138): error TS2339: Property 'span' does not exist on type 'JSX.IntrinsicElements'.
src/pages/TakeoverPage.tsx(2190,65): error TS2339: Property 'div' does not exist on type 'JSX.IntrinsicElements'.
src/pages/TakeoverPage.tsx(2191,61): error TS2339: Property 'div' does not exist on type 'JSX.IntrinsicElements'.
src/pages/TakeoverPage.tsx(2192,61): error TS2339: Property 'div' does not exist on type 'JSX.IntrinsicElements'.
src/pages/TakeoverPage.tsx(2193,65): error TS2339: Property 'label' does not exist on type 'JSX.IntrinsicElements'.
src/pages/TakeoverPage.tsx(2193,162): error TS2339: Property 'label' does not exist on type 'JSX.IntrinsicElements'.
src/pages/TakeoverPage.tsx(2194,65): error TS2339: Property 'div' does not exist on type 'JSX.IntrinsicElements'.
src/pages/TakeoverPage.tsx(2195,69): error TS2339: Property 'div' does not exist on type 'JSX.IntrinsicElements'.
src/pages/TakeoverPage.tsx(2196,73): error TS2339: Property 'input' does not exist on type 'JSX.IntrinsicElements'.
src/pages/TakeoverPage.tsx(2205,73): error TS2339: Property 'div' does not exist on type 'JSX.IntrinsicElements'.
src/pages/TakeoverPage.tsx(2205,320): error TS2339: Property 'div' does not exist on type 'JSX.IntrinsicElements'.
src/pages/TakeoverPage.tsx(2206,69): error TS2339: Property 'div' does not exist on type 'JSX.IntrinsicElements'.
src/pages/TakeoverPage.tsx(2207,69): error TS2339: Property 'div' does not exist on type 'JSX.IntrinsicElements'.
src/pages/TakeoverPage.tsx(2208,73): error TS2339: Property 'input' does not exist on type 'JSX.IntrinsicElements'.
src/pages/TakeoverPage.tsx(2215,73): error TS2339: Property 'button' does not exist on type 'JSX.IntrinsicElements'.
src/pages/TakeoverPage.tsx(2220,73): error TS2339: Property 'button' does not exist on type 'JSX.IntrinsicElements'.
src/pages/TakeoverPage.tsx(2221,69): error TS2339: Property 'div' does not exist on type 'JSX.IntrinsicElements'.
src/pages/TakeoverPage.tsx(2222,65): error TS2339: Property 'div' does not exist on type 'JSX.IntrinsicElements'.
src/pages/TakeoverPage.tsx(2223,61): error TS2339: Property 'div' does not exist on type 'JSX.IntrinsicElements'.
src/pages/TakeoverPage.tsx(2224,57): error TS2339: Property 'div' does not exist on type 'JSX.IntrinsicElements'.
src/pages/TakeoverPage.tsx(2225,53): error TS2339: Property 'div' does not exist on type 'JSX.IntrinsicElements'.
src/pages/TakeoverPage.tsx(2226,49): error TS2339: Property 'div' does not exist on type 'JSX.IntrinsicElements'.
src/pages/TakeoverPage.tsx(2229,49): error TS2339: Property 'div' does not exist on type 'JSX.IntrinsicElements'.
src/pages/TakeoverPage.tsx(2230,53): error TS2339: Property 'div' does not exist on type 'JSX.IntrinsicElements'.
src/pages/TakeoverPage.tsx(2231,57): error TS2339: Property 'div' does not exist on type 'JSX.IntrinsicElements'.
src/pages/TakeoverPage.tsx(2232,61): error TS2339: Property 'label' does not exist on type 'JSX.IntrinsicElements'.
src/pages/TakeoverPage.tsx(2234,61): error TS2339: Property 'label' does not exist on type 'JSX.IntrinsicElements'.
src/pages/TakeoverPage.tsx(2235,57): error TS2339: Property 'div' does not exist on type 'JSX.IntrinsicElements'.
src/pages/TakeoverPage.tsx(2236,57): error TS2339: Property 'div' does not exist on type 'JSX.IntrinsicElements'.
src/pages/TakeoverPage.tsx(2237,61): error TS2339: Property 'div' does not exist on type 'JSX.IntrinsicElements'.
src/pages/TakeoverPage.tsx(2238,65): error TS2339: Property 'input' does not exist on type 'JSX.IntrinsicElements'.
src/pages/TakeoverPage.tsx(2239,65): error TS2339: Property 'span' does not exist on type 'JSX.IntrinsicElements'.
src/pages/TakeoverPage.tsx(2239,134): error TS2339: Property 'span' does not exist on type 'JSX.IntrinsicElements'.
src/pages/TakeoverPage.tsx(2240,65): error TS2339: Property 'input' does not exist on type 'JSX.IntrinsicElements'.
src/pages/TakeoverPage.tsx(2241,61): error TS2339: Property 'div' does not exist on type 'JSX.IntrinsicElements'.
src/pages/TakeoverPage.tsx(2242,61): error TS2339: Property 'input' does not exist on type 'JSX.IntrinsicElements'.
src/pages/TakeoverPage.tsx(2243,61): error TS2339: Property 'select' does not exist on type 'JSX.IntrinsicElements'.
src/pages/TakeoverPage.tsx(2244,65): error TS2339: Property 'option' does not exist on type 'JSX.IntrinsicElements'.
src/pages/TakeoverPage.tsx(2244,112): error TS2339: Property 'option' does not exist on type 'JSX.IntrinsicElements'.
src/pages/TakeoverPage.tsx(2245,65): error TS2339: Property 'option' does not exist on type 'JSX.IntrinsicElements'.
src/pages/TakeoverPage.tsx(2245,110): error TS2339: Property 'option' does not exist on type 'JSX.IntrinsicElements'.
src/pages/TakeoverPage.tsx(2246,80): error TS2339: Property 'option' does not exist on type 'JSX.IntrinsicElements'.
src/pages/TakeoverPage.tsx(2246,119): error TS2339: Property 'option' does not exist on type 'JSX.IntrinsicElements'.
src/pages/TakeoverPage.tsx(2247,80): error TS2339: Property 'option' does not exist on type 'JSX.IntrinsicElements'.
src/pages/TakeoverPage.tsx(2247,119): error TS2339: Property 'option' does not exist on type 'JSX.IntrinsicElements'.
src/pages/TakeoverPage.tsx(2248,80): error TS2339: Property 'option' does not exist on type 'JSX.IntrinsicElements'.
src/pages/TakeoverPage.tsx(2248,119): error TS2339: Property 'option' does not exist on type 'JSX.IntrinsicElements'.
src/pages/TakeoverPage.tsx(2249,80): error TS2339: Property 'option' does not exist on type 'JSX.IntrinsicElements'.
src/pages/TakeoverPage.tsx(2249,119): error TS2339: Property 'option' does not exist on type 'JSX.IntrinsicElements'.
src/pages/TakeoverPage.tsx(2250,61): error TS2339: Property 'select' does not exist on type 'JSX.IntrinsicElements'.
src/pages/TakeoverPage.tsx(2251,61): error TS2339: Property 'input' does not exist on type 'JSX.IntrinsicElements'.
src/pages/TakeoverPage.tsx(2252,61): error TS2339: Property 'button' does not exist on type 'JSX.IntrinsicElements'.
src/pages/TakeoverPage.tsx(2252,321): error TS2339: Property 'button' does not exist on type 'JSX.IntrinsicElements'.
src/pages/TakeoverPage.tsx(2253,57): error TS2339: Property 'div' does not exist on type 'JSX.IntrinsicElements'.
src/pages/TakeoverPage.tsx(2257,61): error TS2339: Property 'div' does not exist on type 'JSX.IntrinsicElements'.
src/pages/TakeoverPage.tsx(2258,65): error TS2339: Property 'table' does not exist on type 'JSX.IntrinsicElements'.
src/pages/TakeoverPage.tsx(2259,69): error TS2339: Property 'thead' does not exist on type 'JSX.IntrinsicElements'.
src/pages/TakeoverPage.tsx(2260,73): error TS2339: Property 'tr' does not exist on type 'JSX.IntrinsicElements'.
src/pages/TakeoverPage.tsx(2261,77): error TS2339: Property 'th' does not exist on type 'JSX.IntrinsicElements'.
src/pages/TakeoverPage.tsx(2261,198): error TS2339: Property 'th' does not exist on type 'JSX.IntrinsicElements'.
src/pages/TakeoverPage.tsx(2262,77): error TS2339: Property 'th' does not exist on type 'JSX.IntrinsicElements'.
src/pages/TakeoverPage.tsx(2262,200): error TS2339: Property 'th' does not exist on type 'JSX.IntrinsicElements'.
src/pages/TakeoverPage.tsx(2263,77): error TS2339: Property 'th' does not exist on type 'JSX.IntrinsicElements'.
src/pages/TakeoverPage.tsx(2263,198): error TS2339: Property 'th' does not exist on type 'JSX.IntrinsicElements'.
src/pages/TakeoverPage.tsx(2264,77): error TS2339: Property 'th' does not exist on type 'JSX.IntrinsicElements'.
src/pages/TakeoverPage.tsx(2264,202): error TS2339: Property 'th' does not exist on type 'JSX.IntrinsicElements'.
src/pages/TakeoverPage.tsx(2265,77): error TS2339: Property 'th' does not exist on type 'JSX.IntrinsicElements'.
src/pages/TakeoverPage.tsx(2265,130): error TS2339: Property 'th' does not exist on type 'JSX.IntrinsicElements'.
src/pages/TakeoverPage.tsx(2266,73): error TS2339: Property 'tr' does not exist on type 'JSX.IntrinsicElements'.
src/pages/TakeoverPage.tsx(2267,69): error TS2339: Property 'thead' does not exist on type 'JSX.IntrinsicElements'.
src/pages/TakeoverPage.tsx(2268,69): error TS2339: Property 'tbody' does not exist on type 'JSX.IntrinsicElements'.
src/pages/TakeoverPage.tsx(2278,81): error TS2339: Property 'tr' does not exist on type 'JSX.IntrinsicElements'.
src/pages/TakeoverPage.tsx(2279,85): error TS2339: Property 'td' does not exist on type 'JSX.IntrinsicElements'.
src/pages/TakeoverPage.tsx(2279,215): error TS2339: Property 'td' does not exist on type 'JSX.IntrinsicElements'.
src/pages/TakeoverPage.tsx(2280,85): error TS2339: Property 'td' does not exist on type 'JSX.IntrinsicElements'.
src/pages/TakeoverPage.tsx(2281,89): error TS2339: Property 'button' does not exist on type 'JSX.IntrinsicElements'.
src/pages/TakeoverPage.tsx(2283,89): error TS2339: Property 'button' does not exist on type 'JSX.IntrinsicElements'.
src/pages/TakeoverPage.tsx(2284,85): error TS2339: Property 'td' does not exist on type 'JSX.IntrinsicElements'.
src/pages/TakeoverPage.tsx(2285,81): error TS2339: Property 'tr' does not exist on type 'JSX.IntrinsicElements'.
src/pages/TakeoverPage.tsx(2324,81): error TS2339: Property 'tr' does not exist on type 'JSX.IntrinsicElements'.
src/pages/TakeoverPage.tsx(2325,85): error TS2339: Property 'td' does not exist on type 'JSX.IntrinsicElements'.
src/pages/TakeoverPage.tsx(2325,181): error TS2339: Property 'td' does not exist on type 'JSX.IntrinsicElements'.
src/pages/TakeoverPage.tsx(2326,85): error TS2339: Property 'td' does not exist on type 'JSX.IntrinsicElements'.
src/pages/TakeoverPage.tsx(2326,211): error TS2339: Property 'td' does not exist on type 'JSX.IntrinsicElements'.
src/pages/TakeoverPage.tsx(2327,85): error TS2339: Property 'td' does not exist on type 'JSX.IntrinsicElements'.
src/pages/TakeoverPage.tsx(2328,99): error TS2339: Property 'span' does not exist on type 'JSX.IntrinsicElements'.
src/pages/TakeoverPage.tsx(2328,225): error TS2339: Property 'span' does not exist on type 'JSX.IntrinsicElements'.
src/pages/TakeoverPage.tsx(2329,85): error TS2339: Property 'td' does not exist on type 'JSX.IntrinsicElements'.
src/pages/TakeoverPage.tsx(2330,85): error TS2339: Property 'td' does not exist on type 'JSX.IntrinsicElements'.
src/pages/TakeoverPage.tsx(2333,99): error TS2339: Property 'a' does not exist on type 'JSX.IntrinsicElements'.
src/pages/TakeoverPage.tsx(2333,361): error TS2339: Property 'a' does not exist on type 'JSX.IntrinsicElements'.
src/pages/TakeoverPage.tsx(2334,99): error TS2339: Property 'span' does not exist on type 'JSX.IntrinsicElements'.
src/pages/TakeoverPage.tsx(2334,202): error TS2339: Property 'span' does not exist on type 'JSX.IntrinsicElements'.
src/pages/TakeoverPage.tsx(2336,85): error TS2339: Property 'td' does not exist on type 'JSX.IntrinsicElements'.
src/pages/TakeoverPage.tsx(2337,85): error TS2339: Property 'td' does not exist on type 'JSX.IntrinsicElements'.
src/pages/TakeoverPage.tsx(2338,89): error TS2339: Property 'button' does not exist on type 'JSX.IntrinsicElements'.
src/pages/TakeoverPage.tsx(2340,89): error TS2339: Property 'button' does not exist on type 'JSX.IntrinsicElements'.
src/pages/TakeoverPage.tsx(2341,89): error TS2339: Property 'button' does not exist on type 'JSX.IntrinsicElements'.
src/pages/TakeoverPage.tsx(2343,89): error TS2339: Property 'button' does not exist on type 'JSX.IntrinsicElements'.
src/pages/TakeoverPage.tsx(2344,85): error TS2339: Property 'td' does not exist on type 'JSX.IntrinsicElements'.
src/pages/TakeoverPage.tsx(2345,81): error TS2339: Property 'tr' does not exist on type 'JSX.IntrinsicElements'.
src/pages/TakeoverPage.tsx(2348,69): error TS2339: Property 'tbody' does not exist on type 'JSX.IntrinsicElements'.
src/pages/TakeoverPage.tsx(2349,65): error TS2339: Property 'table' does not exist on type 'JSX.IntrinsicElements'.
src/pages/TakeoverPage.tsx(2350,61): error TS2339: Property 'div' does not exist on type 'JSX.IntrinsicElements'.
src/pages/TakeoverPage.tsx(2353,57): error TS2339: Property 'p' does not exist on type 'JSX.IntrinsicElements'.
src/pages/TakeoverPage.tsx(2353,219): error TS2339: Property 'p' does not exist on type 'JSX.IntrinsicElements'.
src/pages/TakeoverPage.tsx(2354,53): error TS2339: Property 'div' does not exist on type 'JSX.IntrinsicElements'.
src/pages/TakeoverPage.tsx(2355,49): error TS2339: Property 'div' does not exist on type 'JSX.IntrinsicElements'.
src/pages/TakeoverPage.tsx(2362,49): error TS2339: Property 'div' does not exist on type 'JSX.IntrinsicElements'.
src/pages/TakeoverPage.tsx(2364,53): error TS2339: Property 'div' does not exist on type 'JSX.IntrinsicElements'.
src/pages/TakeoverPage.tsx(2365,57): error TS2339: Property 'div' does not exist on type 'JSX.IntrinsicElements'.
src/pages/TakeoverPage.tsx(2366,61): error TS2339: Property 'label' does not exist on type 'JSX.IntrinsicElements'.
src/pages/TakeoverPage.tsx(2368,61): error TS2339: Property 'label' does not exist on type 'JSX.IntrinsicElements'.
src/pages/TakeoverPage.tsx(2369,61): error TS2339: Property 'button' does not exist on type 'JSX.IntrinsicElements'.
src/pages/TakeoverPage.tsx(2379,61): error TS2339: Property 'button' does not exist on type 'JSX.IntrinsicElements'.
src/pages/TakeoverPage.tsx(2380,57): error TS2339: Property 'div' does not exist on type 'JSX.IntrinsicElements'.
src/pages/TakeoverPage.tsx(2381,57): error TS2339: Property 'div' does not exist on type 'JSX.IntrinsicElements'.
src/pages/TakeoverPage.tsx(2382,61): error TS2339: Property 'table' does not exist on type 'JSX.IntrinsicElements'.
src/pages/TakeoverPage.tsx(2383,65): error TS2339: Property 'thead' does not exist on type 'JSX.IntrinsicElements'.
src/pages/TakeoverPage.tsx(2384,69): error TS2339: Property 'tr' does not exist on type 'JSX.IntrinsicElements'.
src/pages/TakeoverPage.tsx(2385,73): error TS2339: Property 'th' does not exist on type 'JSX.IntrinsicElements'.
src/pages/TakeoverPage.tsx(2385,195): error TS2339: Property 'th' does not exist on type 'JSX.IntrinsicElements'.
src/pages/TakeoverPage.tsx(2386,73): error TS2339: Property 'th' does not exist on type 'JSX.IntrinsicElements'.
src/pages/TakeoverPage.tsx(2386,198): error TS2339: Property 'th' does not exist on type 'JSX.IntrinsicElements'.
src/pages/TakeoverPage.tsx(2387,73): error TS2339: Property 'th' does not exist on type 'JSX.IntrinsicElements'.
src/pages/TakeoverPage.tsx(2387,204): error TS2339: Property 'th' does not exist on type 'JSX.IntrinsicElements'.
src/pages/TakeoverPage.tsx(2388,69): error TS2339: Property 'tr' does not exist on type 'JSX.IntrinsicElements'.
src/pages/TakeoverPage.tsx(2389,65): error TS2339: Property 'thead' does not exist on type 'JSX.IntrinsicElements'.
src/pages/TakeoverPage.tsx(2390,65): error TS2339: Property 'tbody' does not exist on type 'JSX.IntrinsicElements'.
src/pages/TakeoverPage.tsx(2391,69): error TS2339: Property 'tr' does not exist on type 'JSX.IntrinsicElements'.
src/pages/TakeoverPage.tsx(2392,73): error TS2339: Property 'td' does not exist on type 'JSX.IntrinsicElements'.
src/pages/TakeoverPage.tsx(2392,154): error TS2339: Property 'td' does not exist on type 'JSX.IntrinsicElements'.
src/pages/TakeoverPage.tsx(2393,73): error TS2339: Property 'td' does not exist on type 'JSX.IntrinsicElements'.
src/pages/TakeoverPage.tsx(2393,150): error TS2339: Property 'td' does not exist on type 'JSX.IntrinsicElements'.
src/pages/TakeoverPage.tsx(2394,73): error TS2339: Property 'td' does not exist on type 'JSX.IntrinsicElements'.
src/pages/TakeoverPage.tsx(2395,77): error TS2339: Property 'span' does not exist on type 'JSX.IntrinsicElements'.
src/pages/TakeoverPage.tsx(2395,179): error TS2339: Property 'span' does not exist on type 'JSX.IntrinsicElements'.
src/pages/TakeoverPage.tsx(2396,73): error TS2339: Property 'td' does not exist on type 'JSX.IntrinsicElements'.
src/pages/TakeoverPage.tsx(2397,69): error TS2339: Property 'tr' does not exist on type 'JSX.IntrinsicElements'.
src/pages/TakeoverPage.tsx(2403,77): error TS2339: Property 'tr' does not exist on type 'JSX.IntrinsicElements'.
src/pages/TakeoverPage.tsx(2404,81): error TS2339: Property 'td' does not exist on type 'JSX.IntrinsicElements'.
src/pages/TakeoverPage.tsx(2404,166): error TS2339: Property 'td' does not exist on type 'JSX.IntrinsicElements'.
src/pages/TakeoverPage.tsx(2405,81): error TS2339: Property 'td' does not exist on type 'JSX.IntrinsicElements'.
src/pages/TakeoverPage.tsx(2405,172): error TS2339: Property 'td' does not exist on type 'JSX.IntrinsicElements'.
src/pages/TakeoverPage.tsx(2406,81): error TS2339: Property 'td' does not exist on type 'JSX.IntrinsicElements'.
src/pages/TakeoverPage.tsx(2407,85): error TS2339: Property 'div' does not exist on type 'JSX.IntrinsicElements'.
src/pages/TakeoverPage.tsx(2408,89): error TS2339: Property 'button' does not exist on type 'JSX.IntrinsicElements'.
src/pages/TakeoverPage.tsx(2418,89): error TS2339: Property 'button' does not exist on type 'JSX.IntrinsicElements'.
src/pages/TakeoverPage.tsx(2419,89): error TS2339: Property 'button' does not exist on type 'JSX.IntrinsicElements'.
src/pages/TakeoverPage.tsx(2425,89): error TS2339: Property 'button' does not exist on type 'JSX.IntrinsicElements'.
src/pages/TakeoverPage.tsx(2426,85): error TS2339: Property 'div' does not exist on type 'JSX.IntrinsicElements'.
src/pages/TakeoverPage.tsx(2427,81): error TS2339: Property 'td' does not exist on type 'JSX.IntrinsicElements'.
src/pages/TakeoverPage.tsx(2428,77): error TS2339: Property 'tr' does not exist on type 'JSX.IntrinsicElements'.
src/pages/TakeoverPage.tsx(2431,65): error TS2339: Property 'tbody' does not exist on type 'JSX.IntrinsicElements'.
src/pages/TakeoverPage.tsx(2432,61): error TS2339: Property 'table' does not exist on type 'JSX.IntrinsicElements'.
src/pages/TakeoverPage.tsx(2433,57): error TS2339: Property 'div' does not exist on type 'JSX.IntrinsicElements'.
src/pages/TakeoverPage.tsx(2436,57): error TS2339: Property 'div' does not exist on type 'JSX.IntrinsicElements'.
src/pages/TakeoverPage.tsx(2437,61): error TS2339: Property 'div' does not exist on type 'JSX.IntrinsicElements'.
src/pages/TakeoverPage.tsx(2438,65): error TS2339: Property 'label' does not exist on type 'JSX.IntrinsicElements'.
src/pages/TakeoverPage.tsx(2438,211): error TS2339: Property 'label' does not exist on type 'JSX.IntrinsicElements'.
src/pages/TakeoverPage.tsx(2440,69): error TS2339: Property 'button' does not exist on type 'JSX.IntrinsicElements'.
src/pages/TakeoverPage.tsx(2449,69): error TS2339: Property 'button' does not exist on type 'JSX.IntrinsicElements'.
src/pages/TakeoverPage.tsx(2451,61): error TS2339: Property 'div' does not exist on type 'JSX.IntrinsicElements'.
src/pages/TakeoverPage.tsx(2452,61): error TS2339: Property 'div' does not exist on type 'JSX.IntrinsicElements'.
src/pages/TakeoverPage.tsx(2453,65): error TS2339: Property 'div' does not exist on type 'JSX.IntrinsicElements'.
src/pages/TakeoverPage.tsx(2454,69): error TS2339: Property 'div' does not exist on type 'JSX.IntrinsicElements'.
src/pages/TakeoverPage.tsx(2456,73): error TS2339: Property 'input' does not exist on type 'JSX.IntrinsicElements'.
src/pages/TakeoverPage.tsx(2464,69): error TS2339: Property 'div' does not exist on type 'JSX.IntrinsicElements'.
src/pages/TakeoverPage.tsx(2465,65): error TS2339: Property 'div' does not exist on type 'JSX.IntrinsicElements'.
src/pages/TakeoverPage.tsx(2466,65): error TS2339: Property 'div' does not exist on type 'JSX.IntrinsicElements'.
src/pages/TakeoverPage.tsx(2467,69): error TS2339: Property 'input' does not exist on type 'JSX.IntrinsicElements'.
src/pages/TakeoverPage.tsx(2474,69): error TS2339: Property 'button' does not exist on type 'JSX.IntrinsicElements'.
src/pages/TakeoverPage.tsx(2481,69): error TS2339: Property 'button' does not exist on type 'JSX.IntrinsicElements'.
src/pages/TakeoverPage.tsx(2482,65): error TS2339: Property 'div' does not exist on type 'JSX.IntrinsicElements'.
src/pages/TakeoverPage.tsx(2483,61): error TS2339: Property 'div' does not exist on type 'JSX.IntrinsicElements'.
src/pages/TakeoverPage.tsx(2484,57): error TS2339: Property 'div' does not exist on type 'JSX.IntrinsicElements'.
src/pages/TakeoverPage.tsx(2485,57): error TS2339: Property 'p' does not exist on type 'JSX.IntrinsicElements'.
src/pages/TakeoverPage.tsx(2485,212): error TS2339: Property 'p' does not exist on type 'JSX.IntrinsicElements'.
src/pages/TakeoverPage.tsx(2488,61): error TS2339: Property 'div' does not exist on type 'JSX.IntrinsicElements'.
src/pages/TakeoverPage.tsx(2489,65): error TS2339: Property 'h4' does not exist on type 'JSX.IntrinsicElements'.
src/pages/TakeoverPage.tsx(2489,190): error TS2339: Property 'span' does not exist on type 'JSX.IntrinsicElements'.
src/pages/TakeoverPage.tsx(2489,229): error TS2339: Property 'span' does not exist on type 'JSX.IntrinsicElements'.
src/pages/TakeoverPage.tsx(2489,236): error TS2339: Property 'h4' does not exist on type 'JSX.IntrinsicElements'.
src/pages/TakeoverPage.tsx(2490,65): error TS2339: Property 'div' does not exist on type 'JSX.IntrinsicElements'.
src/pages/TakeoverPage.tsx(2492,73): error TS2339: Property 'span' does not exist on type 'JSX.IntrinsicElements'.
src/pages/TakeoverPage.tsx(2494,73): error TS2339: Property 'span' does not exist on type 'JSX.IntrinsicElements'.
src/pages/TakeoverPage.tsx(2496,65): error TS2339: Property 'div' does not exist on type 'JSX.IntrinsicElements'.
src/pages/TakeoverPage.tsx(2497,61): error TS2339: Property 'div' does not exist on type 'JSX.IntrinsicElements'.
src/pages/TakeoverPage.tsx(2499,53): error TS2339: Property 'div' does not exist on type 'JSX.IntrinsicElements'.
src/pages/TakeoverPage.tsx(2502,53): error TS2339: Property 'div' does not exist on type 'JSX.IntrinsicElements'.
src/pages/TakeoverPage.tsx(2503,57): error TS2339: Property 'div' does not exist on type 'JSX.IntrinsicElements'.
src/pages/TakeoverPage.tsx(2504,61): error TS2339: Property 'div' does not exist on type 'JSX.IntrinsicElements'.
src/pages/TakeoverPage.tsx(2506,61): error TS2339: Property 'div' does not exist on type 'JSX.IntrinsicElements'.
src/pages/TakeoverPage.tsx(2507,61): error TS2339: Property 'h3' does not exist on type 'JSX.IntrinsicElements'.
src/pages/TakeoverPage.tsx(2507,151): error TS2339: Property 'span' does not exist on type 'JSX.IntrinsicElements'.
src/pages/TakeoverPage.tsx(2507,187): error TS2339: Property 'span' does not exist on type 'JSX.IntrinsicElements'.
src/pages/TakeoverPage.tsx(2507,194): error TS2339: Property 'h3' does not exist on type 'JSX.IntrinsicElements'.
src/pages/TakeoverPage.tsx(2508,57): error TS2339: Property 'div' does not exist on type 'JSX.IntrinsicElements'.
src/pages/TakeoverPage.tsx(2509,57): error TS2339: Property 'div' does not exist on type 'JSX.IntrinsicElements'.
src/pages/TakeoverPage.tsx(2510,61): error TS2339: Property 'div' does not exist on type 'JSX.IntrinsicElements'.
src/pages/TakeoverPage.tsx(2511,65): error TS2339: Property 'label' does not exist on type 'JSX.IntrinsicElements'.
src/pages/TakeoverPage.tsx(2511,168): error TS2339: Property 'label' does not exist on type 'JSX.IntrinsicElements'.
src/pages/TakeoverPage.tsx(2512,65): error TS2339: Property 'div' does not exist on type 'JSX.IntrinsicElements'.
src/pages/TakeoverPage.tsx(2513,69): error TS2339: Property 'input' does not exist on type 'JSX.IntrinsicElements'.
src/pages/TakeoverPage.tsx(2514,69): error TS2339: Property 'span' does not exist on type 'JSX.IntrinsicElements'.
src/pages/TakeoverPage.tsx(2514,136): error TS2339: Property 'span' does not exist on type 'JSX.IntrinsicElements'.
src/pages/TakeoverPage.tsx(2515,65): error TS2339: Property 'div' does not exist on type 'JSX.IntrinsicElements'.
src/pages/TakeoverPage.tsx(2516,61): error TS2339: Property 'div' does not exist on type 'JSX.IntrinsicElements'.
src/pages/TakeoverPage.tsx(2517,61): error TS2339: Property 'div' does not exist on type 'JSX.IntrinsicElements'.
src/pages/TakeoverPage.tsx(2518,65): error TS2339: Property 'label' does not exist on type 'JSX.IntrinsicElements'.
src/pages/TakeoverPage.tsx(2518,162): error TS2339: Property 'label' does not exist on type 'JSX.IntrinsicElements'.
src/pages/TakeoverPage.tsx(2519,65): error TS2339: Property 'div' does not exist on type 'JSX.IntrinsicElements'.
src/pages/TakeoverPage.tsx(2520,69): error TS2339: Property 'div' does not exist on type 'JSX.IntrinsicElements'.
src/pages/TakeoverPage.tsx(2521,73): error TS2339: Property 'input' does not exist on type 'JSX.IntrinsicElements'.
src/pages/TakeoverPage.tsx(2530,73): error TS2339: Property 'div' does not exist on type 'JSX.IntrinsicElements'.
src/pages/TakeoverPage.tsx(2530,320): error TS2339: Property 'div' does not exist on type 'JSX.IntrinsicElements'.
src/pages/TakeoverPage.tsx(2531,69): error TS2339: Property 'div' does not exist on type 'JSX.IntrinsicElements'.
src/pages/TakeoverPage.tsx(2532,69): error TS2339: Property 'div' does not exist on type 'JSX.IntrinsicElements'.
src/pages/TakeoverPage.tsx(2533,73): error TS2339: Property 'input' does not exist on type 'JSX.IntrinsicElements'.
src/pages/TakeoverPage.tsx(2540,73): error TS2339: Property 'button' does not exist on type 'JSX.IntrinsicElements'.
src/pages/TakeoverPage.tsx(2545,73): error TS2339: Property 'button' does not exist on type 'JSX.IntrinsicElements'.
src/pages/TakeoverPage.tsx(2546,69): error TS2339: Property 'div' does not exist on type 'JSX.IntrinsicElements'.
src/pages/TakeoverPage.tsx(2547,65): error TS2339: Property 'div' does not exist on type 'JSX.IntrinsicElements'.
src/pages/TakeoverPage.tsx(2548,61): error TS2339: Property 'div' does not exist on type 'JSX.IntrinsicElements'.
src/pages/TakeoverPage.tsx(2549,57): error TS2339: Property 'div' does not exist on type 'JSX.IntrinsicElements'.
src/pages/TakeoverPage.tsx(2550,53): error TS2339: Property 'div' does not exist on type 'JSX.IntrinsicElements'.
src/pages/TakeoverPage.tsx(2553,53): error TS2339: Property 'div' does not exist on type 'JSX.IntrinsicElements'.
src/pages/TakeoverPage.tsx(2554,57): error TS2339: Property 'label' does not exist on type 'JSX.IntrinsicElements'.
src/pages/TakeoverPage.tsx(2556,57): error TS2339: Property 'label' does not exist on type 'JSX.IntrinsicElements'.
src/pages/TakeoverPage.tsx(2558,57): error TS2339: Property 'div' does not exist on type 'JSX.IntrinsicElements'.
src/pages/TakeoverPage.tsx(2559,61): error TS2339: Property 'div' does not exist on type 'JSX.IntrinsicElements'.
src/pages/TakeoverPage.tsx(2560,65): error TS2339: Property 'p' does not exist on type 'JSX.IntrinsicElements'.
src/pages/TakeoverPage.tsx(2560,161): error TS2339: Property 'p' does not exist on type 'JSX.IntrinsicElements'.
src/pages/TakeoverPage.tsx(2561,65): error TS2339: Property 'textarea' does not exist on type 'JSX.IntrinsicElements'.
src/pages/TakeoverPage.tsx(2567,61): error TS2339: Property 'div' does not exist on type 'JSX.IntrinsicElements'.
src/pages/TakeoverPage.tsx(2569,61): error TS2339: Property 'div' does not exist on type 'JSX.IntrinsicElements'.
src/pages/TakeoverPage.tsx(2570,65): error TS2339: Property 'div' does not exist on type 'JSX.IntrinsicElements'.
src/pages/TakeoverPage.tsx(2571,69): error TS2339: Property 'p' does not exist on type 'JSX.IntrinsicElements'.
src/pages/TakeoverPage.tsx(2571,165): error TS2339: Property 'p' does not exist on type 'JSX.IntrinsicElements'.
src/pages/TakeoverPage.tsx(2572,69): error TS2339: Property 'p' does not exist on type 'JSX.IntrinsicElements'.
src/pages/TakeoverPage.tsx(2572,188): error TS2339: Property 'p' does not exist on type 'JSX.IntrinsicElements'.
src/pages/TakeoverPage.tsx(2573,65): error TS2339: Property 'div' does not exist on type 'JSX.IntrinsicElements'.
src/pages/TakeoverPage.tsx(2574,65): error TS2339: Property 'div' does not exist on type 'JSX.IntrinsicElements'.
src/pages/TakeoverPage.tsx(2575,69): error TS2339: Property 'input' does not exist on type 'JSX.IntrinsicElements'.
src/pages/TakeoverPage.tsx(2583,65): error TS2339: Property 'div' does not exist on type 'JSX.IntrinsicElements'.
src/pages/TakeoverPage.tsx(2584,61): error TS2339: Property 'div' does not exist on type 'JSX.IntrinsicElements'.
src/pages/TakeoverPage.tsx(2585,57): error TS2339: Property 'div' does not exist on type 'JSX.IntrinsicElements'.
src/pages/TakeoverPage.tsx(2587,57): error TS2339: Property 'p' does not exist on type 'JSX.IntrinsicElements'.
src/pages/TakeoverPage.tsx(2587,255): error TS2339: Property 'p' does not exist on type 'JSX.IntrinsicElements'.
src/pages/TakeoverPage.tsx(2588,53): error TS2339: Property 'div' does not exist on type 'JSX.IntrinsicElements'.
src/pages/TakeoverPage.tsx(2590,49): error TS2339: Property 'div' does not exist on type 'JSX.IntrinsicElements'.
src/pages/TakeoverPage.tsx(2594,49): error TS2339: Property 'div' does not exist on type 'JSX.IntrinsicElements'.
src/pages/TakeoverPage.tsx(2595,53): error TS2339: Property 'div' does not exist on type 'JSX.IntrinsicElements'.
src/pages/TakeoverPage.tsx(2596,57): error TS2339: Property 'div' does not exist on type 'JSX.IntrinsicElements'.
src/pages/TakeoverPage.tsx(2597,61): error TS2339: Property 'div' does not exist on type 'JSX.IntrinsicElements'.
src/pages/TakeoverPage.tsx(2599,61): error TS2339: Property 'div' does not exist on type 'JSX.IntrinsicElements'.
src/pages/TakeoverPage.tsx(2600,61): error TS2339: Property 'h3' does not exist on type 'JSX.IntrinsicElements'.
src/pages/TakeoverPage.tsx(2600,151): error TS2339: Property 'span' does not exist on type 'JSX.IntrinsicElements'.
src/pages/TakeoverPage.tsx(2600,188): error TS2339: Property 'span' does not exist on type 'JSX.IntrinsicElements'.
src/pages/TakeoverPage.tsx(2600,195): error TS2339: Property 'h3' does not exist on type 'JSX.IntrinsicElements'.
src/pages/TakeoverPage.tsx(2601,57): error TS2339: Property 'div' does not exist on type 'JSX.IntrinsicElements'.
src/pages/TakeoverPage.tsx(2603,57): error TS2339: Property 'div' does not exist on type 'JSX.IntrinsicElements'.
src/pages/TakeoverPage.tsx(2604,61): error TS2339: Property 'p' does not exist on type 'JSX.IntrinsicElements'.
src/pages/TakeoverPage.tsx(2604,183): error TS2339: Property 'p' does not exist on type 'JSX.IntrinsicElements'.
src/pages/TakeoverPage.tsx(2606,61): error TS2339: Property 'div' does not exist on type 'JSX.IntrinsicElements'.
src/pages/TakeoverPage.tsx(2610,73): error TS2339: Property 'button' does not exist on type 'JSX.IntrinsicElements'.
src/pages/TakeoverPage.tsx(2622,77): error TS2339: Property 'div' does not exist on type 'JSX.IntrinsicElements'.
src/pages/TakeoverPage.tsx(2623,81): error TS2339: Property 'div' does not exist on type 'JSX.IntrinsicElements'.
src/pages/TakeoverPage.tsx(2624,103): error TS2339: Property 'img' does not exist on type 'JSX.IntrinsicElements'.
src/pages/TakeoverPage.tsx(2625,81): error TS2339: Property 'div' does not exist on type 'JSX.IntrinsicElements'.
src/pages/TakeoverPage.tsx(2626,81): error TS2339: Property 'div' does not exist on type 'JSX.IntrinsicElements'.
src/pages/TakeoverPage.tsx(2627,85): error TS2339: Property 'p' does not exist on type 'JSX.IntrinsicElements'.
src/pages/TakeoverPage.tsx(2627,123): error TS2339: Property 'p' does not exist on type 'JSX.IntrinsicElements'.
src/pages/TakeoverPage.tsx(2628,85): error TS2339: Property 'p' does not exist on type 'JSX.IntrinsicElements'.
src/pages/TakeoverPage.tsx(2628,169): error TS2339: Property 'p' does not exist on type 'JSX.IntrinsicElements'.
src/pages/TakeoverPage.tsx(2629,81): error TS2339: Property 'div' does not exist on type 'JSX.IntrinsicElements'.
src/pages/TakeoverPage.tsx(2630,77): error TS2339: Property 'div' does not exist on type 'JSX.IntrinsicElements'.
src/pages/TakeoverPage.tsx(2631,73): error TS2339: Property 'button' does not exist on type 'JSX.IntrinsicElements'.
src/pages/TakeoverPage.tsx(2634,61): error TS2339: Property 'div' does not exist on type 'JSX.IntrinsicElements'.
src/pages/TakeoverPage.tsx(2636,61): error TS2339: Property 'div' does not exist on type 'JSX.IntrinsicElements'.
src/pages/TakeoverPage.tsx(2637,65): error TS2339: Property 'span' does not exist on type 'JSX.IntrinsicElements'.
src/pages/TakeoverPage.tsx(2637,197): error TS2339: Property 'span' does not exist on type 'JSX.IntrinsicElements'.
src/pages/TakeoverPage.tsx(2638,65): error TS2339: Property 'button' does not exist on type 'JSX.IntrinsicElements'.
src/pages/TakeoverPage.tsx(2643,65): error TS2339: Property 'button' does not exist on type 'JSX.IntrinsicElements'.
src/pages/TakeoverPage.tsx(2644,61): error TS2339: Property 'div' does not exist on type 'JSX.IntrinsicElements'.
src/pages/TakeoverPage.tsx(2645,57): error TS2339: Property 'div' does not exist on type 'JSX.IntrinsicElements'.
src/pages/TakeoverPage.tsx(2646,53): error TS2339: Property 'div' does not exist on type 'JSX.IntrinsicElements'.
src/pages/TakeoverPage.tsx(2647,49): error TS2339: Property 'div' does not exist on type 'JSX.IntrinsicElements'.
src/pages/TakeoverPage.tsx(2649,41): error TS2339: Property 'div' does not exist on type 'JSX.IntrinsicElements'.
src/pages/TakeoverPage.tsx(2651,41): error TS2339: Property 'div' does not exist on type 'JSX.IntrinsicElements'.
src/pages/TakeoverPage.tsx(2652,45): error TS2339: Property 'button' does not exist on type 'JSX.IntrinsicElements'.
src/pages/TakeoverPage.tsx(2695,45): error TS2339: Property 'button' does not exist on type 'JSX.IntrinsicElements'.
src/pages/TakeoverPage.tsx(2696,45): error TS2339: Property 'button' does not exist on type 'JSX.IntrinsicElements'.
src/pages/TakeoverPage.tsx(2702,45): error TS2339: Property 'button' does not exist on type 'JSX.IntrinsicElements'.
src/pages/TakeoverPage.tsx(2703,41): error TS2339: Property 'div' does not exist on type 'JSX.IntrinsicElements'.
src/pages/TakeoverPage.tsx(2708,21): error TS2339: Property 'div' does not exist on type 'JSX.IntrinsicElements'.
src/pages/TakeoverPage.tsx(2709,17): error TS2339: Property 'div' does not exist on type 'JSX.IntrinsicElements'.
src/pages/TakeoverPage.tsx(2712,17): error TS2339: Property 'div' does not exist on type 'JSX.IntrinsicElements'.
src/pages/TakeoverPage.tsx(2715,25): error TS2339: Property 'div' does not exist on type 'JSX.IntrinsicElements'.
src/pages/TakeoverPage.tsx(2716,29): error TS2339: Property 'div' does not exist on type 'JSX.IntrinsicElements'.
src/pages/TakeoverPage.tsx(2717,33): error TS2339: Property 'div' does not exist on type 'JSX.IntrinsicElements'.
src/pages/TakeoverPage.tsx(2719,33): error TS2339: Property 'div' does not exist on type 'JSX.IntrinsicElements'.
src/pages/TakeoverPage.tsx(2720,33): error TS2339: Property 'div' does not exist on type 'JSX.IntrinsicElements'.
src/pages/TakeoverPage.tsx(2721,37): error TS2339: Property 'h2' does not exist on type 'JSX.IntrinsicElements'.
src/pages/TakeoverPage.tsx(2723,56): error TS2339: Property 'span' does not exist on type 'JSX.IntrinsicElements'.
src/pages/TakeoverPage.tsx(2723,222): error TS2339: Property 'span' does not exist on type 'JSX.IntrinsicElements'.
src/pages/TakeoverPage.tsx(2724,37): error TS2339: Property 'h2' does not exist on type 'JSX.IntrinsicElements'.
src/pages/TakeoverPage.tsx(2725,37): error TS2339: Property 'p' does not exist on type 'JSX.IntrinsicElements'.
src/pages/TakeoverPage.tsx(2726,41): error TS2339: Property 'span' does not exist on type 'JSX.IntrinsicElements'.
src/pages/TakeoverPage.tsx(2728,37): error TS2339: Property 'p' does not exist on type 'JSX.IntrinsicElements'.
src/pages/TakeoverPage.tsx(2729,33): error TS2339: Property 'div' does not exist on type 'JSX.IntrinsicElements'.
src/pages/TakeoverPage.tsx(2730,29): error TS2339: Property 'div' does not exist on type 'JSX.IntrinsicElements'.
src/pages/TakeoverPage.tsx(2732,33): error TS2339: Property 'div' does not exist on type 'JSX.IntrinsicElements'.
src/pages/TakeoverPage.tsx(2733,37): error TS2339: Property 'button' does not exist on type 'JSX.IntrinsicElements'.
src/pages/TakeoverPage.tsx(2739,37): error TS2339: Property 'button' does not exist on type 'JSX.IntrinsicElements'.
src/pages/TakeoverPage.tsx(2740,37): error TS2339: Property 'button' does not exist on type 'JSX.IntrinsicElements'.
src/pages/TakeoverPage.tsx(2746,37): error TS2339: Property 'button' does not exist on type 'JSX.IntrinsicElements'.
src/pages/TakeoverPage.tsx(2747,33): error TS2339: Property 'div' does not exist on type 'JSX.IntrinsicElements'.
src/pages/TakeoverPage.tsx(2750,33): error TS2339: Property 'div' does not exist on type 'JSX.IntrinsicElements'.
src/pages/TakeoverPage.tsx(2751,37): error TS2339: Property 'h3' does not exist on type 'JSX.IntrinsicElements'.
src/pages/TakeoverPage.tsx(2753,37): error TS2339: Property 'h3' does not exist on type 'JSX.IntrinsicElements'.
src/pages/TakeoverPage.tsx(2754,37): error TS2339: Property 'input' does not exist on type 'JSX.IntrinsicElements'.
src/pages/TakeoverPage.tsx(2760,37): error TS2339: Property 'div' does not exist on type 'JSX.IntrinsicElements'.
src/pages/TakeoverPage.tsx(2761,41): error TS2339: Property 'button' does not exist on type 'JSX.IntrinsicElements'.
src/pages/TakeoverPage.tsx(2761,268): error TS2339: Property 'button' does not exist on type 'JSX.IntrinsicElements'.
src/pages/TakeoverPage.tsx(2762,41): error TS2339: Property 'button' does not exist on type 'JSX.IntrinsicElements'.
src/pages/TakeoverPage.tsx(2762,209): error TS2339: Property 'button' does not exist on type 'JSX.IntrinsicElements'.
src/pages/TakeoverPage.tsx(2763,37): error TS2339: Property 'div' does not exist on type 'JSX.IntrinsicElements'.
src/pages/TakeoverPage.tsx(2764,33): error TS2339: Property 'div' does not exist on type 'JSX.IntrinsicElements'.
src/pages/TakeoverPage.tsx(2766,25): error TS2339: Property 'div' does not exist on type 'JSX.IntrinsicElements'.
src/pages/TakeoverPage.tsx(2778,33): error TS2339: Property 'div' does not exist on type 'JSX.IntrinsicElements'.
src/pages/TakeoverPage.tsx(2779,37): error TS2339: Property 'div' does not exist on type 'JSX.IntrinsicElements'.
src/pages/TakeoverPage.tsx(2780,37): error TS2339: Property 'div' does not exist on type 'JSX.IntrinsicElements'.
src/pages/TakeoverPage.tsx(2781,41): error TS2339: Property 'div' does not exist on type 'JSX.IntrinsicElements'.
src/pages/TakeoverPage.tsx(2783,49): error TS2339: Property 'a' does not exist on type 'JSX.IntrinsicElements'.
src/pages/TakeoverPage.tsx(2790,53): error TS2339: Property 'div' does not exist on type 'JSX.IntrinsicElements'.
src/pages/TakeoverPage.tsx(2791,57): error TS2339: Property 'img' does not exist on type 'JSX.IntrinsicElements'.
src/pages/TakeoverPage.tsx(2792,57): error TS2339: Property 'div' does not exist on type 'JSX.IntrinsicElements'.
src/pages/TakeoverPage.tsx(2793,61): error TS2339: Property 'span' does not exist on type 'JSX.IntrinsicElements'.
src/pages/TakeoverPage.tsx(2793,130): error TS2339: Property 'span' does not exist on type 'JSX.IntrinsicElements'.
src/pages/TakeoverPage.tsx(2794,57): error TS2339: Property 'div' does not exist on type 'JSX.IntrinsicElements'.
src/pages/TakeoverPage.tsx(2795,53): error TS2339: Property 'div' does not exist on type 'JSX.IntrinsicElements'.
src/pages/TakeoverPage.tsx(2796,53): error TS2339: Property 'div' does not exist on type 'JSX.IntrinsicElements'.
src/pages/TakeoverPage.tsx(2797,57): error TS2339: Property 'p' does not exist on type 'JSX.IntrinsicElements'.
src/pages/TakeoverPage.tsx(2797,167): error TS2339: Property 'p' does not exist on type 'JSX.IntrinsicElements'.
src/pages/TakeoverPage.tsx(2798,57): error TS2339: Property 'p' does not exist on type 'JSX.IntrinsicElements'.
src/pages/TakeoverPage.tsx(2798,181): error TS2339: Property 'p' does not exist on type 'JSX.IntrinsicElements'.
src/pages/TakeoverPage.tsx(2799,53): error TS2339: Property 'div' does not exist on type 'JSX.IntrinsicElements'.
src/pages/TakeoverPage.tsx(2800,49): error TS2339: Property 'a' does not exist on type 'JSX.IntrinsicElements'.
src/pages/TakeoverPage.tsx(2802,41): error TS2339: Property 'div' does not exist on type 'JSX.IntrinsicElements'.
src/pages/TakeoverPage.tsx(2803,37): error TS2339: Property 'div' does not exist on type 'JSX.IntrinsicElements'.
src/pages/TakeoverPage.tsx(2804,33): error TS2339: Property 'div' does not exist on type 'JSX.IntrinsicElements'.
src/pages/TakeoverPage.tsx(2809,21): error TS2339: Property 'div' does not exist on type 'JSX.IntrinsicElements'.
src/pages/TakeoverPage.tsx(2811,29): error TS2339: Property 'div' does not exist on type 'JSX.IntrinsicElements'.
src/pages/TakeoverPage.tsx(2812,33): error TS2339: Property 'div' does not exist on type 'JSX.IntrinsicElements'.
src/pages/TakeoverPage.tsx(2814,33): error TS2339: Property 'div' does not exist on type 'JSX.IntrinsicElements'.
src/pages/TakeoverPage.tsx(2815,33): error TS2339: Property 'h3' does not exist on type 'JSX.IntrinsicElements'.
src/pages/TakeoverPage.tsx(2815,133): error TS2339: Property 'h3' does not exist on type 'JSX.IntrinsicElements'.
src/pages/TakeoverPage.tsx(2816,33): error TS2339: Property 'p' does not exist on type 'JSX.IntrinsicElements'.
src/pages/TakeoverPage.tsx(2818,33): error TS2339: Property 'p' does not exist on type 'JSX.IntrinsicElements'.
src/pages/TakeoverPage.tsx(2819,33): error TS2339: Property 'button' does not exist on type 'JSX.IntrinsicElements'.
src/pages/TakeoverPage.tsx(2824,33): error TS2339: Property 'button' does not exist on type 'JSX.IntrinsicElements'.
src/pages/TakeoverPage.tsx(2825,29): error TS2339: Property 'div' does not exist on type 'JSX.IntrinsicElements'.
src/pages/TakeoverPage.tsx(2827,29): error TS2339: Property 'div' does not exist on type 'JSX.IntrinsicElements'.
src/pages/TakeoverPage.tsx(2829,33): error TS2339: Property 'div' does not exist on type 'JSX.IntrinsicElements'.
src/pages/TakeoverPage.tsx(2832,41): error TS2339: Property 'div' does not exist on type 'JSX.IntrinsicElements'.
src/pages/TakeoverPage.tsx(2833,45): error TS2339: Property 'div' does not exist on type 'JSX.IntrinsicElements'.
src/pages/TakeoverPage.tsx(2834,45): error TS2339: Property 'div' does not exist on type 'JSX.IntrinsicElements'.
src/pages/TakeoverPage.tsx(2835,49): error TS2339: Property 'div' does not exist on type 'JSX.IntrinsicElements'.
src/pages/TakeoverPage.tsx(2837,49): error TS2339: Property 'div' does not exist on type 'JSX.IntrinsicElements'.
src/pages/TakeoverPage.tsx(2838,49): error TS2339: Property 'div' does not exist on type 'JSX.IntrinsicElements'.
src/pages/TakeoverPage.tsx(2839,53): error TS2339: Property 'p' does not exist on type 'JSX.IntrinsicElements'.
src/pages/TakeoverPage.tsx(2840,66): error TS2339: Property 'span' does not exist on type 'JSX.IntrinsicElements'.
src/pages/TakeoverPage.tsx(2841,53): error TS2339: Property 'p' does not exist on type 'JSX.IntrinsicElements'.
src/pages/TakeoverPage.tsx(2842,53): error TS2339: Property 'div' does not exist on type 'JSX.IntrinsicElements'.
src/pages/TakeoverPage.tsx(2845,65): error TS2339: Property 'a' does not exist on type 'JSX.IntrinsicElements'.
src/pages/TakeoverPage.tsx(2845,189): error TS2339: Property 'a' does not exist on type 'JSX.IntrinsicElements'.
src/pages/TakeoverPage.tsx(2848,53): error TS2339: Property 'div' does not exist on type 'JSX.IntrinsicElements'.
src/pages/TakeoverPage.tsx(2849,49): error TS2339: Property 'div' does not exist on type 'JSX.IntrinsicElements'.
src/pages/TakeoverPage.tsx(2851,53): error TS2339: Property 'button' does not exist on type 'JSX.IntrinsicElements'.
src/pages/TakeoverPage.tsx(2857,53): error TS2339: Property 'button' does not exist on type 'JSX.IntrinsicElements'.
src/pages/TakeoverPage.tsx(2859,45): error TS2339: Property 'div' does not exist on type 'JSX.IntrinsicElements'.
src/pages/TakeoverPage.tsx(2860,41): error TS2339: Property 'div' does not exist on type 'JSX.IntrinsicElements'.
src/pages/TakeoverPage.tsx(2876,49): error TS2339: Property 'div' does not exist on type 'JSX.IntrinsicElements'.
src/pages/TakeoverPage.tsx(2877,53): error TS2339: Property 'div' does not exist on type 'JSX.IntrinsicElements'.
src/pages/TakeoverPage.tsx(2879,53): error TS2339: Property 'div' does not exist on type 'JSX.IntrinsicElements'.
src/pages/TakeoverPage.tsx(2880,53): error TS2339: Property 'span' does not exist on type 'JSX.IntrinsicElements'.
src/pages/TakeoverPage.tsx(2885,53): error TS2339: Property 'span' does not exist on type 'JSX.IntrinsicElements'.
src/pages/TakeoverPage.tsx(2886,68): error TS2339: Property 'span' does not exist on type 'JSX.IntrinsicElements'.
src/pages/TakeoverPage.tsx(2886,250): error TS2339: Property 'span' does not exist on type 'JSX.IntrinsicElements'.
src/pages/TakeoverPage.tsx(2887,53): error TS2339: Property 'span' does not exist on type 'JSX.IntrinsicElements'.
src/pages/TakeoverPage.tsx(2887,134): error TS2339: Property 'span' does not exist on type 'JSX.IntrinsicElements'.
src/pages/TakeoverPage.tsx(2888,49): error TS2339: Property 'div' does not exist on type 'JSX.IntrinsicElements'.
src/pages/TakeoverPage.tsx(2889,49): error TS2339: Property 'div' does not exist on type 'JSX.IntrinsicElements'.
src/pages/TakeoverPage.tsx(2894,53): error TS2339: Property 'span' does not exist on type 'JSX.IntrinsicElements'.
src/pages/TakeoverPage.tsx(2903,73): error TS2339: Property 'a' does not exist on type 'JSX.IntrinsicElements'.
src/pages/TakeoverPage.tsx(2912,73): error TS2339: Property 'a' does not exist on type 'JSX.IntrinsicElements'.
src/pages/TakeoverPage.tsx(2918,53): error TS2339: Property 'span' does not exist on type 'JSX.IntrinsicElements'.
src/pages/TakeoverPage.tsx(2920,57): error TS2339: Property 'div' does not exist on type 'JSX.IntrinsicElements'.
src/pages/TakeoverPage.tsx(2921,61): error TS2339: Property 'button' does not exist on type 'JSX.IntrinsicElements'.
src/pages/TakeoverPage.tsx(2921,285): error TS2339: Property 'button' does not exist on type 'JSX.IntrinsicElements'.
src/pages/TakeoverPage.tsx(2922,61): error TS2339: Property 'button' does not exist on type 'JSX.IntrinsicElements'.
src/pages/TakeoverPage.tsx(2922,262): error TS2339: Property 'button' does not exist on type 'JSX.IntrinsicElements'.
src/pages/TakeoverPage.tsx(2923,57): error TS2339: Property 'div' does not exist on type 'JSX.IntrinsicElements'.
src/pages/TakeoverPage.tsx(2925,49): error TS2339: Property 'div' does not exist on type 'JSX.IntrinsicElements'.
src/pages/TakeoverPage.tsx(2929,33): error TS2339: Property 'div' does not exist on type 'JSX.IntrinsicElements'.
src/pages/TakeoverPage.tsx(2932,33): error TS2339: Property 'div' does not exist on type 'JSX.IntrinsicElements'.
src/pages/TakeoverPage.tsx(2934,41): error TS2339: Property 'div' does not exist on type 'JSX.IntrinsicElements'.
src/pages/TakeoverPage.tsx(2935,45): error TS2339: Property 'h4' does not exist on type 'JSX.IntrinsicElements'.
src/pages/TakeoverPage.tsx(2935,174): error TS2339: Property 'h4' does not exist on type 'JSX.IntrinsicElements'.
src/pages/TakeoverPage.tsx(2936,45): error TS2339: Property 'form' does not exist on type 'JSX.IntrinsicElements'.
src/pages/TakeoverPage.tsx(2937,49): error TS2339: Property 'div' does not exist on type 'JSX.IntrinsicElements'.
src/pages/TakeoverPage.tsx(2938,53): error TS2339: Property 'input' does not exist on type 'JSX.IntrinsicElements'.
src/pages/TakeoverPage.tsx(2946,53): error TS2339: Property 'input' does not exist on type 'JSX.IntrinsicElements'.
src/pages/TakeoverPage.tsx(2954,49): error TS2339: Property 'div' does not exist on type 'JSX.IntrinsicElements'.
src/pages/TakeoverPage.tsx(2955,49): error TS2339: Property 'div' does not exist on type 'JSX.IntrinsicElements'.
src/pages/TakeoverPage.tsx(2956,53): error TS2339: Property 'select' does not exist on type 'JSX.IntrinsicElements'.
src/pages/TakeoverPage.tsx(2962,57): error TS2339: Property 'option' does not exist on type 'JSX.IntrinsicElements'.
src/pages/TakeoverPage.tsx(2962,78): error TS2339: Property 'option' does not exist on type 'JSX.IntrinsicElements'.
src/pages/TakeoverPage.tsx(2963,57): error TS2339: Property 'option' does not exist on type 'JSX.IntrinsicElements'.
src/pages/TakeoverPage.tsx(2963,87): error TS2339: Property 'option' does not exist on type 'JSX.IntrinsicElements'.
src/pages/TakeoverPage.tsx(2964,57): error TS2339: Property 'option' does not exist on type 'JSX.IntrinsicElements'.
src/pages/TakeoverPage.tsx(2964,89): error TS2339: Property 'option' does not exist on type 'JSX.IntrinsicElements'.
src/pages/TakeoverPage.tsx(2965,57): error TS2339: Property 'option' does not exist on type 'JSX.IntrinsicElements'.
src/pages/TakeoverPage.tsx(2965,87): error TS2339: Property 'option' does not exist on type 'JSX.IntrinsicElements'.
src/pages/TakeoverPage.tsx(2966,57): error TS2339: Property 'option' does not exist on type 'JSX.IntrinsicElements'.
src/pages/TakeoverPage.tsx(2966,87): error TS2339: Property 'option' does not exist on type 'JSX.IntrinsicElements'.
src/pages/TakeoverPage.tsx(2967,57): error TS2339: Property 'option' does not exist on type 'JSX.IntrinsicElements'.
src/pages/TakeoverPage.tsx(2967,90): error TS2339: Property 'option' does not exist on type 'JSX.IntrinsicElements'.
src/pages/TakeoverPage.tsx(2968,57): error TS2339: Property 'option' does not exist on type 'JSX.IntrinsicElements'.
src/pages/TakeoverPage.tsx(2968,88): error TS2339: Property 'option' does not exist on type 'JSX.IntrinsicElements'.
src/pages/TakeoverPage.tsx(2969,57): error TS2339: Property 'option' does not exist on type 'JSX.IntrinsicElements'.
src/pages/TakeoverPage.tsx(2969,87): error TS2339: Property 'option' does not exist on type 'JSX.IntrinsicElements'.
src/pages/TakeoverPage.tsx(2970,57): error TS2339: Property 'option' does not exist on type 'JSX.IntrinsicElements'.
src/pages/TakeoverPage.tsx(2970,92): error TS2339: Property 'option' does not exist on type 'JSX.IntrinsicElements'.
src/pages/TakeoverPage.tsx(2971,57): error TS2339: Property 'option' does not exist on type 'JSX.IntrinsicElements'.
src/pages/TakeoverPage.tsx(2971,91): error TS2339: Property 'option' does not exist on type 'JSX.IntrinsicElements'.
src/pages/TakeoverPage.tsx(2972,57): error TS2339: Property 'option' does not exist on type 'JSX.IntrinsicElements'.
src/pages/TakeoverPage.tsx(2972,87): error TS2339: Property 'option' does not exist on type 'JSX.IntrinsicElements'.
src/pages/TakeoverPage.tsx(2973,53): error TS2339: Property 'select' does not exist on type 'JSX.IntrinsicElements'.
src/pages/TakeoverPage.tsx(2975,57): error TS2339: Property 'input' does not exist on type 'JSX.IntrinsicElements'.
src/pages/TakeoverPage.tsx(2984,57): error TS2339: Property 'input' does not exist on type 'JSX.IntrinsicElements'.
src/pages/TakeoverPage.tsx(2993,49): error TS2339: Property 'div' does not exist on type 'JSX.IntrinsicElements'.
src/pages/TakeoverPage.tsx(2995,53): error TS2339: Property 'div' does not exist on type 'JSX.IntrinsicElements'.
src/pages/TakeoverPage.tsx(2996,57): error TS2339: Property 'input' does not exist on type 'JSX.IntrinsicElements'.
src/pages/TakeoverPage.tsx(3004,53): error TS2339: Property 'div' does not exist on type 'JSX.IntrinsicElements'.
src/pages/TakeoverPage.tsx(3006,49): error TS2339: Property 'label' does not exist on type 'JSX.IntrinsicElements'.
src/pages/TakeoverPage.tsx(3007,53): error TS2339: Property 'input' does not exist on type 'JSX.IntrinsicElements'.
src/pages/TakeoverPage.tsx(3013,53): error TS2339: Property 'span' does not exist on type 'JSX.IntrinsicElements'.
src/pages/TakeoverPage.tsx(3013,174): error TS2339: Property 'span' does not exist on type 'JSX.IntrinsicElements'.
src/pages/TakeoverPage.tsx(3014,49): error TS2339: Property 'label' does not exist on type 'JSX.IntrinsicElements'.
src/pages/TakeoverPage.tsx(3015,49): error TS2339: Property 'button' does not exist on type 'JSX.IntrinsicElements'.
src/pages/TakeoverPage.tsx(3017,49): error TS2339: Property 'button' does not exist on type 'JSX.IntrinsicElements'.
src/pages/TakeoverPage.tsx(3018,45): error TS2339: Property 'form' does not exist on type 'JSX.IntrinsicElements'.
src/pages/TakeoverPage.tsx(3019,41): error TS2339: Property 'div' does not exist on type 'JSX.IntrinsicElements'.
src/pages/TakeoverPage.tsx(3021,41): error TS2339: Property 'form' does not exist on type 'JSX.IntrinsicElements'.
src/pages/TakeoverPage.tsx(3022,45): error TS2339: Property 'div' does not exist on type 'JSX.IntrinsicElements'.
src/pages/TakeoverPage.tsx(3023,45): error TS2339: Property 'div' does not exist on type 'JSX.IntrinsicElements'.
src/pages/TakeoverPage.tsx(3024,49): error TS2339: Property 'div' does not exist on type 'JSX.IntrinsicElements'.
src/pages/TakeoverPage.tsx(3025,53): error TS2339: Property 'button' does not exist on type 'JSX.IntrinsicElements'.
src/pages/TakeoverPage.tsx(3025,278): error TS2339: Property 'button' does not exist on type 'JSX.IntrinsicElements'.
src/pages/TakeoverPage.tsx(3026,53): error TS2339: Property 'div' does not exist on type 'JSX.IntrinsicElements'.
src/pages/TakeoverPage.tsx(3027,53): error TS2339: Property 'button' does not exist on type 'JSX.IntrinsicElements'.
src/pages/TakeoverPage.tsx(3029,75): error TS2339: Property 'span' does not exist on type 'JSX.IntrinsicElements'.
src/pages/TakeoverPage.tsx(3029,159): error TS2339: Property 'span' does not exist on type 'JSX.IntrinsicElements'.
src/pages/TakeoverPage.tsx(3030,53): error TS2339: Property 'button' does not exist on type 'JSX.IntrinsicElements'.
src/pages/TakeoverPage.tsx(3031,49): error TS2339: Property 'div' does not exist on type 'JSX.IntrinsicElements'.
src/pages/TakeoverPage.tsx(3032,49): error TS2339: Property 'div' does not exist on type 'JSX.IntrinsicElements'.
src/pages/TakeoverPage.tsx(3033,53): error TS2339: Property 'input' does not exist on type 'JSX.IntrinsicElements'.
src/pages/TakeoverPage.tsx(3040,53): error TS2339: Property 'button' does not exist on type 'JSX.IntrinsicElements'.
src/pages/TakeoverPage.tsx(3042,53): error TS2339: Property 'button' does not exist on type 'JSX.IntrinsicElements'.
src/pages/TakeoverPage.tsx(3043,49): error TS2339: Property 'div' does not exist on type 'JSX.IntrinsicElements'.
src/pages/TakeoverPage.tsx(3044,45): error TS2339: Property 'div' does not exist on type 'JSX.IntrinsicElements'.
src/pages/TakeoverPage.tsx(3048,57): error TS2339: Property 'button' does not exist on type 'JSX.IntrinsicElements'.
src/pages/TakeoverPage.tsx(3048,257): error TS2339: Property 'button' does not exist on type 'JSX.IntrinsicElements'.
src/pages/TakeoverPage.tsx(3052,41): error TS2339: Property 'form' does not exist on type 'JSX.IntrinsicElements'.
src/pages/TakeoverPage.tsx(3054,33): error TS2339: Property 'div' does not exist on type 'JSX.IntrinsicElements'.
src/pages/TakeoverPage.tsx(3055,29): error TS2339: Property 'div' does not exist on type 'JSX.IntrinsicElements'.
src/pages/TakeoverPage.tsx(3057,21): error TS2339: Property 'div' does not exist on type 'JSX.IntrinsicElements'.
src/pages/TakeoverPage.tsx(3058,17): error TS2339: Property 'div' does not exist on type 'JSX.IntrinsicElements'.
src/pages/TakeoverPage.tsx(3062,25): error TS2339: Property 'div' does not exist on type 'JSX.IntrinsicElements'.
src/pages/TakeoverPage.tsx(3063,29): error TS2339: Property 'button' does not exist on type 'JSX.IntrinsicElements'.
src/pages/TakeoverPage.tsx(3067,33): error TS2339: Property 'div' does not exist on type 'JSX.IntrinsicElements'.
src/pages/TakeoverPage.tsx(3068,29): error TS2339: Property 'button' does not exist on type 'JSX.IntrinsicElements'.
src/pages/TakeoverPage.tsx(3069,25): error TS2339: Property 'div' does not exist on type 'JSX.IntrinsicElements'.
src/pages/TakeoverPage.tsx(3081,29): error TS2339: Property 'div' does not exist on type 'JSX.IntrinsicElements'.
src/pages/TakeoverPage.tsx(3082,33): error TS2339: Property 'div' does not exist on type 'JSX.IntrinsicElements'.
src/pages/TakeoverPage.tsx(3083,37): error TS2339: Property 'h2' does not exist on type 'JSX.IntrinsicElements'.
src/pages/TakeoverPage.tsx(3085,37): error TS2339: Property 'h2' does not exist on type 'JSX.IntrinsicElements'.
src/pages/TakeoverPage.tsx(3086,37): error TS2339: Property 'span' does not exist on type 'JSX.IntrinsicElements'.
src/pages/TakeoverPage.tsx(3086,148): error TS2339: Property 'span' does not exist on type 'JSX.IntrinsicElements'.
src/pages/TakeoverPage.tsx(3087,33): error TS2339: Property 'div' does not exist on type 'JSX.IntrinsicElements'.
src/pages/TakeoverPage.tsx(3088,33): error TS2339: Property 'div' does not exist on type 'JSX.IntrinsicElements'.
src/pages/TakeoverPage.tsx(3089,37): error TS2339: Property 'div' does not exist on type 'JSX.IntrinsicElements'.
src/pages/TakeoverPage.tsx(3097,49): error TS2339: Property 'div' does not exist on type 'JSX.IntrinsicElements'.
src/pages/TakeoverPage.tsx(3098,53): error TS2339: Property 'div' does not exist on type 'JSX.IntrinsicElements'.
src/pages/TakeoverPage.tsx(3102,57): error TS2339: Property 'div' does not exist on type 'JSX.IntrinsicElements'.
src/pages/TakeoverPage.tsx(3103,61): error TS2339: Property 'div' does not exist on type 'JSX.IntrinsicElements'.
src/pages/TakeoverPage.tsx(3105,61): error TS2339: Property 'div' does not exist on type 'JSX.IntrinsicElements'.
src/pages/TakeoverPage.tsx(3106,61): error TS2339: Property 'span' does not exist on type 'JSX.IntrinsicElements'.
src/pages/TakeoverPage.tsx(3108,61): error TS2339: Property 'span' does not exist on type 'JSX.IntrinsicElements'.
src/pages/TakeoverPage.tsx(3109,57): error TS2339: Property 'div' does not exist on type 'JSX.IntrinsicElements'.
src/pages/TakeoverPage.tsx(3110,57): error TS2339: Property 'div' does not exist on type 'JSX.IntrinsicElements'.
src/pages/TakeoverPage.tsx(3112,65): error TS2339: Property 'span' does not exist on type 'JSX.IntrinsicElements'.
src/pages/TakeoverPage.tsx(3115,65): error TS2339: Property 'span' does not exist on type 'JSX.IntrinsicElements'.
src/pages/TakeoverPage.tsx(3118,65): error TS2339: Property 'button' does not exist on type 'JSX.IntrinsicElements'.
src/pages/TakeoverPage.tsx(3124,65): error TS2339: Property 'button' does not exist on type 'JSX.IntrinsicElements'.
src/pages/TakeoverPage.tsx(3126,57): error TS2339: Property 'div' does not exist on type 'JSX.IntrinsicElements'.
src/pages/TakeoverPage.tsx(3127,53): error TS2339: Property 'div' does not exist on type 'JSX.IntrinsicElements'.
src/pages/TakeoverPage.tsx(3137,65): error TS2339: Property 'div' does not exist on type 'JSX.IntrinsicElements'.
src/pages/TakeoverPage.tsx(3138,69): error TS2339: Property 'div' does not exist on type 'JSX.IntrinsicElements'.
src/pages/TakeoverPage.tsx(3139,73): error TS2339: Property 'div' does not exist on type 'JSX.IntrinsicElements'.
src/pages/TakeoverPage.tsx(3140,77): error TS2339: Property 'span' does not exist on type 'JSX.IntrinsicElements'.
src/pages/TakeoverPage.tsx(3140,149): error TS2339: Property 'span' does not exist on type 'JSX.IntrinsicElements'.
src/pages/TakeoverPage.tsx(3141,77): error TS2339: Property 'span' does not exist on type 'JSX.IntrinsicElements'.
src/pages/TakeoverPage.tsx(3141,158): error TS2339: Property 'span' does not exist on type 'JSX.IntrinsicElements'.
src/pages/TakeoverPage.tsx(3142,73): error TS2339: Property 'div' does not exist on type 'JSX.IntrinsicElements'.
src/pages/TakeoverPage.tsx(3143,73): error TS2339: Property 'div' does not exist on type 'JSX.IntrinsicElements'.
src/pages/TakeoverPage.tsx(3144,77): error TS2339: Property 'span' does not exist on type 'JSX.IntrinsicElements'.
src/pages/TakeoverPage.tsx(3144,150): error TS2339: Property 'span' does not exist on type 'JSX.IntrinsicElements'.
src/pages/TakeoverPage.tsx(3145,77): error TS2339: Property 'span' does not exist on type 'JSX.IntrinsicElements'.
src/pages/TakeoverPage.tsx(3145,135): error TS2339: Property 'span' does not exist on type 'JSX.IntrinsicElements'.
src/pages/TakeoverPage.tsx(3146,73): error TS2339: Property 'div' does not exist on type 'JSX.IntrinsicElements'.
src/pages/TakeoverPage.tsx(3147,69): error TS2339: Property 'div' does not exist on type 'JSX.IntrinsicElements'.
src/pages/TakeoverPage.tsx(3150,73): error TS2339: Property 'button' does not exist on type 'JSX.IntrinsicElements'.
src/pages/TakeoverPage.tsx(3156,73): error TS2339: Property 'button' does not exist on type 'JSX.IntrinsicElements'.
src/pages/TakeoverPage.tsx(3158,65): error TS2339: Property 'div' does not exist on type 'JSX.IntrinsicElements'.
src/pages/TakeoverPage.tsx(3162,49): error TS2339: Property 'div' does not exist on type 'JSX.IntrinsicElements'.
src/pages/TakeoverPage.tsx(3165,37): error TS2339: Property 'div' does not exist on type 'JSX.IntrinsicElements'.
src/pages/TakeoverPage.tsx(3166,33): error TS2339: Property 'div' does not exist on type 'JSX.IntrinsicElements'.
src/pages/TakeoverPage.tsx(3167,29): error TS2339: Property 'div' does not exist on type 'JSX.IntrinsicElements'.
src/pages/TakeoverPage.tsx(3171,13): error TS2339: Property 'div' does not exist on type 'JSX.IntrinsicElements'.
src/pages/TakeoverPage.tsx(3176,21): error TS2339: Property 'div' does not exist on type 'JSX.IntrinsicElements'.
src/pages/TakeoverPage.tsx(3188,25): error TS2339: Property 'div' does not exist on type 'JSX.IntrinsicElements'.
src/pages/TakeoverPage.tsx(3189,25): error TS2339: Property 'div' does not exist on type 'JSX.IntrinsicElements'.
src/pages/TakeoverPage.tsx(3191,25): error TS2339: Property 'div' does not exist on type 'JSX.IntrinsicElements'.
src/pages/TakeoverPage.tsx(3193,33): error TS2339: Property 'a' does not exist on type 'JSX.IntrinsicElements'.
src/pages/TakeoverPage.tsx(3201,37): error TS2339: Property 'span' does not exist on type 'JSX.IntrinsicElements'.
src/pages/TakeoverPage.tsx(3201,117): error TS2339: Property 'span' does not exist on type 'JSX.IntrinsicElements'.
src/pages/TakeoverPage.tsx(3202,37): error TS2339: Property 'div' does not exist on type 'JSX.IntrinsicElements'.
src/pages/TakeoverPage.tsx(3203,33): error TS2339: Property 'a' does not exist on type 'JSX.IntrinsicElements'.
src/pages/TakeoverPage.tsx(3207,33): error TS2339: Property 'div' does not exist on type 'JSX.IntrinsicElements'.
src/pages/TakeoverPage.tsx(3208,37): error TS2339: Property 'span' does not exist on type 'JSX.IntrinsicElements'.
src/pages/TakeoverPage.tsx(3208,139): error TS2339: Property 'span' does not exist on type 'JSX.IntrinsicElements'.
src/pages/TakeoverPage.tsx(3209,37): error TS2339: Property 'div' does not exist on type 'JSX.IntrinsicElements'.
src/pages/TakeoverPage.tsx(3210,33): error TS2339: Property 'div' does not exist on type 'JSX.IntrinsicElements'.
src/pages/TakeoverPage.tsx(3215,37): error TS2339: Property 'a' does not exist on type 'JSX.IntrinsicElements'.
src/pages/TakeoverPage.tsx(3216,41): error TS2339: Property 'span' does not exist on type 'JSX.IntrinsicElements'.
src/pages/TakeoverPage.tsx(3216,149): error TS2339: Property 'span' does not exist on type 'JSX.IntrinsicElements'.
src/pages/TakeoverPage.tsx(3217,41): error TS2339: Property 'div' does not exist on type 'JSX.IntrinsicElements'.
src/pages/TakeoverPage.tsx(3218,37): error TS2339: Property 'a' does not exist on type 'JSX.IntrinsicElements'.
src/pages/TakeoverPage.tsx(3220,37): error TS2339: Property 'div' does not exist on type 'JSX.IntrinsicElements'.
src/pages/TakeoverPage.tsx(3221,41): error TS2339: Property 'span' does not exist on type 'JSX.IntrinsicElements'.
src/pages/TakeoverPage.tsx(3221,149): error TS2339: Property 'span' does not exist on type 'JSX.IntrinsicElements'.
src/pages/TakeoverPage.tsx(3222,41): error TS2339: Property 'div' does not exist on type 'JSX.IntrinsicElements'.
src/pages/TakeoverPage.tsx(3223,37): error TS2339: Property 'div' does not exist on type 'JSX.IntrinsicElements'.
src/pages/TakeoverPage.tsx(3228,33): error TS2339: Property 'div' does not exist on type 'JSX.IntrinsicElements'.
src/pages/TakeoverPage.tsx(3230,33): error TS2339: Property 'div' does not exist on type 'JSX.IntrinsicElements'.
src/pages/TakeoverPage.tsx(3232,25): error TS2339: Property 'div' does not exist on type 'JSX.IntrinsicElements'.
src/pages/TakeoverPage.tsx(3233,21): error TS2339: Property 'div' does not exist on type 'JSX.IntrinsicElements'.
src/pages/TakeoverPage.tsx(3255,29): error TS2339: Property 'div' does not exist on type 'JSX.IntrinsicElements'.
src/pages/TakeoverPage.tsx(3256,29): error TS2339: Property 'div' does not exist on type 'JSX.IntrinsicElements'.
src/pages/TakeoverPage.tsx(3258,29): error TS2339: Property 'div' does not exist on type 'JSX.IntrinsicElements'.
src/pages/TakeoverPage.tsx(3259,33): error TS2339: Property 'div' does not exist on type 'JSX.IntrinsicElements'.
src/pages/TakeoverPage.tsx(3261,33): error TS2339: Property 'div' does not exist on type 'JSX.IntrinsicElements'.
src/pages/TakeoverPage.tsx(3262,37): error TS2339: Property 'div' does not exist on type 'JSX.IntrinsicElements'.
src/pages/TakeoverPage.tsx(3263,41): error TS2339: Property 'div' does not exist on type 'JSX.IntrinsicElements'.
src/pages/TakeoverPage.tsx(3264,41): error TS2339: Property 'div' does not exist on type 'JSX.IntrinsicElements'.
src/pages/TakeoverPage.tsx(3266,41): error TS2339: Property 'div' does not exist on type 'JSX.IntrinsicElements'.
src/pages/TakeoverPage.tsx(3267,41): error TS2339: Property 'div' does not exist on type 'JSX.IntrinsicElements'.
src/pages/TakeoverPage.tsx(3268,45): error TS2339: Property 'div' does not exist on type 'JSX.IntrinsicElements'.
src/pages/TakeoverPage.tsx(3269,41): error TS2339: Property 'div' does not exist on type 'JSX.IntrinsicElements'.
src/pages/TakeoverPage.tsx(3270,37): error TS2339: Property 'div' does not exist on type 'JSX.IntrinsicElements'.
src/pages/TakeoverPage.tsx(3272,37): error TS2339: Property 'div' does not exist on type 'JSX.IntrinsicElements'.
src/pages/TakeoverPage.tsx(3273,41): error TS2339: Property 'h3' does not exist on type 'JSX.IntrinsicElements'.
src/pages/TakeoverPage.tsx(3274,59): error TS2339: Property 'span' does not exist on type 'JSX.IntrinsicElements'.
src/pages/TakeoverPage.tsx(3274,138): error TS2339: Property 'span' does not exist on type 'JSX.IntrinsicElements'.
src/pages/TakeoverPage.tsx(3275,41): error TS2339: Property 'h3' does not exist on type 'JSX.IntrinsicElements'.
src/pages/TakeoverPage.tsx(3276,41): error TS2339: Property 'p' does not exist on type 'JSX.IntrinsicElements'.
src/pages/TakeoverPage.tsx(3276,164): error TS2339: Property 'p' does not exist on type 'JSX.IntrinsicElements'.
src/pages/TakeoverPage.tsx(3277,37): error TS2339: Property 'div' does not exist on type 'JSX.IntrinsicElements'.
src/pages/TakeoverPage.tsx(3278,33): error TS2339: Property 'div' does not exist on type 'JSX.IntrinsicElements'.
src/pages/TakeoverPage.tsx(3280,33): error TS2339: Property 'div' does not exist on type 'JSX.IntrinsicElements'.
src/pages/TakeoverPage.tsx(3287,41): error TS2339: Property 'div' does not exist on type 'JSX.IntrinsicElements'.
src/pages/TakeoverPage.tsx(3287,247): error TS2339: Property 'div' does not exist on type 'JSX.IntrinsicElements'.
src/pages/TakeoverPage.tsx(3288,41): error TS2339: Property 'p' does not exist on type 'JSX.IntrinsicElements'.
src/pages/TakeoverPage.tsx(3289,57): error TS2339: Property 'span' does not exist on type 'JSX.IntrinsicElements'.
src/pages/TakeoverPage.tsx(3289,120): error TS2339: Property 'span' does not exist on type 'JSX.IntrinsicElements'.
src/pages/TakeoverPage.tsx(3290,41): error TS2339: Property 'p' does not exist on type 'JSX.IntrinsicElements'.
src/pages/TakeoverPage.tsx(3299,41): error TS2339: Property 'div' does not exist on type 'JSX.IntrinsicElements'.
src/pages/TakeoverPage.tsx(3299,247): error TS2339: Property 'div' does not exist on type 'JSX.IntrinsicElements'.
src/pages/TakeoverPage.tsx(3300,41): error TS2339: Property 'p' does not exist on type 'JSX.IntrinsicElements'.
src/pages/TakeoverPage.tsx(3301,58): error TS2339: Property 'span' does not exist on type 'JSX.IntrinsicElements'.
src/pages/TakeoverPage.tsx(3301,113): error TS2339: Property 'span' does not exist on type 'JSX.IntrinsicElements'.
src/pages/TakeoverPage.tsx(3301,124): error TS2339: Property 'span' does not exist on type 'JSX.IntrinsicElements'.
src/pages/TakeoverPage.tsx(3301,181): error TS2339: Property 'span' does not exist on type 'JSX.IntrinsicElements'.
src/pages/TakeoverPage.tsx(3302,41): error TS2339: Property 'p' does not exist on type 'JSX.IntrinsicElements'.
src/pages/TakeoverPage.tsx(3311,41): error TS2339: Property 'div' does not exist on type 'JSX.IntrinsicElements'.
src/pages/TakeoverPage.tsx(3311,245): error TS2339: Property 'div' does not exist on type 'JSX.IntrinsicElements'.
src/pages/TakeoverPage.tsx(3312,41): error TS2339: Property 'p' does not exist on type 'JSX.IntrinsicElements'.
src/pages/TakeoverPage.tsx(3313,68): error TS2339: Property 'span' does not exist on type 'JSX.IntrinsicElements'.
src/pages/TakeoverPage.tsx(3313,166): error TS2339: Property 'span' does not exist on type 'JSX.IntrinsicElements'.
src/pages/TakeoverPage.tsx(3314,41): error TS2339: Property 'p' does not exist on type 'JSX.IntrinsicElements'.
src/pages/TakeoverPage.tsx(3316,33): error TS2339: Property 'div' does not exist on type 'JSX.IntrinsicElements'.
src/pages/TakeoverPage.tsx(3318,33): error TS2339: Property 'div' does not exist on type 'JSX.IntrinsicElements'.
src/pages/TakeoverPage.tsx(3319,37): error TS2339: Property 'button' does not exist on type 'JSX.IntrinsicElements'.
src/pages/TakeoverPage.tsx(3324,37): error TS2339: Property 'button' does not exist on type 'JSX.IntrinsicElements'.
src/pages/TakeoverPage.tsx(3325,37): error TS2339: Property 'button' does not exist on type 'JSX.IntrinsicElements'.
src/pages/TakeoverPage.tsx(3330,37): error TS2339: Property 'button' does not exist on type 'JSX.IntrinsicElements'.
src/pages/TakeoverPage.tsx(3331,33): error TS2339: Property 'div' does not exist on type 'JSX.IntrinsicElements'.
src/pages/TakeoverPage.tsx(3332,29): error TS2339: Property 'div' does not exist on type 'JSX.IntrinsicElements'.
src/pages/TakeoverPage.tsx(3338,13): error TS2339: Property 'style' does not exist on type 'JSX.IntrinsicElements'.
src/pages/TakeoverPage.tsx(3350,15): error TS2339: Property 'style' does not exist on type 'JSX.IntrinsicElements'.
src/pages/TakeoverPage.tsx(3351,9): error TS2339: Property 'div' does not exist on type 'JSX.IntrinsicElements'.
