src/pages/TakeoverPage.tsx(2,41): error TS2792: Cannot find module 'framer-motion'. Did you mean to set the 'moduleResolution' option to 'nodenext', or to add aliases to the 'paths' option?
src/pages/TakeoverPage.tsx(7,8): error TS2792: Cannot find module 'lucide-react'. Did you mean to set the 'moduleResolution' option to 'nodenext', or to add aliases to the 'paths' option?
src/pages/TakeoverPage.tsx(519,13): error TS2339: Property 'img' does not exist on type 'JSX.IntrinsicElements'.
src/pages/TakeoverPage.tsx(1202,13): error TS2339: Property 'div' does not exist on type 'JSX.IntrinsicElements'.
src/pages/TakeoverPage.tsx(1208,21): error TS2339: Property 'div' does not exist on type 'JSX.IntrinsicElements'.
src/pages/TakeoverPage.tsx(1209,25): error TS2339: Property 'div' does not exist on type 'JSX.IntrinsicElements'.
src/pages/TakeoverPage.tsx(1211,21): error TS2339: Property 'div' does not exist on type 'JSX.IntrinsicElements'.
src/pages/TakeoverPage.tsx(1213,21): error TS2339: Property 'div' does not exist on type 'JSX.IntrinsicElements'.
src/pages/TakeoverPage.tsx(1214,25): error TS2339: Property 'h2' does not exist on type 'JSX.IntrinsicElements'.
src/pages/TakeoverPage.tsx(1214,113): error TS2339: Property 'span' does not exist on type 'JSX.IntrinsicElements'.
src/pages/TakeoverPage.tsx(1214,154): error TS2339: Property 'span' does not exist on type 'JSX.IntrinsicElements'.
src/pages/TakeoverPage.tsx(1214,161): error TS2339: Property 'h2' does not exist on type 'JSX.IntrinsicElements'.
src/pages/TakeoverPage.tsx(1215,25): error TS2339: Property 'p' does not exist on type 'JSX.IntrinsicElements'.
src/pages/TakeoverPage.tsx(1215,159): error TS2339: Property 'p' does not exist on type 'JSX.IntrinsicElements'.
src/pages/TakeoverPage.tsx(1216,21): error TS2339: Property 'div' does not exist on type 'JSX.IntrinsicElements'.
src/pages/TakeoverPage.tsx(1218,21): error TS2339: Property 'form' does not exist on type 'JSX.IntrinsicElements'.
src/pages/TakeoverPage.tsx(1219,25): error TS2339: Property 'div' does not exist on type 'JSX.IntrinsicElements'.
src/pages/TakeoverPage.tsx(1220,29): error TS2339: Property 'input' does not exist on type 'JSX.IntrinsicElements'.
src/pages/TakeoverPage.tsx(1240,25): error TS2339: Property 'div' does not exist on type 'JSX.IntrinsicElements'.
src/pages/TakeoverPage.tsx(1242,25): error TS2339: Property 'button' does not exist on type 'JSX.IntrinsicElements'.
src/pages/TakeoverPage.tsx(1247,25): error TS2339: Property 'button' does not exist on type 'JSX.IntrinsicElements'.
src/pages/TakeoverPage.tsx(1248,21): error TS2339: Property 'form' does not exist on type 'JSX.IntrinsicElements'.
src/pages/TakeoverPage.tsx(1250,21): error TS2339: Property 'p' does not exist on type 'JSX.IntrinsicElements'.
src/pages/TakeoverPage.tsx(1252,21): error TS2339: Property 'p' does not exist on type 'JSX.IntrinsicElements'.
src/pages/TakeoverPage.tsx(1254,13): error TS2339: Property 'div' does not exist on type 'JSX.IntrinsicElements'.
src/pages/TakeoverPage.tsx(1259,9): error TS2339: Property 'div' does not exist on type 'JSX.IntrinsicElements'.
src/pages/TakeoverPage.tsx(1262,17): error TS2339: Property 'div' does not exist on type 'JSX.IntrinsicElements'.
src/pages/TakeoverPage.tsx(1263,21): error TS2339: Property 'div' does not exist on type 'JSX.IntrinsicElements'.
src/pages/TakeoverPage.tsx(1264,25): error TS2339: Property 'div' does not exist on type 'JSX.IntrinsicElements'.
src/pages/TakeoverPage.tsx(1265,29): error TS2339: Property 'span' does not exist on type 'JSX.IntrinsicElements'.
src/pages/TakeoverPage.tsx(1266,29): error TS2339: Property 'span' does not exist on type 'JSX.IntrinsicElements'.
src/pages/TakeoverPage.tsx(1266,114): error TS2339: Property 'span' does not exist on type 'JSX.IntrinsicElements'.
src/pages/TakeoverPage.tsx(1267,25): error TS2339: Property 'div' does not exist on type 'JSX.IntrinsicElements'.
src/pages/TakeoverPage.tsx(1268,25): error TS2339: Property 'div' does not exist on type 'JSX.IntrinsicElements'.
src/pages/TakeoverPage.tsx(1269,29): error TS2339: Property 'h1' does not exist on type 'JSX.IntrinsicElements'.
src/pages/TakeoverPage.tsx(1271,29): error TS2339: Property 'h1' does not exist on type 'JSX.IntrinsicElements'.
src/pages/TakeoverPage.tsx(1278,37): error TS2339: Property 'div' does not exist on type 'JSX.IntrinsicElements'.
src/pages/TakeoverPage.tsx(1280,41): error TS2339: Property 'span' does not exist on type 'JSX.IntrinsicElements'.
src/pages/TakeoverPage.tsx(1281,50): error TS2339: Property 'span' does not exist on type 'JSX.IntrinsicElements'.
src/pages/TakeoverPage.tsx(1281,105): error TS2339: Property 'span' does not exist on type 'JSX.IntrinsicElements'.
src/pages/TakeoverPage.tsx(1282,41): error TS2339: Property 'span' does not exist on type 'JSX.IntrinsicElements'.
src/pages/TakeoverPage.tsx(1284,45): error TS2339: Property 'a' does not exist on type 'JSX.IntrinsicElements'.
src/pages/TakeoverPage.tsx(1292,45): error TS2339: Property 'a' does not exist on type 'JSX.IntrinsicElements'.
src/pages/TakeoverPage.tsx(1294,37): error TS2339: Property 'div' does not exist on type 'JSX.IntrinsicElements'.
src/pages/TakeoverPage.tsx(1297,25): error TS2339: Property 'div' does not exist on type 'JSX.IntrinsicElements'.
src/pages/TakeoverPage.tsx(1302,29): error TS2339: Property 'div' does not exist on type 'JSX.IntrinsicElements'.
src/pages/TakeoverPage.tsx(1304,37): error TS2339: Property 'button' does not exist on type 'JSX.IntrinsicElements'.
src/pages/TakeoverPage.tsx(1311,37): error TS2339: Property 'button' does not exist on type 'JSX.IntrinsicElements'.
src/pages/TakeoverPage.tsx(1313,29): error TS2339: Property 'div' does not exist on type 'JSX.IntrinsicElements'.
src/pages/TakeoverPage.tsx(1315,25): error TS2339: Property 'div' does not exist on type 'JSX.IntrinsicElements'.
src/pages/TakeoverPage.tsx(1317,33): error TS2339: Property 'button' does not exist on type 'JSX.IntrinsicElements'.
src/pages/TakeoverPage.tsx(1324,33): error TS2339: Property 'button' does not exist on type 'JSX.IntrinsicElements'.
src/pages/TakeoverPage.tsx(1326,29): error TS2339: Property 'button' does not exist on type 'JSX.IntrinsicElements'.
src/pages/TakeoverPage.tsx(1338,33): error TS2339: Property 'span' does not exist on type 'JSX.IntrinsicElements'.
src/pages/TakeoverPage.tsx(1338,76): error TS2339: Property 'span' does not exist on type 'JSX.IntrinsicElements'.
src/pages/TakeoverPage.tsx(1339,29): error TS2339: Property 'button' does not exist on type 'JSX.IntrinsicElements'.
src/pages/TakeoverPage.tsx(1340,25): error TS2339: Property 'div' does not exist on type 'JSX.IntrinsicElements'.
src/pages/TakeoverPage.tsx(1341,25): error TS2339: Property 'div' does not exist on type 'JSX.IntrinsicElements'.
src/pages/TakeoverPage.tsx(1343,25): error TS2339: Property 'div' does not exist on type 'JSX.IntrinsicElements'.
src/pages/TakeoverPage.tsx(1344,21): error TS2339: Property 'div' does not exist on type 'JSX.IntrinsicElements'.
src/pages/TakeoverPage.tsx(1345,21): error TS2339: Property 'div' does not exist on type 'JSX.IntrinsicElements'.
src/pages/TakeoverPage.tsx(1346,25): error TS2339: Property 'div' does not exist on type 'JSX.IntrinsicElements'.
src/pages/TakeoverPage.tsx(1351,29): error TS2339: Property 'div' does not exist on type 'JSX.IntrinsicElements'.
src/pages/TakeoverPage.tsx(1352,33): error TS2339: Property 'span' does not exist on type 'JSX.IntrinsicElements'.
src/pages/TakeoverPage.tsx(1354,33): error TS2339: Property 'span' does not exist on type 'JSX.IntrinsicElements'.
src/pages/TakeoverPage.tsx(1355,29): error TS2339: Property 'div' does not exist on type 'JSX.IntrinsicElements'.
src/pages/TakeoverPage.tsx(1356,25): error TS2339: Property 'div' does not exist on type 'JSX.IntrinsicElements'.
src/pages/TakeoverPage.tsx(1358,25): error TS2339: Property 'button' does not exist on type 'JSX.IntrinsicElements'.
src/pages/TakeoverPage.tsx(1367,25): error TS2339: Property 'button' does not exist on type 'JSX.IntrinsicElements'.
src/pages/TakeoverPage.tsx(1368,21): error TS2339: Property 'div' does not exist on type 'JSX.IntrinsicElements'.
src/pages/TakeoverPage.tsx(1369,17): error TS2339: Property 'div' does not exist on type 'JSX.IntrinsicElements'.
src/pages/TakeoverPage.tsx(1372,13): error TS2339: Property 'div' does not exist on type 'JSX.IntrinsicElements'.
src/pages/TakeoverPage.tsx(1374,17): error TS2339: Property 'div' does not exist on type 'JSX.IntrinsicElements'.
src/pages/TakeoverPage.tsx(1378,21): error TS2339: Property 'div' does not exist on type 'JSX.IntrinsicElements'.
src/pages/TakeoverPage.tsx(1381,25): error TS2339: Property 'div' does not exist on type 'JSX.IntrinsicElements'.
src/pages/TakeoverPage.tsx(1382,29): error TS2339: Property 'iframe' does not exist on type 'JSX.IntrinsicElements'.
src/pages/TakeoverPage.tsx(1388,30): error TS2339: Property 'iframe' does not exist on type 'JSX.IntrinsicElements'.
src/pages/TakeoverPage.tsx(1389,25): error TS2339: Property 'div' does not exist on type 'JSX.IntrinsicElements'.
src/pages/TakeoverPage.tsx(1404,37): error TS2339: Property 'h3' does not exist on type 'JSX.IntrinsicElements'.
src/pages/TakeoverPage.tsx(1405,41): error TS2339: Property 'span' does not exist on type 'JSX.IntrinsicElements'.
src/pages/TakeoverPage.tsx(1407,37): error TS2339: Property 'h3' does not exist on type 'JSX.IntrinsicElements'.
src/pages/TakeoverPage.tsx(1408,37): error TS2339: Property 'p' does not exist on type 'JSX.IntrinsicElements'.
src/pages/TakeoverPage.tsx(1408,111): error TS2339: Property 'p' does not exist on type 'JSX.IntrinsicElements'.
src/pages/TakeoverPage.tsx(1409,37): error TS2339: Property 'div' does not exist on type 'JSX.IntrinsicElements'.
src/pages/TakeoverPage.tsx(1416,49): error TS2339: Property 'button' does not exist on type 'JSX.IntrinsicElements'.
src/pages/TakeoverPage.tsx(1436,53): error TS2339: Property 'div' does not exist on type 'JSX.IntrinsicElements'.
src/pages/TakeoverPage.tsx(1437,53): error TS2339: Property 'span' does not exist on type 'JSX.IntrinsicElements'.
src/pages/TakeoverPage.tsx(1438,57): error TS2339: Property 'span' does not exist on type 'JSX.IntrinsicElements'.
src/pages/TakeoverPage.tsx(1438,209): error TS2339: Property 'span' does not exist on type 'JSX.IntrinsicElements'.
src/pages/TakeoverPage.tsx(1440,53): error TS2339: Property 'span' does not exist on type 'JSX.IntrinsicElements'.
src/pages/TakeoverPage.tsx(1441,53): error TS2339: Property 'span' does not exist on type 'JSX.IntrinsicElements'.
src/pages/TakeoverPage.tsx(1441,184): error TS2339: Property 'span' does not exist on type 'JSX.IntrinsicElements'.
src/pages/TakeoverPage.tsx(1442,49): error TS2339: Property 'button' does not exist on type 'JSX.IntrinsicElements'.
src/pages/TakeoverPage.tsx(1445,37): error TS2339: Property 'div' does not exist on type 'JSX.IntrinsicElements'.
src/pages/TakeoverPage.tsx(1446,37): error TS2339: Property 'p' does not exist on type 'JSX.IntrinsicElements'.
src/pages/TakeoverPage.tsx(1446,153): error TS2339: Property 'p' does not exist on type 'JSX.IntrinsicElements'.
src/pages/TakeoverPage.tsx(1461,37): error TS2339: Property 'div' does not exist on type 'JSX.IntrinsicElements'.
src/pages/TakeoverPage.tsx(1462,41): error TS2339: Property 'div' does not exist on type 'JSX.IntrinsicElements'.
src/pages/TakeoverPage.tsx(1463,45): error TS2339: Property 'div' does not exist on type 'JSX.IntrinsicElements'.
src/pages/TakeoverPage.tsx(1464,49): error TS2339: Property 'div' does not exist on type 'JSX.IntrinsicElements'.
src/pages/TakeoverPage.tsx(1466,49): error TS2339: Property 'div' does not exist on type 'JSX.IntrinsicElements'.
src/pages/TakeoverPage.tsx(1467,49): error TS2339: Property 'div' does not exist on type 'JSX.IntrinsicElements'.
src/pages/TakeoverPage.tsx(1468,53): error TS2339: Property 'h2' does not exist on type 'JSX.IntrinsicElements'.
src/pages/TakeoverPage.tsx(1468,182): error TS2339: Property 'span' does not exist on type 'JSX.IntrinsicElements'.
src/pages/TakeoverPage.tsx(1468,218): error TS2339: Property 'span' does not exist on type 'JSX.IntrinsicElements'.
src/pages/TakeoverPage.tsx(1468,225): error TS2339: Property 'h2' does not exist on type 'JSX.IntrinsicElements'.
src/pages/TakeoverPage.tsx(1469,53): error TS2339: Property 'p' does not exist on type 'JSX.IntrinsicElements'.
src/pages/TakeoverPage.tsx(1469,206): error TS2339: Property 'p' does not exist on type 'JSX.IntrinsicElements'.
src/pages/TakeoverPage.tsx(1470,49): error TS2339: Property 'div' does not exist on type 'JSX.IntrinsicElements'.
src/pages/TakeoverPage.tsx(1471,45): error TS2339: Property 'div' does not exist on type 'JSX.IntrinsicElements'.
src/pages/TakeoverPage.tsx(1472,45): error TS2339: Property 'button' does not exist on type 'JSX.IntrinsicElements'.
src/pages/TakeoverPage.tsx(1474,45): error TS2339: Property 'button' does not exist on type 'JSX.IntrinsicElements'.
src/pages/TakeoverPage.tsx(1475,41): error TS2339: Property 'div' does not exist on type 'JSX.IntrinsicElements'.
src/pages/TakeoverPage.tsx(1477,41): error TS2339: Property 'div' does not exist on type 'JSX.IntrinsicElements'.
src/pages/TakeoverPage.tsx(1479,45): error TS2339: Property 'div' does not exist on type 'JSX.IntrinsicElements'.
src/pages/TakeoverPage.tsx(1480,49): error TS2339: Property 'div' does not exist on type 'JSX.IntrinsicElements'.
src/pages/TakeoverPage.tsx(1480,81): error TS2339: Property 'div' does not exist on type 'JSX.IntrinsicElements'.
src/pages/TakeoverPage.tsx(1481,49): error TS2339: Property 'div' does not exist on type 'JSX.IntrinsicElements'.
src/pages/TakeoverPage.tsx(1481,83): error TS2339: Property 'div' does not exist on type 'JSX.IntrinsicElements'.
src/pages/TakeoverPage.tsx(1482,49): error TS2339: Property 'div' does not exist on type 'JSX.IntrinsicElements'.
src/pages/TakeoverPage.tsx(1482,89): error TS2339: Property 'div' does not exist on type 'JSX.IntrinsicElements'.
src/pages/TakeoverPage.tsx(1483,45): error TS2339: Property 'div' does not exist on type 'JSX.IntrinsicElements'.
src/pages/TakeoverPage.tsx(1486,49): error TS2339: Property 'div' does not exist on type 'JSX.IntrinsicElements'.
src/pages/TakeoverPage.tsx(1490,53): error TS2339: Property 'div' does not exist on type 'JSX.IntrinsicElements'.
src/pages/TakeoverPage.tsx(1492,53): error TS2339: Property 'div' does not exist on type 'JSX.IntrinsicElements'.
src/pages/TakeoverPage.tsx(1493,57): error TS2339: Property 'span' does not exist on type 'JSX.IntrinsicElements'.
src/pages/TakeoverPage.tsx(1495,57): error TS2339: Property 'span' does not exist on type 'JSX.IntrinsicElements'.
src/pages/TakeoverPage.tsx(1496,53): error TS2339: Property 'div' does not exist on type 'JSX.IntrinsicElements'.
src/pages/TakeoverPage.tsx(1499,53): error TS2339: Property 'div' does not exist on type 'JSX.IntrinsicElements'.
src/pages/TakeoverPage.tsx(1500,57): error TS2339: Property 'h3' does not exist on type 'JSX.IntrinsicElements'.
src/pages/TakeoverPage.tsx(1502,57): error TS2339: Property 'h3' does not exist on type 'JSX.IntrinsicElements'.
src/pages/TakeoverPage.tsx(1504,61): error TS2339: Property 'div' does not exist on type 'JSX.IntrinsicElements'.
src/pages/TakeoverPage.tsx(1505,65): error TS2339: Property 'div' does not exist on type 'JSX.IntrinsicElements'.
src/pages/TakeoverPage.tsx(1507,61): error TS2339: Property 'div' does not exist on type 'JSX.IntrinsicElements'.
src/pages/TakeoverPage.tsx(1521,53): error TS2339: Property 'div' does not exist on type 'JSX.IntrinsicElements'.
src/pages/TakeoverPage.tsx(1524,53): error TS2339: Property 'div' does not exist on type 'JSX.IntrinsicElements'.
src/pages/TakeoverPage.tsx(1525,57): error TS2339: Property 'span' does not exist on type 'JSX.IntrinsicElements'.
src/pages/TakeoverPage.tsx(1527,57): error TS2339: Property 'span' does not exist on type 'JSX.IntrinsicElements'.
src/pages/TakeoverPage.tsx(1528,53): error TS2339: Property 'div' does not exist on type 'JSX.IntrinsicElements'.
src/pages/TakeoverPage.tsx(1529,49): error TS2339: Property 'div' does not exist on type 'JSX.IntrinsicElements'.
src/pages/TakeoverPage.tsx(1532,49): error TS2339: Property 'div' does not exist on type 'JSX.IntrinsicElements'.
src/pages/TakeoverPage.tsx(1533,53): error TS2339: Property 'p' does not exist on type 'JSX.IntrinsicElements'.
src/pages/TakeoverPage.tsx(1535,53): error TS2339: Property 'p' does not exist on type 'JSX.IntrinsicElements'.
src/pages/TakeoverPage.tsx(1536,49): error TS2339: Property 'div' does not exist on type 'JSX.IntrinsicElements'.
src/pages/TakeoverPage.tsx(1538,41): error TS2339: Property 'div' does not exist on type 'JSX.IntrinsicElements'.
src/pages/TakeoverPage.tsx(1539,37): error TS2339: Property 'div' does not exist on type 'JSX.IntrinsicElements'.
src/pages/TakeoverPage.tsx(1554,37): error TS2339: Property 'p' does not exist on type 'JSX.IntrinsicElements'.
src/pages/TakeoverPage.tsx(1554,137): error TS2339: Property 'p' does not exist on type 'JSX.IntrinsicElements'.
src/pages/TakeoverPage.tsx(1555,37): error TS2339: Property 'div' does not exist on type 'JSX.IntrinsicElements'.
src/pages/TakeoverPage.tsx(1556,41): error TS2339: Property 'input' does not exist on type 'JSX.IntrinsicElements'.
src/pages/TakeoverPage.tsx(1564,41): error TS2339: Property 'button' does not exist on type 'JSX.IntrinsicElements'.
src/pages/TakeoverPage.tsx(1570,41): error TS2339: Property 'button' does not exist on type 'JSX.IntrinsicElements'.
src/pages/TakeoverPage.tsx(1571,37): error TS2339: Property 'div' does not exist on type 'JSX.IntrinsicElements'.
src/pages/TakeoverPage.tsx(1576,25): error TS2339: Property 'div' does not exist on type 'JSX.IntrinsicElements'.
src/pages/TakeoverPage.tsx(1577,29): error TS2339: Property 'button' does not exist on type 'JSX.IntrinsicElements'.
src/pages/TakeoverPage.tsx(1584,29): error TS2339: Property 'button' does not exist on type 'JSX.IntrinsicElements'.
src/pages/TakeoverPage.tsx(1585,25): error TS2339: Property 'div' does not exist on type 'JSX.IntrinsicElements'.
src/pages/TakeoverPage.tsx(1596,37): error TS2339: Property 'div' does not exist on type 'JSX.IntrinsicElements'.
src/pages/TakeoverPage.tsx(1597,37): error TS2339: Property 'div' does not exist on type 'JSX.IntrinsicElements'.
src/pages/TakeoverPage.tsx(1598,41): error TS2339: Property 'div' does not exist on type 'JSX.IntrinsicElements'.
src/pages/TakeoverPage.tsx(1599,45): error TS2339: Property 'img' does not exist on type 'JSX.IntrinsicElements'.
src/pages/TakeoverPage.tsx(1600,45): error TS2339: Property 'div' does not exist on type 'JSX.IntrinsicElements'.
src/pages/TakeoverPage.tsx(1602,45): error TS2339: Property 'div' does not exist on type 'JSX.IntrinsicElements'.
src/pages/TakeoverPage.tsx(1603,41): error TS2339: Property 'div' does not exist on type 'JSX.IntrinsicElements'.
src/pages/TakeoverPage.tsx(1604,41): error TS2339: Property 'div' does not exist on type 'JSX.IntrinsicElements'.
src/pages/TakeoverPage.tsx(1605,45): error TS2339: Property 'p' does not exist on type 'JSX.IntrinsicElements'.
src/pages/TakeoverPage.tsx(1605,147): error TS2339: Property 'p' does not exist on type 'JSX.IntrinsicElements'.
src/pages/TakeoverPage.tsx(1606,45): error TS2339: Property 'h4' does not exist on type 'JSX.IntrinsicElements'.
src/pages/TakeoverPage.tsx(1606,152): error TS2339: Property 'h4' does not exist on type 'JSX.IntrinsicElements'.
src/pages/TakeoverPage.tsx(1607,45): error TS2339: Property 'p' does not exist on type 'JSX.IntrinsicElements'.
src/pages/TakeoverPage.tsx(1607,136): error TS2339: Property 'p' does not exist on type 'JSX.IntrinsicElements'.
src/pages/TakeoverPage.tsx(1608,41): error TS2339: Property 'div' does not exist on type 'JSX.IntrinsicElements'.
src/pages/TakeoverPage.tsx(1609,41): error TS2339: Property 'button' does not exist on type 'JSX.IntrinsicElements'.
src/pages/TakeoverPage.tsx(1614,41): error TS2339: Property 'button' does not exist on type 'JSX.IntrinsicElements'.
src/pages/TakeoverPage.tsx(1615,37): error TS2339: Property 'div' does not exist on type 'JSX.IntrinsicElements'.
src/pages/TakeoverPage.tsx(1616,37): error TS2339: Property 'div' does not exist on type 'JSX.IntrinsicElements'.
src/pages/TakeoverPage.tsx(1617,41): error TS2339: Property 'a' does not exist on type 'JSX.IntrinsicElements'.
src/pages/TakeoverPage.tsx(1623,45): error TS2339: Property 'svg' does not exist on type 'JSX.IntrinsicElements'.
src/pages/TakeoverPage.tsx(1624,49): error TS2339: Property 'path' does not exist on type 'JSX.IntrinsicElements'.
src/pages/TakeoverPage.tsx(1625,45): error TS2339: Property 'svg' does not exist on type 'JSX.IntrinsicElements'.
src/pages/TakeoverPage.tsx(1627,41): error TS2339: Property 'a' does not exist on type 'JSX.IntrinsicElements'.
src/pages/TakeoverPage.tsx(1628,37): error TS2339: Property 'div' does not exist on type 'JSX.IntrinsicElements'.
src/pages/TakeoverPage.tsx(1649,41): error TS2339: Property 'div' does not exist on type 'JSX.IntrinsicElements'.
src/pages/TakeoverPage.tsx(1650,45): error TS2339: Property 'div' does not exist on type 'JSX.IntrinsicElements'.
src/pages/TakeoverPage.tsx(1651,49): error TS2339: Property 'h2' does not exist on type 'JSX.IntrinsicElements'.
src/pages/TakeoverPage.tsx(1651,135): error TS2339: Property 'span' does not exist on type 'JSX.IntrinsicElements'.
src/pages/TakeoverPage.tsx(1651,175): error TS2339: Property 'span' does not exist on type 'JSX.IntrinsicElements'.
src/pages/TakeoverPage.tsx(1651,182): error TS2339: Property 'h2' does not exist on type 'JSX.IntrinsicElements'.
src/pages/TakeoverPage.tsx(1652,49): error TS2339: Property 'p' does not exist on type 'JSX.IntrinsicElements'.
src/pages/TakeoverPage.tsx(1652,172): error TS2339: Property 'p' does not exist on type 'JSX.IntrinsicElements'.
src/pages/TakeoverPage.tsx(1653,45): error TS2339: Property 'div' does not exist on type 'JSX.IntrinsicElements'.
src/pages/TakeoverPage.tsx(1654,45): error TS2339: Property 'button' does not exist on type 'JSX.IntrinsicElements'.
src/pages/TakeoverPage.tsx(1656,45): error TS2339: Property 'button' does not exist on type 'JSX.IntrinsicElements'.
src/pages/TakeoverPage.tsx(1657,41): error TS2339: Property 'div' does not exist on type 'JSX.IntrinsicElements'.
src/pages/TakeoverPage.tsx(1660,41): error TS2339: Property 'div' does not exist on type 'JSX.IntrinsicElements'.
src/pages/TakeoverPage.tsx(1661,45): error TS2339: Property 'button' does not exist on type 'JSX.IntrinsicElements'.
src/pages/TakeoverPage.tsx(1667,45): error TS2339: Property 'button' does not exist on type 'JSX.IntrinsicElements'.
src/pages/TakeoverPage.tsx(1668,45): error TS2339: Property 'button' does not exist on type 'JSX.IntrinsicElements'.
src/pages/TakeoverPage.tsx(1674,45): error TS2339: Property 'button' does not exist on type 'JSX.IntrinsicElements'.
src/pages/TakeoverPage.tsx(1675,45): error TS2339: Property 'button' does not exist on type 'JSX.IntrinsicElements'.
src/pages/TakeoverPage.tsx(1681,45): error TS2339: Property 'button' does not exist on type 'JSX.IntrinsicElements'.
src/pages/TakeoverPage.tsx(1682,45): error TS2339: Property 'button' does not exist on type 'JSX.IntrinsicElements'.
src/pages/TakeoverPage.tsx(1688,45): error TS2339: Property 'button' does not exist on type 'JSX.IntrinsicElements'.
src/pages/TakeoverPage.tsx(1689,45): error TS2339: Property 'button' does not exist on type 'JSX.IntrinsicElements'.
src/pages/TakeoverPage.tsx(1695,45): error TS2339: Property 'button' does not exist on type 'JSX.IntrinsicElements'.
src/pages/TakeoverPage.tsx(1696,45): error TS2339: Property 'button' does not exist on type 'JSX.IntrinsicElements'.
src/pages/TakeoverPage.tsx(1702,45): error TS2339: Property 'button' does not exist on type 'JSX.IntrinsicElements'.
src/pages/TakeoverPage.tsx(1703,41): error TS2339: Property 'div' does not exist on type 'JSX.IntrinsicElements'.
src/pages/TakeoverPage.tsx(1706,41): error TS2339: Property 'div' does not exist on type 'JSX.IntrinsicElements'.
src/pages/TakeoverPage.tsx(1708,49): error TS2339: Property 'div' does not exist on type 'JSX.IntrinsicElements'.
src/pages/TakeoverPage.tsx(1709,53): error TS2339: Property 'div' does not exist on type 'JSX.IntrinsicElements'.
src/pages/TakeoverPage.tsx(1710,57): error TS2339: Property 'div' does not exist on type 'JSX.IntrinsicElements'.
src/pages/TakeoverPage.tsx(1711,61): error TS2339: Property 'div' does not exist on type 'JSX.IntrinsicElements'.
src/pages/TakeoverPage.tsx(1712,65): error TS2339: Property 'div' does not exist on type 'JSX.IntrinsicElements'.
src/pages/TakeoverPage.tsx(1714,65): error TS2339: Property 'div' does not exist on type 'JSX.IntrinsicElements'.
src/pages/TakeoverPage.tsx(1715,65): error TS2339: Property 'h3' does not exist on type 'JSX.IntrinsicElements'.
src/pages/TakeoverPage.tsx(1715,159): error TS2339: Property 'span' does not exist on type 'JSX.IntrinsicElements'.
src/pages/TakeoverPage.tsx(1715,200): error TS2339: Property 'span' does not exist on type 'JSX.IntrinsicElements'.
src/pages/TakeoverPage.tsx(1715,207): error TS2339: Property 'h3' does not exist on type 'JSX.IntrinsicElements'.
src/pages/TakeoverPage.tsx(1716,61): error TS2339: Property 'div' does not exist on type 'JSX.IntrinsicElements'.
src/pages/TakeoverPage.tsx(1717,61): error TS2339: Property 'div' does not exist on type 'JSX.IntrinsicElements'.
src/pages/TakeoverPage.tsx(1718,65): error TS2339: Property 'div' does not exist on type 'JSX.IntrinsicElements'.
src/pages/TakeoverPage.tsx(1719,69): error TS2339: Property 'label' does not exist on type 'JSX.IntrinsicElements'.
src/pages/TakeoverPage.tsx(1719,164): error TS2339: Property 'label' does not exist on type 'JSX.IntrinsicElements'.
src/pages/TakeoverPage.tsx(1720,69): error TS2339: Property 'button' does not exist on type 'JSX.IntrinsicElements'.
src/pages/TakeoverPage.tsx(1724,73): error TS2339: Property 'div' does not exist on type 'JSX.IntrinsicElements'.
src/pages/TakeoverPage.tsx(1725,69): error TS2339: Property 'button' does not exist on type 'JSX.IntrinsicElements'.
src/pages/TakeoverPage.tsx(1726,65): error TS2339: Property 'div' does not exist on type 'JSX.IntrinsicElements'.
src/pages/TakeoverPage.tsx(1727,65): error TS2339: Property 'div' does not exist on type 'JSX.IntrinsicElements'.
src/pages/TakeoverPage.tsx(1728,69): error TS2339: Property 'label' does not exist on type 'JSX.IntrinsicElements'.
src/pages/TakeoverPage.tsx(1728,174): error TS2339: Property 'label' does not exist on type 'JSX.IntrinsicElements'.
src/pages/TakeoverPage.tsx(1729,69): error TS2339: Property 'button' does not exist on type 'JSX.IntrinsicElements'.
src/pages/TakeoverPage.tsx(1733,73): error TS2339: Property 'div' does not exist on type 'JSX.IntrinsicElements'.
src/pages/TakeoverPage.tsx(1734,69): error TS2339: Property 'button' does not exist on type 'JSX.IntrinsicElements'.
src/pages/TakeoverPage.tsx(1735,65): error TS2339: Property 'div' does not exist on type 'JSX.IntrinsicElements'.
src/pages/TakeoverPage.tsx(1736,65): error TS2339: Property 'div' does not exist on type 'JSX.IntrinsicElements'.
src/pages/TakeoverPage.tsx(1737,69): error TS2339: Property 'label' does not exist on type 'JSX.IntrinsicElements'.
src/pages/TakeoverPage.tsx(1737,178): error TS2339: Property 'label' does not exist on type 'JSX.IntrinsicElements'.
src/pages/TakeoverPage.tsx(1738,69): error TS2339: Property 'button' does not exist on type 'JSX.IntrinsicElements'.
src/pages/TakeoverPage.tsx(1742,73): error TS2339: Property 'div' does not exist on type 'JSX.IntrinsicElements'.
src/pages/TakeoverPage.tsx(1743,69): error TS2339: Property 'button' does not exist on type 'JSX.IntrinsicElements'.
src/pages/TakeoverPage.tsx(1744,65): error TS2339: Property 'div' does not exist on type 'JSX.IntrinsicElements'.
src/pages/TakeoverPage.tsx(1745,61): error TS2339: Property 'div' does not exist on type 'JSX.IntrinsicElements'.
src/pages/TakeoverPage.tsx(1746,57): error TS2339: Property 'div' does not exist on type 'JSX.IntrinsicElements'.
src/pages/TakeoverPage.tsx(1747,57): error TS2339: Property 'div' does not exist on type 'JSX.IntrinsicElements'.
src/pages/TakeoverPage.tsx(1748,61): error TS2339: Property 'div' does not exist on type 'JSX.IntrinsicElements'.
src/pages/TakeoverPage.tsx(1749,65): error TS2339: Property 'div' does not exist on type 'JSX.IntrinsicElements'.
src/pages/TakeoverPage.tsx(1751,65): error TS2339: Property 'div' does not exist on type 'JSX.IntrinsicElements'.
src/pages/TakeoverPage.tsx(1752,65): error TS2339: Property 'h3' does not exist on type 'JSX.IntrinsicElements'.
src/pages/TakeoverPage.tsx(1752,157): error TS2339: Property 'span' does not exist on type 'JSX.IntrinsicElements'.
src/pages/TakeoverPage.tsx(1752,195): error TS2339: Property 'span' does not exist on type 'JSX.IntrinsicElements'.
src/pages/TakeoverPage.tsx(1752,202): error TS2339: Property 'h3' does not exist on type 'JSX.IntrinsicElements'.
src/pages/TakeoverPage.tsx(1753,61): error TS2339: Property 'div' does not exist on type 'JSX.IntrinsicElements'.
src/pages/TakeoverPage.tsx(1754,61): error TS2339: Property 'div' does not exist on type 'JSX.IntrinsicElements'.
src/pages/TakeoverPage.tsx(1755,65): error TS2339: Property 'div' does not exist on type 'JSX.IntrinsicElements'.
src/pages/TakeoverPage.tsx(1756,69): error TS2339: Property 'label' does not exist on type 'JSX.IntrinsicElements'.
src/pages/TakeoverPage.tsx(1756,170): error TS2339: Property 'label' does not exist on type 'JSX.IntrinsicElements'.
src/pages/TakeoverPage.tsx(1757,69): error TS2339: Property 'input' does not exist on type 'JSX.IntrinsicElements'.
src/pages/TakeoverPage.tsx(1764,65): error TS2339: Property 'div' does not exist on type 'JSX.IntrinsicElements'.
src/pages/TakeoverPage.tsx(1765,65): error TS2339: Property 'div' does not exist on type 'JSX.IntrinsicElements'.
src/pages/TakeoverPage.tsx(1766,69): error TS2339: Property 'label' does not exist on type 'JSX.IntrinsicElements'.
src/pages/TakeoverPage.tsx(1766,176): error TS2339: Property 'label' does not exist on type 'JSX.IntrinsicElements'.
src/pages/TakeoverPage.tsx(1767,69): error TS2339: Property 'input' does not exist on type 'JSX.IntrinsicElements'.
src/pages/TakeoverPage.tsx(1774,65): error TS2339: Property 'div' does not exist on type 'JSX.IntrinsicElements'.
src/pages/TakeoverPage.tsx(1775,65): error TS2339: Property 'div' does not exist on type 'JSX.IntrinsicElements'.
src/pages/TakeoverPage.tsx(1776,69): error TS2339: Property 'label' does not exist on type 'JSX.IntrinsicElements'.
src/pages/TakeoverPage.tsx(1776,184): error TS2339: Property 'label' does not exist on type 'JSX.IntrinsicElements'.
src/pages/TakeoverPage.tsx(1777,69): error TS2339: Property 'div' does not exist on type 'JSX.IntrinsicElements'.
src/pages/TakeoverPage.tsx(1778,73): error TS2339: Property 'input' does not exist on type 'JSX.IntrinsicElements'.
src/pages/TakeoverPage.tsx(1785,73): error TS2339: Property 'button' does not exist on type 'JSX.IntrinsicElements'.
src/pages/TakeoverPage.tsx(1792,73): error TS2339: Property 'button' does not exist on type 'JSX.IntrinsicElements'.
src/pages/TakeoverPage.tsx(1793,69): error TS2339: Property 'div' does not exist on type 'JSX.IntrinsicElements'.
src/pages/TakeoverPage.tsx(1794,65): error TS2339: Property 'div' does not exist on type 'JSX.IntrinsicElements'.
src/pages/TakeoverPage.tsx(1795,61): error TS2339: Property 'div' does not exist on type 'JSX.IntrinsicElements'.
src/pages/TakeoverPage.tsx(1796,57): error TS2339: Property 'div' does not exist on type 'JSX.IntrinsicElements'.
src/pages/TakeoverPage.tsx(1797,57): error TS2339: Property 'div' does not exist on type 'JSX.IntrinsicElements'.
src/pages/TakeoverPage.tsx(1798,61): error TS2339: Property 'div' does not exist on type 'JSX.IntrinsicElements'.
src/pages/TakeoverPage.tsx(1799,65): error TS2339: Property 'div' does not exist on type 'JSX.IntrinsicElements'.
src/pages/TakeoverPage.tsx(1799,159): error TS2339: Property 'div' does not exist on type 'JSX.IntrinsicElements'.
src/pages/TakeoverPage.tsx(1800,65): error TS2339: Property 'h3' does not exist on type 'JSX.IntrinsicElements'.
src/pages/TakeoverPage.tsx(1800,151): error TS2339: Property 'span' does not exist on type 'JSX.IntrinsicElements'.
src/pages/TakeoverPage.tsx(1800,189): error TS2339: Property 'span' does not exist on type 'JSX.IntrinsicElements'.
src/pages/TakeoverPage.tsx(1800,196): error TS2339: Property 'h3' does not exist on type 'JSX.IntrinsicElements'.
src/pages/TakeoverPage.tsx(1801,61): error TS2339: Property 'div' does not exist on type 'JSX.IntrinsicElements'.
src/pages/TakeoverPage.tsx(1802,61): error TS2339: Property 'div' does not exist on type 'JSX.IntrinsicElements'.
src/pages/TakeoverPage.tsx(1803,65): error TS2339: Property 'div' does not exist on type 'JSX.IntrinsicElements'.
src/pages/TakeoverPage.tsx(1804,69): error TS2339: Property 'div' does not exist on type 'JSX.IntrinsicElements'.
src/pages/TakeoverPage.tsx(1805,73): error TS2339: Property 'label' does not exist on type 'JSX.IntrinsicElements'.
src/pages/TakeoverPage.tsx(1805,170): error TS2339: Property 'label' does not exist on type 'JSX.IntrinsicElements'.
src/pages/TakeoverPage.tsx(1806,73): error TS2339: Property 'input' does not exist on type 'JSX.IntrinsicElements'.
src/pages/TakeoverPage.tsx(1807,69): error TS2339: Property 'div' does not exist on type 'JSX.IntrinsicElements'.
src/pages/TakeoverPage.tsx(1808,69): error TS2339: Property 'div' does not exist on type 'JSX.IntrinsicElements'.
src/pages/TakeoverPage.tsx(1809,73): error TS2339: Property 'label' does not exist on type 'JSX.IntrinsicElements'.
src/pages/TakeoverPage.tsx(1809,170): error TS2339: Property 'label' does not exist on type 'JSX.IntrinsicElements'.
src/pages/TakeoverPage.tsx(1810,73): error TS2339: Property 'input' does not exist on type 'JSX.IntrinsicElements'.
src/pages/TakeoverPage.tsx(1811,69): error TS2339: Property 'div' does not exist on type 'JSX.IntrinsicElements'.
src/pages/TakeoverPage.tsx(1812,65): error TS2339: Property 'div' does not exist on type 'JSX.IntrinsicElements'.
src/pages/TakeoverPage.tsx(1813,65): error TS2339: Property 'div' does not exist on type 'JSX.IntrinsicElements'.
src/pages/TakeoverPage.tsx(1814,69): error TS2339: Property 'label' does not exist on type 'JSX.IntrinsicElements'.
src/pages/TakeoverPage.tsx(1814,175): error TS2339: Property 'label' does not exist on type 'JSX.IntrinsicElements'.
src/pages/TakeoverPage.tsx(1815,69): error TS2339: Property 'div' does not exist on type 'JSX.IntrinsicElements'.
src/pages/TakeoverPage.tsx(1816,73): error TS2339: Property 'input' does not exist on type 'JSX.IntrinsicElements'.
src/pages/TakeoverPage.tsx(1817,73): error TS2339: Property 'button' does not exist on type 'JSX.IntrinsicElements'.
src/pages/TakeoverPage.tsx(1817,287): error TS2339: Property 'button' does not exist on type 'JSX.IntrinsicElements'.
src/pages/TakeoverPage.tsx(1818,69): error TS2339: Property 'div' does not exist on type 'JSX.IntrinsicElements'.
src/pages/TakeoverPage.tsx(1819,65): error TS2339: Property 'div' does not exist on type 'JSX.IntrinsicElements'.
src/pages/TakeoverPage.tsx(1820,65): error TS2339: Property 'div' does not exist on type 'JSX.IntrinsicElements'.
src/pages/TakeoverPage.tsx(1821,69): error TS2339: Property 'label' does not exist on type 'JSX.IntrinsicElements'.
src/pages/TakeoverPage.tsx(1821,175): error TS2339: Property 'label' does not exist on type 'JSX.IntrinsicElements'.
src/pages/TakeoverPage.tsx(1822,69): error TS2339: Property 'div' does not exist on type 'JSX.IntrinsicElements'.
src/pages/TakeoverPage.tsx(1823,73): error TS2339: Property 'input' does not exist on type 'JSX.IntrinsicElements'.
src/pages/TakeoverPage.tsx(1824,73): error TS2339: Property 'button' does not exist on type 'JSX.IntrinsicElements'.
src/pages/TakeoverPage.tsx(1824,287): error TS2339: Property 'button' does not exist on type 'JSX.IntrinsicElements'.
src/pages/TakeoverPage.tsx(1825,69): error TS2339: Property 'div' does not exist on type 'JSX.IntrinsicElements'.
src/pages/TakeoverPage.tsx(1826,65): error TS2339: Property 'div' does not exist on type 'JSX.IntrinsicElements'.
src/pages/TakeoverPage.tsx(1827,61): error TS2339: Property 'div' does not exist on type 'JSX.IntrinsicElements'.
src/pages/TakeoverPage.tsx(1828,57): error TS2339: Property 'div' does not exist on type 'JSX.IntrinsicElements'.
src/pages/TakeoverPage.tsx(1830,57): error TS2339: Property 'div' does not exist on type 'JSX.IntrinsicElements'.
src/pages/TakeoverPage.tsx(1831,61): error TS2339: Property 'div' does not exist on type 'JSX.IntrinsicElements'.
src/pages/TakeoverPage.tsx(1832,65): error TS2339: Property 'div' does not exist on type 'JSX.IntrinsicElements'.
src/pages/TakeoverPage.tsx(1832,159): error TS2339: Property 'div' does not exist on type 'JSX.IntrinsicElements'.
src/pages/TakeoverPage.tsx(1833,65): error TS2339: Property 'h3' does not exist on type 'JSX.IntrinsicElements'.
src/pages/TakeoverPage.tsx(1833,151): error TS2339: Property 'span' does not exist on type 'JSX.IntrinsicElements'.
src/pages/TakeoverPage.tsx(1833,189): error TS2339: Property 'span' does not exist on type 'JSX.IntrinsicElements'.
src/pages/TakeoverPage.tsx(1833,196): error TS2339: Property 'h3' does not exist on type 'JSX.IntrinsicElements'.
src/pages/TakeoverPage.tsx(1834,61): error TS2339: Property 'div' does not exist on type 'JSX.IntrinsicElements'.
src/pages/TakeoverPage.tsx(1835,61): error TS2339: Property 'div' does not exist on type 'JSX.IntrinsicElements'.
src/pages/TakeoverPage.tsx(1836,65): error TS2339: Property 'div' does not exist on type 'JSX.IntrinsicElements'.
src/pages/TakeoverPage.tsx(1837,69): error TS2339: Property 'div' does not exist on type 'JSX.IntrinsicElements'.
src/pages/TakeoverPage.tsx(1838,73): error TS2339: Property 'label' does not exist on type 'JSX.IntrinsicElements'.
src/pages/TakeoverPage.tsx(1838,170): error TS2339: Property 'label' does not exist on type 'JSX.IntrinsicElements'.
src/pages/TakeoverPage.tsx(1839,73): error TS2339: Property 'input' does not exist on type 'JSX.IntrinsicElements'.
src/pages/TakeoverPage.tsx(1840,69): error TS2339: Property 'div' does not exist on type 'JSX.IntrinsicElements'.
src/pages/TakeoverPage.tsx(1841,69): error TS2339: Property 'div' does not exist on type 'JSX.IntrinsicElements'.
src/pages/TakeoverPage.tsx(1842,73): error TS2339: Property 'label' does not exist on type 'JSX.IntrinsicElements'.
src/pages/TakeoverPage.tsx(1842,170): error TS2339: Property 'label' does not exist on type 'JSX.IntrinsicElements'.
src/pages/TakeoverPage.tsx(1843,73): error TS2339: Property 'input' does not exist on type 'JSX.IntrinsicElements'.
src/pages/TakeoverPage.tsx(1844,69): error TS2339: Property 'div' does not exist on type 'JSX.IntrinsicElements'.
src/pages/TakeoverPage.tsx(1845,65): error TS2339: Property 'div' does not exist on type 'JSX.IntrinsicElements'.
src/pages/TakeoverPage.tsx(1846,65): error TS2339: Property 'div' does not exist on type 'JSX.IntrinsicElements'.
src/pages/TakeoverPage.tsx(1847,69): error TS2339: Property 'label' does not exist on type 'JSX.IntrinsicElements'.
src/pages/TakeoverPage.tsx(1847,175): error TS2339: Property 'label' does not exist on type 'JSX.IntrinsicElements'.
src/pages/TakeoverPage.tsx(1848,69): error TS2339: Property 'div' does not exist on type 'JSX.IntrinsicElements'.
src/pages/TakeoverPage.tsx(1849,73): error TS2339: Property 'input' does not exist on type 'JSX.IntrinsicElements'.
src/pages/TakeoverPage.tsx(1850,73): error TS2339: Property 'button' does not exist on type 'JSX.IntrinsicElements'.
src/pages/TakeoverPage.tsx(1850,287): error TS2339: Property 'button' does not exist on type 'JSX.IntrinsicElements'.
src/pages/TakeoverPage.tsx(1851,69): error TS2339: Property 'div' does not exist on type 'JSX.IntrinsicElements'.
src/pages/TakeoverPage.tsx(1852,65): error TS2339: Property 'div' does not exist on type 'JSX.IntrinsicElements'.
src/pages/TakeoverPage.tsx(1853,65): error TS2339: Property 'div' does not exist on type 'JSX.IntrinsicElements'.
src/pages/TakeoverPage.tsx(1854,69): error TS2339: Property 'label' does not exist on type 'JSX.IntrinsicElements'.
src/pages/TakeoverPage.tsx(1854,175): error TS2339: Property 'label' does not exist on type 'JSX.IntrinsicElements'.
src/pages/TakeoverPage.tsx(1855,69): error TS2339: Property 'div' does not exist on type 'JSX.IntrinsicElements'.
src/pages/TakeoverPage.tsx(1856,73): error TS2339: Property 'input' does not exist on type 'JSX.IntrinsicElements'.
src/pages/TakeoverPage.tsx(1857,73): error TS2339: Property 'button' does not exist on type 'JSX.IntrinsicElements'.
src/pages/TakeoverPage.tsx(1857,287): error TS2339: Property 'button' does not exist on type 'JSX.IntrinsicElements'.
src/pages/TakeoverPage.tsx(1858,69): error TS2339: Property 'div' does not exist on type 'JSX.IntrinsicElements'.
src/pages/TakeoverPage.tsx(1859,65): error TS2339: Property 'div' does not exist on type 'JSX.IntrinsicElements'.
src/pages/TakeoverPage.tsx(1860,61): error TS2339: Property 'div' does not exist on type 'JSX.IntrinsicElements'.
src/pages/TakeoverPage.tsx(1861,57): error TS2339: Property 'div' does not exist on type 'JSX.IntrinsicElements'.
src/pages/TakeoverPage.tsx(1862,53): error TS2339: Property 'div' does not exist on type 'JSX.IntrinsicElements'.
src/pages/TakeoverPage.tsx(1863,49): error TS2339: Property 'div' does not exist on type 'JSX.IntrinsicElements'.
src/pages/TakeoverPage.tsx(1867,49): error TS2339: Property 'div' does not exist on type 'JSX.IntrinsicElements'.
src/pages/TakeoverPage.tsx(1868,53): error TS2339: Property 'div' does not exist on type 'JSX.IntrinsicElements'.
src/pages/TakeoverPage.tsx(1870,57): error TS2339: Property 'div' does not exist on type 'JSX.IntrinsicElements'.
src/pages/TakeoverPage.tsx(1871,61): error TS2339: Property 'div' does not exist on type 'JSX.IntrinsicElements'.
src/pages/TakeoverPage.tsx(1872,65): error TS2339: Property 'div' does not exist on type 'JSX.IntrinsicElements'.
src/pages/TakeoverPage.tsx(1873,69): error TS2339: Property 'div' does not exist on type 'JSX.IntrinsicElements'.
src/pages/TakeoverPage.tsx(1875,69): error TS2339: Property 'div' does not exist on type 'JSX.IntrinsicElements'.
src/pages/TakeoverPage.tsx(1876,69): error TS2339: Property 'h3' does not exist on type 'JSX.IntrinsicElements'.
src/pages/TakeoverPage.tsx(1876,159): error TS2339: Property 'span' does not exist on type 'JSX.IntrinsicElements'.
src/pages/TakeoverPage.tsx(1876,206): error TS2339: Property 'span' does not exist on type 'JSX.IntrinsicElements'.
src/pages/TakeoverPage.tsx(1876,213): error TS2339: Property 'h3' does not exist on type 'JSX.IntrinsicElements'.
src/pages/TakeoverPage.tsx(1877,65): error TS2339: Property 'div' does not exist on type 'JSX.IntrinsicElements'.
src/pages/TakeoverPage.tsx(1878,65): error TS2339: Property 'button' does not exist on type 'JSX.IntrinsicElements'.
src/pages/TakeoverPage.tsx(1882,69): error TS2339: Property 'div' does not exist on type 'JSX.IntrinsicElements'.
src/pages/TakeoverPage.tsx(1883,65): error TS2339: Property 'button' does not exist on type 'JSX.IntrinsicElements'.
src/pages/TakeoverPage.tsx(1884,61): error TS2339: Property 'div' does not exist on type 'JSX.IntrinsicElements'.
src/pages/TakeoverPage.tsx(1885,61): error TS2339: Property 'p' does not exist on type 'JSX.IntrinsicElements'.
src/pages/TakeoverPage.tsx(1887,61): error TS2339: Property 'p' does not exist on type 'JSX.IntrinsicElements'.
src/pages/TakeoverPage.tsx(1888,57): error TS2339: Property 'div' does not exist on type 'JSX.IntrinsicElements'.
src/pages/TakeoverPage.tsx(1891,57): error TS2339: Property 'div' does not exist on type 'JSX.IntrinsicElements'.
src/pages/TakeoverPage.tsx(1892,61): error TS2339: Property 'div' does not exist on type 'JSX.IntrinsicElements'.
src/pages/TakeoverPage.tsx(1893,65): error TS2339: Property 'div' does not exist on type 'JSX.IntrinsicElements'.
src/pages/TakeoverPage.tsx(1894,69): error TS2339: Property 'div' does not exist on type 'JSX.IntrinsicElements'.
src/pages/TakeoverPage.tsx(1896,69): error TS2339: Property 'div' does not exist on type 'JSX.IntrinsicElements'.
src/pages/TakeoverPage.tsx(1897,69): error TS2339: Property 'h3' does not exist on type 'JSX.IntrinsicElements'.
src/pages/TakeoverPage.tsx(1897,159): error TS2339: Property 'span' does not exist on type 'JSX.IntrinsicElements'.
src/pages/TakeoverPage.tsx(1897,202): error TS2339: Property 'span' does not exist on type 'JSX.IntrinsicElements'.
src/pages/TakeoverPage.tsx(1897,209): error TS2339: Property 'h3' does not exist on type 'JSX.IntrinsicElements'.
src/pages/TakeoverPage.tsx(1898,65): error TS2339: Property 'div' does not exist on type 'JSX.IntrinsicElements'.
src/pages/TakeoverPage.tsx(1899,65): error TS2339: Property 'button' does not exist on type 'JSX.IntrinsicElements'.
src/pages/TakeoverPage.tsx(1903,69): error TS2339: Property 'div' does not exist on type 'JSX.IntrinsicElements'.
src/pages/TakeoverPage.tsx(1904,65): error TS2339: Property 'button' does not exist on type 'JSX.IntrinsicElements'.
src/pages/TakeoverPage.tsx(1905,61): error TS2339: Property 'div' does not exist on type 'JSX.IntrinsicElements'.
src/pages/TakeoverPage.tsx(1907,61): error TS2339: Property 'div' does not exist on type 'JSX.IntrinsicElements'.
src/pages/TakeoverPage.tsx(1908,65): error TS2339: Property 'div' does not exist on type 'JSX.IntrinsicElements'.
src/pages/TakeoverPage.tsx(1909,69): error TS2339: Property 'label' does not exist on type 'JSX.IntrinsicElements'.
src/pages/TakeoverPage.tsx(1909,170): error TS2339: Property 'label' does not exist on type 'JSX.IntrinsicElements'.
src/pages/TakeoverPage.tsx(1910,69): error TS2339: Property 'select' does not exist on type 'JSX.IntrinsicElements'.
src/pages/TakeoverPage.tsx(1915,73): error TS2339: Property 'option' does not exist on type 'JSX.IntrinsicElements'.
src/pages/TakeoverPage.tsx(1915,123): error TS2339: Property 'option' does not exist on type 'JSX.IntrinsicElements'.
src/pages/TakeoverPage.tsx(1916,73): error TS2339: Property 'option' does not exist on type 'JSX.IntrinsicElements'.
src/pages/TakeoverPage.tsx(1916,121): error TS2339: Property 'option' does not exist on type 'JSX.IntrinsicElements'.
src/pages/TakeoverPage.tsx(1917,73): error TS2339: Property 'option' does not exist on type 'JSX.IntrinsicElements'.
src/pages/TakeoverPage.tsx(1917,122): error TS2339: Property 'option' does not exist on type 'JSX.IntrinsicElements'.
src/pages/TakeoverPage.tsx(1918,69): error TS2339: Property 'select' does not exist on type 'JSX.IntrinsicElements'.
src/pages/TakeoverPage.tsx(1919,65): error TS2339: Property 'div' does not exist on type 'JSX.IntrinsicElements'.
src/pages/TakeoverPage.tsx(1921,65): error TS2339: Property 'div' does not exist on type 'JSX.IntrinsicElements'.
src/pages/TakeoverPage.tsx(1922,69): error TS2339: Property 'div' does not exist on type 'JSX.IntrinsicElements'.
src/pages/TakeoverPage.tsx(1923,73): error TS2339: Property 'label' does not exist on type 'JSX.IntrinsicElements'.
src/pages/TakeoverPage.tsx(1923,171): error TS2339: Property 'label' does not exist on type 'JSX.IntrinsicElements'.
src/pages/TakeoverPage.tsx(1924,73): error TS2339: Property 'div' does not exist on type 'JSX.IntrinsicElements'.
src/pages/TakeoverPage.tsx(1925,77): error TS2339: Property 'input' does not exist on type 'JSX.IntrinsicElements'.
src/pages/TakeoverPage.tsx(1926,77): error TS2339: Property 'span' does not exist on type 'JSX.IntrinsicElements'.
src/pages/TakeoverPage.tsx(1926,164): error TS2339: Property 'span' does not exist on type 'JSX.IntrinsicElements'.
src/pages/TakeoverPage.tsx(1927,73): error TS2339: Property 'div' does not exist on type 'JSX.IntrinsicElements'.
src/pages/TakeoverPage.tsx(1928,69): error TS2339: Property 'div' does not exist on type 'JSX.IntrinsicElements'.
src/pages/TakeoverPage.tsx(1929,69): error TS2339: Property 'div' does not exist on type 'JSX.IntrinsicElements'.
src/pages/TakeoverPage.tsx(1930,73): error TS2339: Property 'label' does not exist on type 'JSX.IntrinsicElements'.
src/pages/TakeoverPage.tsx(1930,172): error TS2339: Property 'label' does not exist on type 'JSX.IntrinsicElements'.
src/pages/TakeoverPage.tsx(1931,73): error TS2339: Property 'div' does not exist on type 'JSX.IntrinsicElements'.
src/pages/TakeoverPage.tsx(1932,77): error TS2339: Property 'input' does not exist on type 'JSX.IntrinsicElements'.
src/pages/TakeoverPage.tsx(1933,77): error TS2339: Property 'span' does not exist on type 'JSX.IntrinsicElements'.
src/pages/TakeoverPage.tsx(1933,166): error TS2339: Property 'span' does not exist on type 'JSX.IntrinsicElements'.
src/pages/TakeoverPage.tsx(1934,73): error TS2339: Property 'div' does not exist on type 'JSX.IntrinsicElements'.
src/pages/TakeoverPage.tsx(1935,69): error TS2339: Property 'div' does not exist on type 'JSX.IntrinsicElements'.
src/pages/TakeoverPage.tsx(1936,65): error TS2339: Property 'div' does not exist on type 'JSX.IntrinsicElements'.
src/pages/TakeoverPage.tsx(1939,69): error TS2339: Property 'div' does not exist on type 'JSX.IntrinsicElements'.
src/pages/TakeoverPage.tsx(1940,73): error TS2339: Property 'div' does not exist on type 'JSX.IntrinsicElements'.
src/pages/TakeoverPage.tsx(1941,77): error TS2339: Property 'label' does not exist on type 'JSX.IntrinsicElements'.
src/pages/TakeoverPage.tsx(1941,176): error TS2339: Property 'label' does not exist on type 'JSX.IntrinsicElements'.
src/pages/TakeoverPage.tsx(1942,77): error TS2339: Property 'input' does not exist on type 'JSX.IntrinsicElements'.
src/pages/TakeoverPage.tsx(1943,73): error TS2339: Property 'div' does not exist on type 'JSX.IntrinsicElements'.
src/pages/TakeoverPage.tsx(1944,73): error TS2339: Property 'div' does not exist on type 'JSX.IntrinsicElements'.
src/pages/TakeoverPage.tsx(1945,77): error TS2339: Property 'label' does not exist on type 'JSX.IntrinsicElements'.
src/pages/TakeoverPage.tsx(1945,187): error TS2339: Property 'label' does not exist on type 'JSX.IntrinsicElements'.
src/pages/TakeoverPage.tsx(1946,77): error TS2339: Property 'input' does not exist on type 'JSX.IntrinsicElements'.
src/pages/TakeoverPage.tsx(1947,73): error TS2339: Property 'div' does not exist on type 'JSX.IntrinsicElements'.
src/pages/TakeoverPage.tsx(1948,69): error TS2339: Property 'div' does not exist on type 'JSX.IntrinsicElements'.
src/pages/TakeoverPage.tsx(1950,61): error TS2339: Property 'div' does not exist on type 'JSX.IntrinsicElements'.
src/pages/TakeoverPage.tsx(1951,57): error TS2339: Property 'div' does not exist on type 'JSX.IntrinsicElements'.
src/pages/TakeoverPage.tsx(1952,53): error TS2339: Property 'div' does not exist on type 'JSX.IntrinsicElements'.
src/pages/TakeoverPage.tsx(1953,49): error TS2339: Property 'div' does not exist on type 'JSX.IntrinsicElements'.
src/pages/TakeoverPage.tsx(1958,49): error TS2339: Property 'div' does not exist on type 'JSX.IntrinsicElements'.
src/pages/TakeoverPage.tsx(1959,53): error TS2339: Property 'div' does not exist on type 'JSX.IntrinsicElements'.
src/pages/TakeoverPage.tsx(1961,57): error TS2339: Property 'div' does not exist on type 'JSX.IntrinsicElements'.
src/pages/TakeoverPage.tsx(1962,61): error TS2339: Property 'div' does not exist on type 'JSX.IntrinsicElements'.
src/pages/TakeoverPage.tsx(1963,65): error TS2339: Property 'div' does not exist on type 'JSX.IntrinsicElements'.
src/pages/TakeoverPage.tsx(1965,65): error TS2339: Property 'div' does not exist on type 'JSX.IntrinsicElements'.
src/pages/TakeoverPage.tsx(1966,65): error TS2339: Property 'h3' does not exist on type 'JSX.IntrinsicElements'.
src/pages/TakeoverPage.tsx(1966,156): error TS2339: Property 'span' does not exist on type 'JSX.IntrinsicElements'.
src/pages/TakeoverPage.tsx(1966,199): error TS2339: Property 'span' does not exist on type 'JSX.IntrinsicElements'.
src/pages/TakeoverPage.tsx(1966,206): error TS2339: Property 'h3' does not exist on type 'JSX.IntrinsicElements'.
src/pages/TakeoverPage.tsx(1967,61): error TS2339: Property 'div' does not exist on type 'JSX.IntrinsicElements'.
src/pages/TakeoverPage.tsx(1968,61): error TS2339: Property 'div' does not exist on type 'JSX.IntrinsicElements'.
src/pages/TakeoverPage.tsx(1969,65): error TS2339: Property 'div' does not exist on type 'JSX.IntrinsicElements'.
src/pages/TakeoverPage.tsx(1970,69): error TS2339: Property 'input' does not exist on type 'JSX.IntrinsicElements'.
src/pages/TakeoverPage.tsx(1983,69): error TS2339: Property 'button' does not exist on type 'JSX.IntrinsicElements'.
src/pages/TakeoverPage.tsx(1992,69): error TS2339: Property 'button' does not exist on type 'JSX.IntrinsicElements'.
src/pages/TakeoverPage.tsx(1993,65): error TS2339: Property 'div' does not exist on type 'JSX.IntrinsicElements'.
src/pages/TakeoverPage.tsx(1995,65): error TS2339: Property 'div' does not exist on type 'JSX.IntrinsicElements'.
src/pages/TakeoverPage.tsx(1997,73): error TS2339: Property 'div' does not exist on type 'JSX.IntrinsicElements'.
src/pages/TakeoverPage.tsx(1998,77): error TS2339: Property 'div' does not exist on type 'JSX.IntrinsicElements'.
src/pages/TakeoverPage.tsx(1999,81): error TS2339: Property 'div' does not exist on type 'JSX.IntrinsicElements'.
src/pages/TakeoverPage.tsx(2000,81): error TS2339: Property 'span' does not exist on type 'JSX.IntrinsicElements'.
src/pages/TakeoverPage.tsx(2000,174): error TS2339: Property 'span' does not exist on type 'JSX.IntrinsicElements'.
src/pages/TakeoverPage.tsx(2001,77): error TS2339: Property 'div' does not exist on type 'JSX.IntrinsicElements'.
src/pages/TakeoverPage.tsx(2002,77): error TS2339: Property 'button' does not exist on type 'JSX.IntrinsicElements'.
src/pages/TakeoverPage.tsx(2007,77): error TS2339: Property 'button' does not exist on type 'JSX.IntrinsicElements'.
src/pages/TakeoverPage.tsx(2008,73): error TS2339: Property 'div' does not exist on type 'JSX.IntrinsicElements'.
src/pages/TakeoverPage.tsx(2010,98): error TS2339: Property 'p' does not exist on type 'JSX.IntrinsicElements'.
src/pages/TakeoverPage.tsx(2010,227): error TS2339: Property 'p' does not exist on type 'JSX.IntrinsicElements'.
src/pages/TakeoverPage.tsx(2011,65): error TS2339: Property 'div' does not exist on type 'JSX.IntrinsicElements'.
src/pages/TakeoverPage.tsx(2012,61): error TS2339: Property 'div' does not exist on type 'JSX.IntrinsicElements'.
src/pages/TakeoverPage.tsx(2013,57): error TS2339: Property 'div' does not exist on type 'JSX.IntrinsicElements'.
src/pages/TakeoverPage.tsx(2016,57): error TS2339: Property 'div' does not exist on type 'JSX.IntrinsicElements'.
src/pages/TakeoverPage.tsx(2017,61): error TS2339: Property 'div' does not exist on type 'JSX.IntrinsicElements'.
src/pages/TakeoverPage.tsx(2018,65): error TS2339: Property 'div' does not exist on type 'JSX.IntrinsicElements'.
src/pages/TakeoverPage.tsx(2020,65): error TS2339: Property 'div' does not exist on type 'JSX.IntrinsicElements'.
src/pages/TakeoverPage.tsx(2021,65): error TS2339: Property 'h3' does not exist on type 'JSX.IntrinsicElements'.
src/pages/TakeoverPage.tsx(2021,151): error TS2339: Property 'span' does not exist on type 'JSX.IntrinsicElements'.
src/pages/TakeoverPage.tsx(2021,194): error TS2339: Property 'span' does not exist on type 'JSX.IntrinsicElements'.
src/pages/TakeoverPage.tsx(2021,201): error TS2339: Property 'h3' does not exist on type 'JSX.IntrinsicElements'.
src/pages/TakeoverPage.tsx(2022,61): error TS2339: Property 'div' does not exist on type 'JSX.IntrinsicElements'.
src/pages/TakeoverPage.tsx(2023,61): error TS2339: Property 'div' does not exist on type 'JSX.IntrinsicElements'.
src/pages/TakeoverPage.tsx(2025,69): error TS2339: Property 'div' does not exist on type 'JSX.IntrinsicElements'.
src/pages/TakeoverPage.tsx(2026,73): error TS2339: Property 'div' does not exist on type 'JSX.IntrinsicElements'.
src/pages/TakeoverPage.tsx(2027,77): error TS2339: Property 'div' does not exist on type 'JSX.IntrinsicElements'.
src/pages/TakeoverPage.tsx(2028,77): error TS2339: Property 'span' does not exist on type 'JSX.IntrinsicElements'.
src/pages/TakeoverPage.tsx(2028,167): error TS2339: Property 'span' does not exist on type 'JSX.IntrinsicElements'.
src/pages/TakeoverPage.tsx(2029,73): error TS2339: Property 'div' does not exist on type 'JSX.IntrinsicElements'.
src/pages/TakeoverPage.tsx(2030,69): error TS2339: Property 'div' does not exist on type 'JSX.IntrinsicElements'.
src/pages/TakeoverPage.tsx(2033,69): error TS2339: Property 'p' does not exist on type 'JSX.IntrinsicElements'.
src/pages/TakeoverPage.tsx(2033,190): error TS2339: Property 'p' does not exist on type 'JSX.IntrinsicElements'.
src/pages/TakeoverPage.tsx(2035,61): error TS2339: Property 'div' does not exist on type 'JSX.IntrinsicElements'.
src/pages/TakeoverPage.tsx(2036,57): error TS2339: Property 'div' does not exist on type 'JSX.IntrinsicElements'.
src/pages/TakeoverPage.tsx(2039,57): error TS2339: Property 'div' does not exist on type 'JSX.IntrinsicElements'.
src/pages/TakeoverPage.tsx(2040,61): error TS2339: Property 'div' does not exist on type 'JSX.IntrinsicElements'.
src/pages/TakeoverPage.tsx(2041,65): error TS2339: Property 'div' does not exist on type 'JSX.IntrinsicElements'.
src/pages/TakeoverPage.tsx(2043,65): error TS2339: Property 'div' does not exist on type 'JSX.IntrinsicElements'.
src/pages/TakeoverPage.tsx(2044,65): error TS2339: Property 'h3' does not exist on type 'JSX.IntrinsicElements'.
src/pages/TakeoverPage.tsx(2044,155): error TS2339: Property 'span' does not exist on type 'JSX.IntrinsicElements'.
src/pages/TakeoverPage.tsx(2044,197): error TS2339: Property 'span' does not exist on type 'JSX.IntrinsicElements'.
src/pages/TakeoverPage.tsx(2044,204): error TS2339: Property 'h3' does not exist on type 'JSX.IntrinsicElements'.
src/pages/TakeoverPage.tsx(2045,61): error TS2339: Property 'div' does not exist on type 'JSX.IntrinsicElements'.
src/pages/TakeoverPage.tsx(2047,61): error TS2339: Property 'div' does not exist on type 'JSX.IntrinsicElements'.
src/pages/TakeoverPage.tsx(2048,65): error TS2339: Property 'div' does not exist on type 'JSX.IntrinsicElements'.
src/pages/TakeoverPage.tsx(2049,69): error TS2339: Property 'div' does not exist on type 'JSX.IntrinsicElements'.
src/pages/TakeoverPage.tsx(2050,73): error TS2339: Property 'p' does not exist on type 'JSX.IntrinsicElements'.
src/pages/TakeoverPage.tsx(2052,73): error TS2339: Property 'p' does not exist on type 'JSX.IntrinsicElements'.
src/pages/TakeoverPage.tsx(2053,73): error TS2339: Property 'p' does not exist on type 'JSX.IntrinsicElements'.
src/pages/TakeoverPage.tsx(2053,182): error TS2339: Property 'p' does not exist on type 'JSX.IntrinsicElements'.
src/pages/TakeoverPage.tsx(2054,69): error TS2339: Property 'div' does not exist on type 'JSX.IntrinsicElements'.
src/pages/TakeoverPage.tsx(2055,69): error TS2339: Property 'button' does not exist on type 'JSX.IntrinsicElements'.
src/pages/TakeoverPage.tsx(2059,73): error TS2339: Property 'div' does not exist on type 'JSX.IntrinsicElements'.
src/pages/TakeoverPage.tsx(2060,69): error TS2339: Property 'button' does not exist on type 'JSX.IntrinsicElements'.
src/pages/TakeoverPage.tsx(2061,65): error TS2339: Property 'div' does not exist on type 'JSX.IntrinsicElements'.
src/pages/TakeoverPage.tsx(2063,65): error TS2339: Property 'div' does not exist on type 'JSX.IntrinsicElements'.
src/pages/TakeoverPage.tsx(2064,69): error TS2339: Property 'p' does not exist on type 'JSX.IntrinsicElements'.
src/pages/TakeoverPage.tsx(2066,69): error TS2339: Property 'p' does not exist on type 'JSX.IntrinsicElements'.
src/pages/TakeoverPage.tsx(2067,69): error TS2339: Property 'div' does not exist on type 'JSX.IntrinsicElements'.
src/pages/TakeoverPage.tsx(2068,73): error TS2339: Property 'span' does not exist on type 'JSX.IntrinsicElements'.
src/pages/TakeoverPage.tsx(2068,178): error TS2339: Property 'span' does not exist on type 'JSX.IntrinsicElements'.
src/pages/TakeoverPage.tsx(2069,73): error TS2339: Property 'span' does not exist on type 'JSX.IntrinsicElements'.
src/pages/TakeoverPage.tsx(2069,220): error TS2339: Property 'span' does not exist on type 'JSX.IntrinsicElements'.
src/pages/TakeoverPage.tsx(2070,69): error TS2339: Property 'div' does not exist on type 'JSX.IntrinsicElements'.
src/pages/TakeoverPage.tsx(2071,65): error TS2339: Property 'div' does not exist on type 'JSX.IntrinsicElements'.
src/pages/TakeoverPage.tsx(2072,61): error TS2339: Property 'div' does not exist on type 'JSX.IntrinsicElements'.
src/pages/TakeoverPage.tsx(2073,57): error TS2339: Property 'div' does not exist on type 'JSX.IntrinsicElements'.
src/pages/TakeoverPage.tsx(2076,57): error TS2339: Property 'div' does not exist on type 'JSX.IntrinsicElements'.
src/pages/TakeoverPage.tsx(2077,61): error TS2339: Property 'div' does not exist on type 'JSX.IntrinsicElements'.
src/pages/TakeoverPage.tsx(2078,65): error TS2339: Property 'div' does not exist on type 'JSX.IntrinsicElements'.
src/pages/TakeoverPage.tsx(2080,65): error TS2339: Property 'div' does not exist on type 'JSX.IntrinsicElements'.
src/pages/TakeoverPage.tsx(2081,65): error TS2339: Property 'h3' does not exist on type 'JSX.IntrinsicElements'.
src/pages/TakeoverPage.tsx(2081,153): error TS2339: Property 'span' does not exist on type 'JSX.IntrinsicElements'.
src/pages/TakeoverPage.tsx(2081,192): error TS2339: Property 'span' does not exist on type 'JSX.IntrinsicElements'.
src/pages/TakeoverPage.tsx(2081,199): error TS2339: Property 'h3' does not exist on type 'JSX.IntrinsicElements'.
src/pages/TakeoverPage.tsx(2082,61): error TS2339: Property 'div' does not exist on type 'JSX.IntrinsicElements'.
src/pages/TakeoverPage.tsx(2084,61): error TS2339: Property 'div' does not exist on type 'JSX.IntrinsicElements'.
src/pages/TakeoverPage.tsx(2085,65): error TS2339: Property 'div' does not exist on type 'JSX.IntrinsicElements'.
src/pages/TakeoverPage.tsx(2086,69): error TS2339: Property 'label' does not exist on type 'JSX.IntrinsicElements'.
src/pages/TakeoverPage.tsx(2086,163): error TS2339: Property 'label' does not exist on type 'JSX.IntrinsicElements'.
src/pages/TakeoverPage.tsx(2087,69): error TS2339: Property 'input' does not exist on type 'JSX.IntrinsicElements'.
src/pages/TakeoverPage.tsx(2088,65): error TS2339: Property 'div' does not exist on type 'JSX.IntrinsicElements'.
src/pages/TakeoverPage.tsx(2089,65): error TS2339: Property 'div' does not exist on type 'JSX.IntrinsicElements'.
src/pages/TakeoverPage.tsx(2090,69): error TS2339: Property 'div' does not exist on type 'JSX.IntrinsicElements'.
src/pages/TakeoverPage.tsx(2092,77): error TS2339: Property 'input' does not exist on type 'JSX.IntrinsicElements'.
src/pages/TakeoverPage.tsx(2098,69): error TS2339: Property 'div' does not exist on type 'JSX.IntrinsicElements'.
src/pages/TakeoverPage.tsx(2100,73): error TS2339: Property 'button' does not exist on type 'JSX.IntrinsicElements'.
src/pages/TakeoverPage.tsx(2105,73): error TS2339: Property 'button' does not exist on type 'JSX.IntrinsicElements'.
src/pages/TakeoverPage.tsx(2107,65): error TS2339: Property 'div' does not exist on type 'JSX.IntrinsicElements'.
src/pages/TakeoverPage.tsx(2109,65): error TS2339: Property 'div' does not exist on type 'JSX.IntrinsicElements'.
src/pages/TakeoverPage.tsx(2110,69): error TS2339: Property 'button' does not exist on type 'JSX.IntrinsicElements'.
src/pages/TakeoverPage.tsx(2110,318): error TS2339: Property 'button' does not exist on type 'JSX.IntrinsicElements'.
src/pages/TakeoverPage.tsx(2112,73): error TS2339: Property 'button' does not exist on type 'JSX.IntrinsicElements'.
src/pages/TakeoverPage.tsx(2112,287): error TS2339: Property 'button' does not exist on type 'JSX.IntrinsicElements'.
src/pages/TakeoverPage.tsx(2114,65): error TS2339: Property 'div' does not exist on type 'JSX.IntrinsicElements'.
src/pages/TakeoverPage.tsx(2115,61): error TS2339: Property 'div' does not exist on type 'JSX.IntrinsicElements'.
src/pages/TakeoverPage.tsx(2116,57): error TS2339: Property 'div' does not exist on type 'JSX.IntrinsicElements'.
src/pages/TakeoverPage.tsx(2117,53): error TS2339: Property 'div' does not exist on type 'JSX.IntrinsicElements'.
src/pages/TakeoverPage.tsx(2120,53): error TS2339: Property 'div' does not exist on type 'JSX.IntrinsicElements'.
src/pages/TakeoverPage.tsx(2121,57): error TS2339: Property 'div' does not exist on type 'JSX.IntrinsicElements'.
src/pages/TakeoverPage.tsx(2122,61): error TS2339: Property 'div' does not exist on type 'JSX.IntrinsicElements'.
src/pages/TakeoverPage.tsx(2124,61): error TS2339: Property 'div' does not exist on type 'JSX.IntrinsicElements'.
src/pages/TakeoverPage.tsx(2125,61): error TS2339: Property 'h3' does not exist on type 'JSX.IntrinsicElements'.
src/pages/TakeoverPage.tsx(2125,151): error TS2339: Property 'span' does not exist on type 'JSX.IntrinsicElements'.
src/pages/TakeoverPage.tsx(2125,188): error TS2339: Property 'span' does not exist on type 'JSX.IntrinsicElements'.
src/pages/TakeoverPage.tsx(2125,195): error TS2339: Property 'h3' does not exist on type 'JSX.IntrinsicElements'.
src/pages/TakeoverPage.tsx(2126,57): error TS2339: Property 'div' does not exist on type 'JSX.IntrinsicElements'.
src/pages/TakeoverPage.tsx(2127,57): error TS2339: Property 'div' does not exist on type 'JSX.IntrinsicElements'.
src/pages/TakeoverPage.tsx(2128,61): error TS2339: Property 'div' does not exist on type 'JSX.IntrinsicElements'.
src/pages/TakeoverPage.tsx(2129,65): error TS2339: Property 'label' does not exist on type 'JSX.IntrinsicElements'.
src/pages/TakeoverPage.tsx(2129,168): error TS2339: Property 'label' does not exist on type 'JSX.IntrinsicElements'.
src/pages/TakeoverPage.tsx(2130,65): error TS2339: Property 'div' does not exist on type 'JSX.IntrinsicElements'.
src/pages/TakeoverPage.tsx(2131,69): error TS2339: Property 'input' does not exist on type 'JSX.IntrinsicElements'.
src/pages/TakeoverPage.tsx(2132,69): error TS2339: Property 'span' does not exist on type 'JSX.IntrinsicElements'.
src/pages/TakeoverPage.tsx(2132,138): error TS2339: Property 'span' does not exist on type 'JSX.IntrinsicElements'.
src/pages/TakeoverPage.tsx(2133,65): error TS2339: Property 'div' does not exist on type 'JSX.IntrinsicElements'.
src/pages/TakeoverPage.tsx(2134,61): error TS2339: Property 'div' does not exist on type 'JSX.IntrinsicElements'.
src/pages/TakeoverPage.tsx(2135,61): error TS2339: Property 'div' does not exist on type 'JSX.IntrinsicElements'.
src/pages/TakeoverPage.tsx(2136,65): error TS2339: Property 'label' does not exist on type 'JSX.IntrinsicElements'.
src/pages/TakeoverPage.tsx(2136,162): error TS2339: Property 'label' does not exist on type 'JSX.IntrinsicElements'.
src/pages/TakeoverPage.tsx(2137,65): error TS2339: Property 'div' does not exist on type 'JSX.IntrinsicElements'.
src/pages/TakeoverPage.tsx(2138,69): error TS2339: Property 'div' does not exist on type 'JSX.IntrinsicElements'.
src/pages/TakeoverPage.tsx(2139,73): error TS2339: Property 'input' does not exist on type 'JSX.IntrinsicElements'.
src/pages/TakeoverPage.tsx(2148,73): error TS2339: Property 'div' does not exist on type 'JSX.IntrinsicElements'.
src/pages/TakeoverPage.tsx(2148,320): error TS2339: Property 'div' does not exist on type 'JSX.IntrinsicElements'.
src/pages/TakeoverPage.tsx(2149,69): error TS2339: Property 'div' does not exist on type 'JSX.IntrinsicElements'.
src/pages/TakeoverPage.tsx(2150,69): error TS2339: Property 'div' does not exist on type 'JSX.IntrinsicElements'.
src/pages/TakeoverPage.tsx(2151,73): error TS2339: Property 'input' does not exist on type 'JSX.IntrinsicElements'.
src/pages/TakeoverPage.tsx(2158,73): error TS2339: Property 'button' does not exist on type 'JSX.IntrinsicElements'.
src/pages/TakeoverPage.tsx(2163,73): error TS2339: Property 'button' does not exist on type 'JSX.IntrinsicElements'.
src/pages/TakeoverPage.tsx(2164,69): error TS2339: Property 'div' does not exist on type 'JSX.IntrinsicElements'.
src/pages/TakeoverPage.tsx(2165,65): error TS2339: Property 'div' does not exist on type 'JSX.IntrinsicElements'.
src/pages/TakeoverPage.tsx(2166,61): error TS2339: Property 'div' does not exist on type 'JSX.IntrinsicElements'.
src/pages/TakeoverPage.tsx(2167,57): error TS2339: Property 'div' does not exist on type 'JSX.IntrinsicElements'.
src/pages/TakeoverPage.tsx(2168,53): error TS2339: Property 'div' does not exist on type 'JSX.IntrinsicElements'.
src/pages/TakeoverPage.tsx(2169,49): error TS2339: Property 'div' does not exist on type 'JSX.IntrinsicElements'.
src/pages/TakeoverPage.tsx(2172,49): error TS2339: Property 'div' does not exist on type 'JSX.IntrinsicElements'.
src/pages/TakeoverPage.tsx(2173,53): error TS2339: Property 'div' does not exist on type 'JSX.IntrinsicElements'.
src/pages/TakeoverPage.tsx(2174,57): error TS2339: Property 'div' does not exist on type 'JSX.IntrinsicElements'.
src/pages/TakeoverPage.tsx(2175,61): error TS2339: Property 'label' does not exist on type 'JSX.IntrinsicElements'.
src/pages/TakeoverPage.tsx(2177,61): error TS2339: Property 'label' does not exist on type 'JSX.IntrinsicElements'.
src/pages/TakeoverPage.tsx(2178,57): error TS2339: Property 'div' does not exist on type 'JSX.IntrinsicElements'.
src/pages/TakeoverPage.tsx(2179,57): error TS2339: Property 'div' does not exist on type 'JSX.IntrinsicElements'.
src/pages/TakeoverPage.tsx(2180,61): error TS2339: Property 'div' does not exist on type 'JSX.IntrinsicElements'.
src/pages/TakeoverPage.tsx(2181,65): error TS2339: Property 'input' does not exist on type 'JSX.IntrinsicElements'.
src/pages/TakeoverPage.tsx(2182,65): error TS2339: Property 'span' does not exist on type 'JSX.IntrinsicElements'.
src/pages/TakeoverPage.tsx(2182,134): error TS2339: Property 'span' does not exist on type 'JSX.IntrinsicElements'.
src/pages/TakeoverPage.tsx(2183,65): error TS2339: Property 'input' does not exist on type 'JSX.IntrinsicElements'.
src/pages/TakeoverPage.tsx(2184,61): error TS2339: Property 'div' does not exist on type 'JSX.IntrinsicElements'.
src/pages/TakeoverPage.tsx(2185,61): error TS2339: Property 'input' does not exist on type 'JSX.IntrinsicElements'.
src/pages/TakeoverPage.tsx(2186,61): error TS2339: Property 'select' does not exist on type 'JSX.IntrinsicElements'.
src/pages/TakeoverPage.tsx(2187,65): error TS2339: Property 'option' does not exist on type 'JSX.IntrinsicElements'.
src/pages/TakeoverPage.tsx(2187,113): error TS2339: Property 'option' does not exist on type 'JSX.IntrinsicElements'.
src/pages/TakeoverPage.tsx(2188,65): error TS2339: Property 'option' does not exist on type 'JSX.IntrinsicElements'.
src/pages/TakeoverPage.tsx(2188,110): error TS2339: Property 'option' does not exist on type 'JSX.IntrinsicElements'.
src/pages/TakeoverPage.tsx(2189,80): error TS2339: Property 'option' does not exist on type 'JSX.IntrinsicElements'.
src/pages/TakeoverPage.tsx(2189,119): error TS2339: Property 'option' does not exist on type 'JSX.IntrinsicElements'.
src/pages/TakeoverPage.tsx(2190,80): error TS2339: Property 'option' does not exist on type 'JSX.IntrinsicElements'.
src/pages/TakeoverPage.tsx(2190,119): error TS2339: Property 'option' does not exist on type 'JSX.IntrinsicElements'.
src/pages/TakeoverPage.tsx(2191,80): error TS2339: Property 'option' does not exist on type 'JSX.IntrinsicElements'.
src/pages/TakeoverPage.tsx(2191,119): error TS2339: Property 'option' does not exist on type 'JSX.IntrinsicElements'.
src/pages/TakeoverPage.tsx(2192,80): error TS2339: Property 'option' does not exist on type 'JSX.IntrinsicElements'.
src/pages/TakeoverPage.tsx(2192,119): error TS2339: Property 'option' does not exist on type 'JSX.IntrinsicElements'.
src/pages/TakeoverPage.tsx(2193,61): error TS2339: Property 'select' does not exist on type 'JSX.IntrinsicElements'.
src/pages/TakeoverPage.tsx(2194,61): error TS2339: Property 'input' does not exist on type 'JSX.IntrinsicElements'.
src/pages/TakeoverPage.tsx(2195,61): error TS2339: Property 'button' does not exist on type 'JSX.IntrinsicElements'.
src/pages/TakeoverPage.tsx(2195,321): error TS2339: Property 'button' does not exist on type 'JSX.IntrinsicElements'.
src/pages/TakeoverPage.tsx(2196,57): error TS2339: Property 'div' does not exist on type 'JSX.IntrinsicElements'.
src/pages/TakeoverPage.tsx(2200,61): error TS2339: Property 'div' does not exist on type 'JSX.IntrinsicElements'.
src/pages/TakeoverPage.tsx(2201,65): error TS2339: Property 'table' does not exist on type 'JSX.IntrinsicElements'.
src/pages/TakeoverPage.tsx(2202,69): error TS2339: Property 'thead' does not exist on type 'JSX.IntrinsicElements'.
src/pages/TakeoverPage.tsx(2203,73): error TS2339: Property 'tr' does not exist on type 'JSX.IntrinsicElements'.
src/pages/TakeoverPage.tsx(2204,77): error TS2339: Property 'th' does not exist on type 'JSX.IntrinsicElements'.
src/pages/TakeoverPage.tsx(2204,198): error TS2339: Property 'th' does not exist on type 'JSX.IntrinsicElements'.
src/pages/TakeoverPage.tsx(2205,77): error TS2339: Property 'th' does not exist on type 'JSX.IntrinsicElements'.
src/pages/TakeoverPage.tsx(2205,200): error TS2339: Property 'th' does not exist on type 'JSX.IntrinsicElements'.
src/pages/TakeoverPage.tsx(2206,77): error TS2339: Property 'th' does not exist on type 'JSX.IntrinsicElements'.
src/pages/TakeoverPage.tsx(2206,198): error TS2339: Property 'th' does not exist on type 'JSX.IntrinsicElements'.
src/pages/TakeoverPage.tsx(2207,77): error TS2339: Property 'th' does not exist on type 'JSX.IntrinsicElements'.
src/pages/TakeoverPage.tsx(2207,202): error TS2339: Property 'th' does not exist on type 'JSX.IntrinsicElements'.
src/pages/TakeoverPage.tsx(2208,77): error TS2339: Property 'th' does not exist on type 'JSX.IntrinsicElements'.
src/pages/TakeoverPage.tsx(2208,130): error TS2339: Property 'th' does not exist on type 'JSX.IntrinsicElements'.
src/pages/TakeoverPage.tsx(2209,73): error TS2339: Property 'tr' does not exist on type 'JSX.IntrinsicElements'.
src/pages/TakeoverPage.tsx(2210,69): error TS2339: Property 'thead' does not exist on type 'JSX.IntrinsicElements'.
src/pages/TakeoverPage.tsx(2211,69): error TS2339: Property 'tbody' does not exist on type 'JSX.IntrinsicElements'.
src/pages/TakeoverPage.tsx(2221,81): error TS2339: Property 'tr' does not exist on type 'JSX.IntrinsicElements'.
src/pages/TakeoverPage.tsx(2222,85): error TS2339: Property 'td' does not exist on type 'JSX.IntrinsicElements'.
src/pages/TakeoverPage.tsx(2222,219): error TS2339: Property 'td' does not exist on type 'JSX.IntrinsicElements'.
src/pages/TakeoverPage.tsx(2223,85): error TS2339: Property 'td' does not exist on type 'JSX.IntrinsicElements'.
src/pages/TakeoverPage.tsx(2224,89): error TS2339: Property 'button' does not exist on type 'JSX.IntrinsicElements'.
src/pages/TakeoverPage.tsx(2226,89): error TS2339: Property 'button' does not exist on type 'JSX.IntrinsicElements'.
src/pages/TakeoverPage.tsx(2227,85): error TS2339: Property 'td' does not exist on type 'JSX.IntrinsicElements'.
src/pages/TakeoverPage.tsx(2228,81): error TS2339: Property 'tr' does not exist on type 'JSX.IntrinsicElements'.
src/pages/TakeoverPage.tsx(2267,81): error TS2339: Property 'tr' does not exist on type 'JSX.IntrinsicElements'.
src/pages/TakeoverPage.tsx(2268,85): error TS2339: Property 'td' does not exist on type 'JSX.IntrinsicElements'.
src/pages/TakeoverPage.tsx(2268,181): error TS2339: Property 'td' does not exist on type 'JSX.IntrinsicElements'.
src/pages/TakeoverPage.tsx(2269,85): error TS2339: Property 'td' does not exist on type 'JSX.IntrinsicElements'.
src/pages/TakeoverPage.tsx(2269,211): error TS2339: Property 'td' does not exist on type 'JSX.IntrinsicElements'.
src/pages/TakeoverPage.tsx(2270,85): error TS2339: Property 'td' does not exist on type 'JSX.IntrinsicElements'.
src/pages/TakeoverPage.tsx(2271,99): error TS2339: Property 'span' does not exist on type 'JSX.IntrinsicElements'.
src/pages/TakeoverPage.tsx(2271,225): error TS2339: Property 'span' does not exist on type 'JSX.IntrinsicElements'.
src/pages/TakeoverPage.tsx(2272,85): error TS2339: Property 'td' does not exist on type 'JSX.IntrinsicElements'.
src/pages/TakeoverPage.tsx(2273,85): error TS2339: Property 'td' does not exist on type 'JSX.IntrinsicElements'.
src/pages/TakeoverPage.tsx(2276,99): error TS2339: Property 'a' does not exist on type 'JSX.IntrinsicElements'.
src/pages/TakeoverPage.tsx(2276,361): error TS2339: Property 'a' does not exist on type 'JSX.IntrinsicElements'.
src/pages/TakeoverPage.tsx(2277,99): error TS2339: Property 'span' does not exist on type 'JSX.IntrinsicElements'.
src/pages/TakeoverPage.tsx(2277,202): error TS2339: Property 'span' does not exist on type 'JSX.IntrinsicElements'.
src/pages/TakeoverPage.tsx(2279,85): error TS2339: Property 'td' does not exist on type 'JSX.IntrinsicElements'.
src/pages/TakeoverPage.tsx(2280,85): error TS2339: Property 'td' does not exist on type 'JSX.IntrinsicElements'.
src/pages/TakeoverPage.tsx(2281,89): error TS2339: Property 'button' does not exist on type 'JSX.IntrinsicElements'.
src/pages/TakeoverPage.tsx(2283,89): error TS2339: Property 'button' does not exist on type 'JSX.IntrinsicElements'.
src/pages/TakeoverPage.tsx(2284,89): error TS2339: Property 'button' does not exist on type 'JSX.IntrinsicElements'.
src/pages/TakeoverPage.tsx(2286,89): error TS2339: Property 'button' does not exist on type 'JSX.IntrinsicElements'.
src/pages/TakeoverPage.tsx(2287,85): error TS2339: Property 'td' does not exist on type 'JSX.IntrinsicElements'.
src/pages/TakeoverPage.tsx(2288,81): error TS2339: Property 'tr' does not exist on type 'JSX.IntrinsicElements'.
src/pages/TakeoverPage.tsx(2291,69): error TS2339: Property 'tbody' does not exist on type 'JSX.IntrinsicElements'.
src/pages/TakeoverPage.tsx(2292,65): error TS2339: Property 'table' does not exist on type 'JSX.IntrinsicElements'.
src/pages/TakeoverPage.tsx(2293,61): error TS2339: Property 'div' does not exist on type 'JSX.IntrinsicElements'.
src/pages/TakeoverPage.tsx(2296,57): error TS2339: Property 'p' does not exist on type 'JSX.IntrinsicElements'.
src/pages/TakeoverPage.tsx(2296,222): error TS2339: Property 'p' does not exist on type 'JSX.IntrinsicElements'.
src/pages/TakeoverPage.tsx(2297,53): error TS2339: Property 'div' does not exist on type 'JSX.IntrinsicElements'.
src/pages/TakeoverPage.tsx(2298,49): error TS2339: Property 'div' does not exist on type 'JSX.IntrinsicElements'.
src/pages/TakeoverPage.tsx(2305,49): error TS2339: Property 'div' does not exist on type 'JSX.IntrinsicElements'.
src/pages/TakeoverPage.tsx(2307,53): error TS2339: Property 'div' does not exist on type 'JSX.IntrinsicElements'.
src/pages/TakeoverPage.tsx(2308,57): error TS2339: Property 'div' does not exist on type 'JSX.IntrinsicElements'.
src/pages/TakeoverPage.tsx(2309,61): error TS2339: Property 'label' does not exist on type 'JSX.IntrinsicElements'.
src/pages/TakeoverPage.tsx(2311,61): error TS2339: Property 'label' does not exist on type 'JSX.IntrinsicElements'.
src/pages/TakeoverPage.tsx(2312,61): error TS2339: Property 'button' does not exist on type 'JSX.IntrinsicElements'.
src/pages/TakeoverPage.tsx(2322,61): error TS2339: Property 'button' does not exist on type 'JSX.IntrinsicElements'.
src/pages/TakeoverPage.tsx(2323,57): error TS2339: Property 'div' does not exist on type 'JSX.IntrinsicElements'.
src/pages/TakeoverPage.tsx(2324,57): error TS2339: Property 'div' does not exist on type 'JSX.IntrinsicElements'.
src/pages/TakeoverPage.tsx(2325,61): error TS2339: Property 'table' does not exist on type 'JSX.IntrinsicElements'.
src/pages/TakeoverPage.tsx(2326,65): error TS2339: Property 'thead' does not exist on type 'JSX.IntrinsicElements'.
src/pages/TakeoverPage.tsx(2327,69): error TS2339: Property 'tr' does not exist on type 'JSX.IntrinsicElements'.
src/pages/TakeoverPage.tsx(2328,73): error TS2339: Property 'th' does not exist on type 'JSX.IntrinsicElements'.
src/pages/TakeoverPage.tsx(2328,195): error TS2339: Property 'th' does not exist on type 'JSX.IntrinsicElements'.
src/pages/TakeoverPage.tsx(2329,73): error TS2339: Property 'th' does not exist on type 'JSX.IntrinsicElements'.
src/pages/TakeoverPage.tsx(2329,198): error TS2339: Property 'th' does not exist on type 'JSX.IntrinsicElements'.
src/pages/TakeoverPage.tsx(2330,73): error TS2339: Property 'th' does not exist on type 'JSX.IntrinsicElements'.
src/pages/TakeoverPage.tsx(2330,204): error TS2339: Property 'th' does not exist on type 'JSX.IntrinsicElements'.
src/pages/TakeoverPage.tsx(2331,69): error TS2339: Property 'tr' does not exist on type 'JSX.IntrinsicElements'.
src/pages/TakeoverPage.tsx(2332,65): error TS2339: Property 'thead' does not exist on type 'JSX.IntrinsicElements'.
src/pages/TakeoverPage.tsx(2333,65): error TS2339: Property 'tbody' does not exist on type 'JSX.IntrinsicElements'.
src/pages/TakeoverPage.tsx(2334,69): error TS2339: Property 'tr' does not exist on type 'JSX.IntrinsicElements'.
src/pages/TakeoverPage.tsx(2335,73): error TS2339: Property 'td' does not exist on type 'JSX.IntrinsicElements'.
src/pages/TakeoverPage.tsx(2335,154): error TS2339: Property 'td' does not exist on type 'JSX.IntrinsicElements'.
src/pages/TakeoverPage.tsx(2336,73): error TS2339: Property 'td' does not exist on type 'JSX.IntrinsicElements'.
src/pages/TakeoverPage.tsx(2336,150): error TS2339: Property 'td' does not exist on type 'JSX.IntrinsicElements'.
src/pages/TakeoverPage.tsx(2337,73): error TS2339: Property 'td' does not exist on type 'JSX.IntrinsicElements'.
src/pages/TakeoverPage.tsx(2338,77): error TS2339: Property 'span' does not exist on type 'JSX.IntrinsicElements'.
src/pages/TakeoverPage.tsx(2338,180): error TS2339: Property 'span' does not exist on type 'JSX.IntrinsicElements'.
src/pages/TakeoverPage.tsx(2339,73): error TS2339: Property 'td' does not exist on type 'JSX.IntrinsicElements'.
src/pages/TakeoverPage.tsx(2340,69): error TS2339: Property 'tr' does not exist on type 'JSX.IntrinsicElements'.
src/pages/TakeoverPage.tsx(2346,77): error TS2339: Property 'tr' does not exist on type 'JSX.IntrinsicElements'.
src/pages/TakeoverPage.tsx(2347,81): error TS2339: Property 'td' does not exist on type 'JSX.IntrinsicElements'.
src/pages/TakeoverPage.tsx(2347,166): error TS2339: Property 'td' does not exist on type 'JSX.IntrinsicElements'.
src/pages/TakeoverPage.tsx(2348,81): error TS2339: Property 'td' does not exist on type 'JSX.IntrinsicElements'.
src/pages/TakeoverPage.tsx(2348,172): error TS2339: Property 'td' does not exist on type 'JSX.IntrinsicElements'.
src/pages/TakeoverPage.tsx(2349,81): error TS2339: Property 'td' does not exist on type 'JSX.IntrinsicElements'.
src/pages/TakeoverPage.tsx(2350,85): error TS2339: Property 'div' does not exist on type 'JSX.IntrinsicElements'.
src/pages/TakeoverPage.tsx(2351,89): error TS2339: Property 'button' does not exist on type 'JSX.IntrinsicElements'.
src/pages/TakeoverPage.tsx(2361,89): error TS2339: Property 'button' does not exist on type 'JSX.IntrinsicElements'.
src/pages/TakeoverPage.tsx(2362,89): error TS2339: Property 'button' does not exist on type 'JSX.IntrinsicElements'.
src/pages/TakeoverPage.tsx(2368,89): error TS2339: Property 'button' does not exist on type 'JSX.IntrinsicElements'.
src/pages/TakeoverPage.tsx(2369,85): error TS2339: Property 'div' does not exist on type 'JSX.IntrinsicElements'.
src/pages/TakeoverPage.tsx(2370,81): error TS2339: Property 'td' does not exist on type 'JSX.IntrinsicElements'.
src/pages/TakeoverPage.tsx(2371,77): error TS2339: Property 'tr' does not exist on type 'JSX.IntrinsicElements'.
src/pages/TakeoverPage.tsx(2374,65): error TS2339: Property 'tbody' does not exist on type 'JSX.IntrinsicElements'.
src/pages/TakeoverPage.tsx(2375,61): error TS2339: Property 'table' does not exist on type 'JSX.IntrinsicElements'.
src/pages/TakeoverPage.tsx(2376,57): error TS2339: Property 'div' does not exist on type 'JSX.IntrinsicElements'.
src/pages/TakeoverPage.tsx(2379,57): error TS2339: Property 'div' does not exist on type 'JSX.IntrinsicElements'.
src/pages/TakeoverPage.tsx(2380,61): error TS2339: Property 'div' does not exist on type 'JSX.IntrinsicElements'.
src/pages/TakeoverPage.tsx(2381,65): error TS2339: Property 'label' does not exist on type 'JSX.IntrinsicElements'.
src/pages/TakeoverPage.tsx(2381,211): error TS2339: Property 'label' does not exist on type 'JSX.IntrinsicElements'.
src/pages/TakeoverPage.tsx(2383,69): error TS2339: Property 'button' does not exist on type 'JSX.IntrinsicElements'.
src/pages/TakeoverPage.tsx(2392,69): error TS2339: Property 'button' does not exist on type 'JSX.IntrinsicElements'.
src/pages/TakeoverPage.tsx(2394,61): error TS2339: Property 'div' does not exist on type 'JSX.IntrinsicElements'.
src/pages/TakeoverPage.tsx(2395,61): error TS2339: Property 'div' does not exist on type 'JSX.IntrinsicElements'.
src/pages/TakeoverPage.tsx(2396,65): error TS2339: Property 'div' does not exist on type 'JSX.IntrinsicElements'.
src/pages/TakeoverPage.tsx(2397,69): error TS2339: Property 'div' does not exist on type 'JSX.IntrinsicElements'.
src/pages/TakeoverPage.tsx(2399,73): error TS2339: Property 'input' does not exist on type 'JSX.IntrinsicElements'.
src/pages/TakeoverPage.tsx(2407,69): error TS2339: Property 'div' does not exist on type 'JSX.IntrinsicElements'.
src/pages/TakeoverPage.tsx(2408,65): error TS2339: Property 'div' does not exist on type 'JSX.IntrinsicElements'.
src/pages/TakeoverPage.tsx(2409,65): error TS2339: Property 'div' does not exist on type 'JSX.IntrinsicElements'.
src/pages/TakeoverPage.tsx(2410,69): error TS2339: Property 'input' does not exist on type 'JSX.IntrinsicElements'.
src/pages/TakeoverPage.tsx(2417,69): error TS2339: Property 'button' does not exist on type 'JSX.IntrinsicElements'.
src/pages/TakeoverPage.tsx(2424,69): error TS2339: Property 'button' does not exist on type 'JSX.IntrinsicElements'.
src/pages/TakeoverPage.tsx(2425,65): error TS2339: Property 'div' does not exist on type 'JSX.IntrinsicElements'.
src/pages/TakeoverPage.tsx(2426,61): error TS2339: Property 'div' does not exist on type 'JSX.IntrinsicElements'.
src/pages/TakeoverPage.tsx(2427,57): error TS2339: Property 'div' does not exist on type 'JSX.IntrinsicElements'.
src/pages/TakeoverPage.tsx(2428,57): error TS2339: Property 'p' does not exist on type 'JSX.IntrinsicElements'.
src/pages/TakeoverPage.tsx(2428,212): error TS2339: Property 'p' does not exist on type 'JSX.IntrinsicElements'.
src/pages/TakeoverPage.tsx(2431,61): error TS2339: Property 'div' does not exist on type 'JSX.IntrinsicElements'.
src/pages/TakeoverPage.tsx(2432,65): error TS2339: Property 'h4' does not exist on type 'JSX.IntrinsicElements'.
src/pages/TakeoverPage.tsx(2432,191): error TS2339: Property 'span' does not exist on type 'JSX.IntrinsicElements'.
src/pages/TakeoverPage.tsx(2432,230): error TS2339: Property 'span' does not exist on type 'JSX.IntrinsicElements'.
src/pages/TakeoverPage.tsx(2432,237): error TS2339: Property 'h4' does not exist on type 'JSX.IntrinsicElements'.
src/pages/TakeoverPage.tsx(2433,65): error TS2339: Property 'div' does not exist on type 'JSX.IntrinsicElements'.
src/pages/TakeoverPage.tsx(2435,73): error TS2339: Property 'span' does not exist on type 'JSX.IntrinsicElements'.
src/pages/TakeoverPage.tsx(2437,73): error TS2339: Property 'span' does not exist on type 'JSX.IntrinsicElements'.
src/pages/TakeoverPage.tsx(2439,65): error TS2339: Property 'div' does not exist on type 'JSX.IntrinsicElements'.
src/pages/TakeoverPage.tsx(2440,61): error TS2339: Property 'div' does not exist on type 'JSX.IntrinsicElements'.
src/pages/TakeoverPage.tsx(2442,53): error TS2339: Property 'div' does not exist on type 'JSX.IntrinsicElements'.
src/pages/TakeoverPage.tsx(2445,53): error TS2339: Property 'div' does not exist on type 'JSX.IntrinsicElements'.
src/pages/TakeoverPage.tsx(2446,57): error TS2339: Property 'div' does not exist on type 'JSX.IntrinsicElements'.
src/pages/TakeoverPage.tsx(2447,61): error TS2339: Property 'div' does not exist on type 'JSX.IntrinsicElements'.
src/pages/TakeoverPage.tsx(2449,61): error TS2339: Property 'div' does not exist on type 'JSX.IntrinsicElements'.
src/pages/TakeoverPage.tsx(2450,61): error TS2339: Property 'h3' does not exist on type 'JSX.IntrinsicElements'.
src/pages/TakeoverPage.tsx(2450,151): error TS2339: Property 'span' does not exist on type 'JSX.IntrinsicElements'.
src/pages/TakeoverPage.tsx(2450,187): error TS2339: Property 'span' does not exist on type 'JSX.IntrinsicElements'.
src/pages/TakeoverPage.tsx(2450,194): error TS2339: Property 'h3' does not exist on type 'JSX.IntrinsicElements'.
src/pages/TakeoverPage.tsx(2451,57): error TS2339: Property 'div' does not exist on type 'JSX.IntrinsicElements'.
src/pages/TakeoverPage.tsx(2452,57): error TS2339: Property 'div' does not exist on type 'JSX.IntrinsicElements'.
src/pages/TakeoverPage.tsx(2453,61): error TS2339: Property 'div' does not exist on type 'JSX.IntrinsicElements'.
src/pages/TakeoverPage.tsx(2454,65): error TS2339: Property 'label' does not exist on type 'JSX.IntrinsicElements'.
src/pages/TakeoverPage.tsx(2454,168): error TS2339: Property 'label' does not exist on type 'JSX.IntrinsicElements'.
src/pages/TakeoverPage.tsx(2455,65): error TS2339: Property 'div' does not exist on type 'JSX.IntrinsicElements'.
src/pages/TakeoverPage.tsx(2456,69): error TS2339: Property 'input' does not exist on type 'JSX.IntrinsicElements'.
src/pages/TakeoverPage.tsx(2457,69): error TS2339: Property 'span' does not exist on type 'JSX.IntrinsicElements'.
src/pages/TakeoverPage.tsx(2457,136): error TS2339: Property 'span' does not exist on type 'JSX.IntrinsicElements'.
src/pages/TakeoverPage.tsx(2458,65): error TS2339: Property 'div' does not exist on type 'JSX.IntrinsicElements'.
src/pages/TakeoverPage.tsx(2459,61): error TS2339: Property 'div' does not exist on type 'JSX.IntrinsicElements'.
src/pages/TakeoverPage.tsx(2460,61): error TS2339: Property 'div' does not exist on type 'JSX.IntrinsicElements'.
src/pages/TakeoverPage.tsx(2461,65): error TS2339: Property 'label' does not exist on type 'JSX.IntrinsicElements'.
src/pages/TakeoverPage.tsx(2461,162): error TS2339: Property 'label' does not exist on type 'JSX.IntrinsicElements'.
src/pages/TakeoverPage.tsx(2462,65): error TS2339: Property 'div' does not exist on type 'JSX.IntrinsicElements'.
src/pages/TakeoverPage.tsx(2463,69): error TS2339: Property 'div' does not exist on type 'JSX.IntrinsicElements'.
src/pages/TakeoverPage.tsx(2464,73): error TS2339: Property 'input' does not exist on type 'JSX.IntrinsicElements'.
src/pages/TakeoverPage.tsx(2473,73): error TS2339: Property 'div' does not exist on type 'JSX.IntrinsicElements'.
src/pages/TakeoverPage.tsx(2473,320): error TS2339: Property 'div' does not exist on type 'JSX.IntrinsicElements'.
src/pages/TakeoverPage.tsx(2474,69): error TS2339: Property 'div' does not exist on type 'JSX.IntrinsicElements'.
src/pages/TakeoverPage.tsx(2475,69): error TS2339: Property 'div' does not exist on type 'JSX.IntrinsicElements'.
src/pages/TakeoverPage.tsx(2476,73): error TS2339: Property 'input' does not exist on type 'JSX.IntrinsicElements'.
src/pages/TakeoverPage.tsx(2483,73): error TS2339: Property 'button' does not exist on type 'JSX.IntrinsicElements'.
src/pages/TakeoverPage.tsx(2488,73): error TS2339: Property 'button' does not exist on type 'JSX.IntrinsicElements'.
src/pages/TakeoverPage.tsx(2489,69): error TS2339: Property 'div' does not exist on type 'JSX.IntrinsicElements'.
src/pages/TakeoverPage.tsx(2490,65): error TS2339: Property 'div' does not exist on type 'JSX.IntrinsicElements'.
src/pages/TakeoverPage.tsx(2491,61): error TS2339: Property 'div' does not exist on type 'JSX.IntrinsicElements'.
src/pages/TakeoverPage.tsx(2492,57): error TS2339: Property 'div' does not exist on type 'JSX.IntrinsicElements'.
src/pages/TakeoverPage.tsx(2493,53): error TS2339: Property 'div' does not exist on type 'JSX.IntrinsicElements'.
src/pages/TakeoverPage.tsx(2496,53): error TS2339: Property 'div' does not exist on type 'JSX.IntrinsicElements'.
src/pages/TakeoverPage.tsx(2497,57): error TS2339: Property 'label' does not exist on type 'JSX.IntrinsicElements'.
src/pages/TakeoverPage.tsx(2499,57): error TS2339: Property 'label' does not exist on type 'JSX.IntrinsicElements'.
src/pages/TakeoverPage.tsx(2501,57): error TS2339: Property 'div' does not exist on type 'JSX.IntrinsicElements'.
src/pages/TakeoverPage.tsx(2502,61): error TS2339: Property 'div' does not exist on type 'JSX.IntrinsicElements'.
src/pages/TakeoverPage.tsx(2503,65): error TS2339: Property 'p' does not exist on type 'JSX.IntrinsicElements'.
src/pages/TakeoverPage.tsx(2503,161): error TS2339: Property 'p' does not exist on type 'JSX.IntrinsicElements'.
src/pages/TakeoverPage.tsx(2504,65): error TS2339: Property 'textarea' does not exist on type 'JSX.IntrinsicElements'.
src/pages/TakeoverPage.tsx(2510,61): error TS2339: Property 'div' does not exist on type 'JSX.IntrinsicElements'.
src/pages/TakeoverPage.tsx(2512,61): error TS2339: Property 'div' does not exist on type 'JSX.IntrinsicElements'.
src/pages/TakeoverPage.tsx(2513,65): error TS2339: Property 'div' does not exist on type 'JSX.IntrinsicElements'.
src/pages/TakeoverPage.tsx(2514,69): error TS2339: Property 'p' does not exist on type 'JSX.IntrinsicElements'.
src/pages/TakeoverPage.tsx(2514,165): error TS2339: Property 'p' does not exist on type 'JSX.IntrinsicElements'.
src/pages/TakeoverPage.tsx(2515,69): error TS2339: Property 'p' does not exist on type 'JSX.IntrinsicElements'.
src/pages/TakeoverPage.tsx(2515,188): error TS2339: Property 'p' does not exist on type 'JSX.IntrinsicElements'.
src/pages/TakeoverPage.tsx(2516,65): error TS2339: Property 'div' does not exist on type 'JSX.IntrinsicElements'.
src/pages/TakeoverPage.tsx(2517,65): error TS2339: Property 'div' does not exist on type 'JSX.IntrinsicElements'.
src/pages/TakeoverPage.tsx(2518,69): error TS2339: Property 'input' does not exist on type 'JSX.IntrinsicElements'.
src/pages/TakeoverPage.tsx(2526,65): error TS2339: Property 'div' does not exist on type 'JSX.IntrinsicElements'.
src/pages/TakeoverPage.tsx(2527,61): error TS2339: Property 'div' does not exist on type 'JSX.IntrinsicElements'.
src/pages/TakeoverPage.tsx(2528,57): error TS2339: Property 'div' does not exist on type 'JSX.IntrinsicElements'.
src/pages/TakeoverPage.tsx(2530,57): error TS2339: Property 'p' does not exist on type 'JSX.IntrinsicElements'.
src/pages/TakeoverPage.tsx(2530,256): error TS2339: Property 'p' does not exist on type 'JSX.IntrinsicElements'.
src/pages/TakeoverPage.tsx(2531,53): error TS2339: Property 'div' does not exist on type 'JSX.IntrinsicElements'.
src/pages/TakeoverPage.tsx(2533,49): error TS2339: Property 'div' does not exist on type 'JSX.IntrinsicElements'.
src/pages/TakeoverPage.tsx(2537,49): error TS2339: Property 'div' does not exist on type 'JSX.IntrinsicElements'.
src/pages/TakeoverPage.tsx(2538,53): error TS2339: Property 'div' does not exist on type 'JSX.IntrinsicElements'.
src/pages/TakeoverPage.tsx(2539,57): error TS2339: Property 'div' does not exist on type 'JSX.IntrinsicElements'.
src/pages/TakeoverPage.tsx(2540,61): error TS2339: Property 'div' does not exist on type 'JSX.IntrinsicElements'.
src/pages/TakeoverPage.tsx(2542,61): error TS2339: Property 'div' does not exist on type 'JSX.IntrinsicElements'.
src/pages/TakeoverPage.tsx(2543,61): error TS2339: Property 'h3' does not exist on type 'JSX.IntrinsicElements'.
src/pages/TakeoverPage.tsx(2543,152): error TS2339: Property 'span' does not exist on type 'JSX.IntrinsicElements'.
src/pages/TakeoverPage.tsx(2543,189): error TS2339: Property 'span' does not exist on type 'JSX.IntrinsicElements'.
src/pages/TakeoverPage.tsx(2543,196): error TS2339: Property 'h3' does not exist on type 'JSX.IntrinsicElements'.
src/pages/TakeoverPage.tsx(2544,57): error TS2339: Property 'div' does not exist on type 'JSX.IntrinsicElements'.
src/pages/TakeoverPage.tsx(2546,57): error TS2339: Property 'div' does not exist on type 'JSX.IntrinsicElements'.
src/pages/TakeoverPage.tsx(2547,61): error TS2339: Property 'p' does not exist on type 'JSX.IntrinsicElements'.
src/pages/TakeoverPage.tsx(2547,185): error TS2339: Property 'p' does not exist on type 'JSX.IntrinsicElements'.
src/pages/TakeoverPage.tsx(2549,61): error TS2339: Property 'div' does not exist on type 'JSX.IntrinsicElements'.
src/pages/TakeoverPage.tsx(2553,73): error TS2339: Property 'button' does not exist on type 'JSX.IntrinsicElements'.
src/pages/TakeoverPage.tsx(2565,77): error TS2339: Property 'div' does not exist on type 'JSX.IntrinsicElements'.
src/pages/TakeoverPage.tsx(2566,81): error TS2339: Property 'div' does not exist on type 'JSX.IntrinsicElements'.
src/pages/TakeoverPage.tsx(2567,103): error TS2339: Property 'img' does not exist on type 'JSX.IntrinsicElements'.
src/pages/TakeoverPage.tsx(2568,81): error TS2339: Property 'div' does not exist on type 'JSX.IntrinsicElements'.
src/pages/TakeoverPage.tsx(2569,81): error TS2339: Property 'div' does not exist on type 'JSX.IntrinsicElements'.
src/pages/TakeoverPage.tsx(2570,85): error TS2339: Property 'p' does not exist on type 'JSX.IntrinsicElements'.
src/pages/TakeoverPage.tsx(2570,123): error TS2339: Property 'p' does not exist on type 'JSX.IntrinsicElements'.
src/pages/TakeoverPage.tsx(2571,85): error TS2339: Property 'p' does not exist on type 'JSX.IntrinsicElements'.
src/pages/TakeoverPage.tsx(2571,171): error TS2339: Property 'p' does not exist on type 'JSX.IntrinsicElements'.
src/pages/TakeoverPage.tsx(2572,81): error TS2339: Property 'div' does not exist on type 'JSX.IntrinsicElements'.
src/pages/TakeoverPage.tsx(2573,77): error TS2339: Property 'div' does not exist on type 'JSX.IntrinsicElements'.
src/pages/TakeoverPage.tsx(2574,73): error TS2339: Property 'button' does not exist on type 'JSX.IntrinsicElements'.
src/pages/TakeoverPage.tsx(2577,61): error TS2339: Property 'div' does not exist on type 'JSX.IntrinsicElements'.
src/pages/TakeoverPage.tsx(2579,61): error TS2339: Property 'div' does not exist on type 'JSX.IntrinsicElements'.
src/pages/TakeoverPage.tsx(2580,65): error TS2339: Property 'span' does not exist on type 'JSX.IntrinsicElements'.
src/pages/TakeoverPage.tsx(2580,199): error TS2339: Property 'span' does not exist on type 'JSX.IntrinsicElements'.
src/pages/TakeoverPage.tsx(2581,65): error TS2339: Property 'button' does not exist on type 'JSX.IntrinsicElements'.
src/pages/TakeoverPage.tsx(2586,65): error TS2339: Property 'button' does not exist on type 'JSX.IntrinsicElements'.
src/pages/TakeoverPage.tsx(2587,61): error TS2339: Property 'div' does not exist on type 'JSX.IntrinsicElements'.
src/pages/TakeoverPage.tsx(2588,57): error TS2339: Property 'div' does not exist on type 'JSX.IntrinsicElements'.
src/pages/TakeoverPage.tsx(2589,53): error TS2339: Property 'div' does not exist on type 'JSX.IntrinsicElements'.
src/pages/TakeoverPage.tsx(2590,49): error TS2339: Property 'div' does not exist on type 'JSX.IntrinsicElements'.
src/pages/TakeoverPage.tsx(2592,41): error TS2339: Property 'div' does not exist on type 'JSX.IntrinsicElements'.
src/pages/TakeoverPage.tsx(2594,41): error TS2339: Property 'div' does not exist on type 'JSX.IntrinsicElements'.
src/pages/TakeoverPage.tsx(2595,45): error TS2339: Property 'button' does not exist on type 'JSX.IntrinsicElements'.
src/pages/TakeoverPage.tsx(2638,45): error TS2339: Property 'button' does not exist on type 'JSX.IntrinsicElements'.
src/pages/TakeoverPage.tsx(2639,45): error TS2339: Property 'button' does not exist on type 'JSX.IntrinsicElements'.
src/pages/TakeoverPage.tsx(2645,45): error TS2339: Property 'button' does not exist on type 'JSX.IntrinsicElements'.
src/pages/TakeoverPage.tsx(2646,41): error TS2339: Property 'div' does not exist on type 'JSX.IntrinsicElements'.
src/pages/TakeoverPage.tsx(2651,21): error TS2339: Property 'div' does not exist on type 'JSX.IntrinsicElements'.
src/pages/TakeoverPage.tsx(2652,17): error TS2339: Property 'div' does not exist on type 'JSX.IntrinsicElements'.
src/pages/TakeoverPage.tsx(2655,17): error TS2339: Property 'div' does not exist on type 'JSX.IntrinsicElements'.
src/pages/TakeoverPage.tsx(2658,25): error TS2339: Property 'div' does not exist on type 'JSX.IntrinsicElements'.
src/pages/TakeoverPage.tsx(2659,29): error TS2339: Property 'div' does not exist on type 'JSX.IntrinsicElements'.
src/pages/TakeoverPage.tsx(2660,33): error TS2339: Property 'div' does not exist on type 'JSX.IntrinsicElements'.
src/pages/TakeoverPage.tsx(2662,33): error TS2339: Property 'div' does not exist on type 'JSX.IntrinsicElements'.
src/pages/TakeoverPage.tsx(2663,33): error TS2339: Property 'div' does not exist on type 'JSX.IntrinsicElements'.
src/pages/TakeoverPage.tsx(2664,37): error TS2339: Property 'h2' does not exist on type 'JSX.IntrinsicElements'.
src/pages/TakeoverPage.tsx(2666,56): error TS2339: Property 'span' does not exist on type 'JSX.IntrinsicElements'.
src/pages/TakeoverPage.tsx(2666,222): error TS2339: Property 'span' does not exist on type 'JSX.IntrinsicElements'.
src/pages/TakeoverPage.tsx(2667,37): error TS2339: Property 'h2' does not exist on type 'JSX.IntrinsicElements'.
src/pages/TakeoverPage.tsx(2668,37): error TS2339: Property 'p' does not exist on type 'JSX.IntrinsicElements'.
src/pages/TakeoverPage.tsx(2669,41): error TS2339: Property 'span' does not exist on type 'JSX.IntrinsicElements'.
src/pages/TakeoverPage.tsx(2671,37): error TS2339: Property 'p' does not exist on type 'JSX.IntrinsicElements'.
src/pages/TakeoverPage.tsx(2672,33): error TS2339: Property 'div' does not exist on type 'JSX.IntrinsicElements'.
src/pages/TakeoverPage.tsx(2673,29): error TS2339: Property 'div' does not exist on type 'JSX.IntrinsicElements'.
src/pages/TakeoverPage.tsx(2675,33): error TS2339: Property 'div' does not exist on type 'JSX.IntrinsicElements'.
src/pages/TakeoverPage.tsx(2676,37): error TS2339: Property 'button' does not exist on type 'JSX.IntrinsicElements'.
src/pages/TakeoverPage.tsx(2682,37): error TS2339: Property 'button' does not exist on type 'JSX.IntrinsicElements'.
src/pages/TakeoverPage.tsx(2683,37): error TS2339: Property 'button' does not exist on type 'JSX.IntrinsicElements'.
src/pages/TakeoverPage.tsx(2689,37): error TS2339: Property 'button' does not exist on type 'JSX.IntrinsicElements'.
src/pages/TakeoverPage.tsx(2690,33): error TS2339: Property 'div' does not exist on type 'JSX.IntrinsicElements'.
src/pages/TakeoverPage.tsx(2693,33): error TS2339: Property 'div' does not exist on type 'JSX.IntrinsicElements'.
src/pages/TakeoverPage.tsx(2694,37): error TS2339: Property 'h3' does not exist on type 'JSX.IntrinsicElements'.
src/pages/TakeoverPage.tsx(2696,37): error TS2339: Property 'h3' does not exist on type 'JSX.IntrinsicElements'.
src/pages/TakeoverPage.tsx(2697,37): error TS2339: Property 'input' does not exist on type 'JSX.IntrinsicElements'.
src/pages/TakeoverPage.tsx(2703,37): error TS2339: Property 'div' does not exist on type 'JSX.IntrinsicElements'.
src/pages/TakeoverPage.tsx(2704,41): error TS2339: Property 'button' does not exist on type 'JSX.IntrinsicElements'.
src/pages/TakeoverPage.tsx(2704,268): error TS2339: Property 'button' does not exist on type 'JSX.IntrinsicElements'.
src/pages/TakeoverPage.tsx(2705,41): error TS2339: Property 'button' does not exist on type 'JSX.IntrinsicElements'.
src/pages/TakeoverPage.tsx(2705,209): error TS2339: Property 'button' does not exist on type 'JSX.IntrinsicElements'.
src/pages/TakeoverPage.tsx(2706,37): error TS2339: Property 'div' does not exist on type 'JSX.IntrinsicElements'.
src/pages/TakeoverPage.tsx(2707,33): error TS2339: Property 'div' does not exist on type 'JSX.IntrinsicElements'.
src/pages/TakeoverPage.tsx(2709,25): error TS2339: Property 'div' does not exist on type 'JSX.IntrinsicElements'.
src/pages/TakeoverPage.tsx(2721,33): error TS2339: Property 'div' does not exist on type 'JSX.IntrinsicElements'.
src/pages/TakeoverPage.tsx(2722,37): error TS2339: Property 'div' does not exist on type 'JSX.IntrinsicElements'.
src/pages/TakeoverPage.tsx(2723,37): error TS2339: Property 'div' does not exist on type 'JSX.IntrinsicElements'.
src/pages/TakeoverPage.tsx(2724,41): error TS2339: Property 'div' does not exist on type 'JSX.IntrinsicElements'.
src/pages/TakeoverPage.tsx(2726,49): error TS2339: Property 'a' does not exist on type 'JSX.IntrinsicElements'.
src/pages/TakeoverPage.tsx(2733,53): error TS2339: Property 'div' does not exist on type 'JSX.IntrinsicElements'.
src/pages/TakeoverPage.tsx(2734,57): error TS2339: Property 'img' does not exist on type 'JSX.IntrinsicElements'.
src/pages/TakeoverPage.tsx(2735,57): error TS2339: Property 'div' does not exist on type 'JSX.IntrinsicElements'.
src/pages/TakeoverPage.tsx(2736,61): error TS2339: Property 'span' does not exist on type 'JSX.IntrinsicElements'.
src/pages/TakeoverPage.tsx(2736,132): error TS2339: Property 'span' does not exist on type 'JSX.IntrinsicElements'.
src/pages/TakeoverPage.tsx(2737,57): error TS2339: Property 'div' does not exist on type 'JSX.IntrinsicElements'.
src/pages/TakeoverPage.tsx(2738,53): error TS2339: Property 'div' does not exist on type 'JSX.IntrinsicElements'.
src/pages/TakeoverPage.tsx(2739,53): error TS2339: Property 'div' does not exist on type 'JSX.IntrinsicElements'.
src/pages/TakeoverPage.tsx(2740,57): error TS2339: Property 'p' does not exist on type 'JSX.IntrinsicElements'.
src/pages/TakeoverPage.tsx(2740,167): error TS2339: Property 'p' does not exist on type 'JSX.IntrinsicElements'.
src/pages/TakeoverPage.tsx(2741,57): error TS2339: Property 'p' does not exist on type 'JSX.IntrinsicElements'.
src/pages/TakeoverPage.tsx(2741,181): error TS2339: Property 'p' does not exist on type 'JSX.IntrinsicElements'.
src/pages/TakeoverPage.tsx(2742,53): error TS2339: Property 'div' does not exist on type 'JSX.IntrinsicElements'.
src/pages/TakeoverPage.tsx(2743,49): error TS2339: Property 'a' does not exist on type 'JSX.IntrinsicElements'.
src/pages/TakeoverPage.tsx(2745,41): error TS2339: Property 'div' does not exist on type 'JSX.IntrinsicElements'.
src/pages/TakeoverPage.tsx(2746,37): error TS2339: Property 'div' does not exist on type 'JSX.IntrinsicElements'.
src/pages/TakeoverPage.tsx(2747,33): error TS2339: Property 'div' does not exist on type 'JSX.IntrinsicElements'.
src/pages/TakeoverPage.tsx(2752,21): error TS2339: Property 'div' does not exist on type 'JSX.IntrinsicElements'.
src/pages/TakeoverPage.tsx(2754,29): error TS2339: Property 'div' does not exist on type 'JSX.IntrinsicElements'.
src/pages/TakeoverPage.tsx(2755,33): error TS2339: Property 'div' does not exist on type 'JSX.IntrinsicElements'.
src/pages/TakeoverPage.tsx(2757,33): error TS2339: Property 'div' does not exist on type 'JSX.IntrinsicElements'.
src/pages/TakeoverPage.tsx(2758,33): error TS2339: Property 'h3' does not exist on type 'JSX.IntrinsicElements'.
src/pages/TakeoverPage.tsx(2758,134): error TS2339: Property 'h3' does not exist on type 'JSX.IntrinsicElements'.
src/pages/TakeoverPage.tsx(2759,33): error TS2339: Property 'p' does not exist on type 'JSX.IntrinsicElements'.
src/pages/TakeoverPage.tsx(2761,33): error TS2339: Property 'p' does not exist on type 'JSX.IntrinsicElements'.
src/pages/TakeoverPage.tsx(2762,33): error TS2339: Property 'button' does not exist on type 'JSX.IntrinsicElements'.
src/pages/TakeoverPage.tsx(2767,33): error TS2339: Property 'button' does not exist on type 'JSX.IntrinsicElements'.
src/pages/TakeoverPage.tsx(2768,29): error TS2339: Property 'div' does not exist on type 'JSX.IntrinsicElements'.
src/pages/TakeoverPage.tsx(2770,29): error TS2339: Property 'div' does not exist on type 'JSX.IntrinsicElements'.
src/pages/TakeoverPage.tsx(2772,33): error TS2339: Property 'div' does not exist on type 'JSX.IntrinsicElements'.
src/pages/TakeoverPage.tsx(2775,41): error TS2339: Property 'div' does not exist on type 'JSX.IntrinsicElements'.
src/pages/TakeoverPage.tsx(2776,45): error TS2339: Property 'div' does not exist on type 'JSX.IntrinsicElements'.
src/pages/TakeoverPage.tsx(2777,45): error TS2339: Property 'div' does not exist on type 'JSX.IntrinsicElements'.
src/pages/TakeoverPage.tsx(2778,49): error TS2339: Property 'div' does not exist on type 'JSX.IntrinsicElements'.
src/pages/TakeoverPage.tsx(2780,49): error TS2339: Property 'div' does not exist on type 'JSX.IntrinsicElements'.
src/pages/TakeoverPage.tsx(2781,49): error TS2339: Property 'div' does not exist on type 'JSX.IntrinsicElements'.
src/pages/TakeoverPage.tsx(2782,53): error TS2339: Property 'p' does not exist on type 'JSX.IntrinsicElements'.
src/pages/TakeoverPage.tsx(2783,66): error TS2339: Property 'span' does not exist on type 'JSX.IntrinsicElements'.
src/pages/TakeoverPage.tsx(2784,53): error TS2339: Property 'p' does not exist on type 'JSX.IntrinsicElements'.
src/pages/TakeoverPage.tsx(2785,53): error TS2339: Property 'div' does not exist on type 'JSX.IntrinsicElements'.
src/pages/TakeoverPage.tsx(2788,65): error TS2339: Property 'a' does not exist on type 'JSX.IntrinsicElements'.
src/pages/TakeoverPage.tsx(2788,189): error TS2339: Property 'a' does not exist on type 'JSX.IntrinsicElements'.
src/pages/TakeoverPage.tsx(2791,53): error TS2339: Property 'div' does not exist on type 'JSX.IntrinsicElements'.
src/pages/TakeoverPage.tsx(2792,49): error TS2339: Property 'div' does not exist on type 'JSX.IntrinsicElements'.
src/pages/TakeoverPage.tsx(2794,53): error TS2339: Property 'button' does not exist on type 'JSX.IntrinsicElements'.
src/pages/TakeoverPage.tsx(2800,53): error TS2339: Property 'button' does not exist on type 'JSX.IntrinsicElements'.
src/pages/TakeoverPage.tsx(2802,45): error TS2339: Property 'div' does not exist on type 'JSX.IntrinsicElements'.
src/pages/TakeoverPage.tsx(2803,41): error TS2339: Property 'div' does not exist on type 'JSX.IntrinsicElements'.
src/pages/TakeoverPage.tsx(2819,49): error TS2339: Property 'div' does not exist on type 'JSX.IntrinsicElements'.
src/pages/TakeoverPage.tsx(2820,53): error TS2339: Property 'div' does not exist on type 'JSX.IntrinsicElements'.
src/pages/TakeoverPage.tsx(2822,53): error TS2339: Property 'div' does not exist on type 'JSX.IntrinsicElements'.
src/pages/TakeoverPage.tsx(2823,53): error TS2339: Property 'span' does not exist on type 'JSX.IntrinsicElements'.
src/pages/TakeoverPage.tsx(2828,53): error TS2339: Property 'span' does not exist on type 'JSX.IntrinsicElements'.
src/pages/TakeoverPage.tsx(2829,68): error TS2339: Property 'span' does not exist on type 'JSX.IntrinsicElements'.
src/pages/TakeoverPage.tsx(2829,250): error TS2339: Property 'span' does not exist on type 'JSX.IntrinsicElements'.
src/pages/TakeoverPage.tsx(2830,53): error TS2339: Property 'span' does not exist on type 'JSX.IntrinsicElements'.
src/pages/TakeoverPage.tsx(2830,134): error TS2339: Property 'span' does not exist on type 'JSX.IntrinsicElements'.
src/pages/TakeoverPage.tsx(2831,49): error TS2339: Property 'div' does not exist on type 'JSX.IntrinsicElements'.
src/pages/TakeoverPage.tsx(2832,49): error TS2339: Property 'div' does not exist on type 'JSX.IntrinsicElements'.
src/pages/TakeoverPage.tsx(2837,53): error TS2339: Property 'span' does not exist on type 'JSX.IntrinsicElements'.
src/pages/TakeoverPage.tsx(2846,73): error TS2339: Property 'a' does not exist on type 'JSX.IntrinsicElements'.
src/pages/TakeoverPage.tsx(2855,73): error TS2339: Property 'a' does not exist on type 'JSX.IntrinsicElements'.
src/pages/TakeoverPage.tsx(2861,53): error TS2339: Property 'span' does not exist on type 'JSX.IntrinsicElements'.
src/pages/TakeoverPage.tsx(2863,57): error TS2339: Property 'div' does not exist on type 'JSX.IntrinsicElements'.
src/pages/TakeoverPage.tsx(2864,61): error TS2339: Property 'button' does not exist on type 'JSX.IntrinsicElements'.
src/pages/TakeoverPage.tsx(2864,285): error TS2339: Property 'button' does not exist on type 'JSX.IntrinsicElements'.
src/pages/TakeoverPage.tsx(2865,61): error TS2339: Property 'button' does not exist on type 'JSX.IntrinsicElements'.
src/pages/TakeoverPage.tsx(2865,262): error TS2339: Property 'button' does not exist on type 'JSX.IntrinsicElements'.
src/pages/TakeoverPage.tsx(2866,57): error TS2339: Property 'div' does not exist on type 'JSX.IntrinsicElements'.
src/pages/TakeoverPage.tsx(2868,49): error TS2339: Property 'div' does not exist on type 'JSX.IntrinsicElements'.
src/pages/TakeoverPage.tsx(2872,33): error TS2339: Property 'div' does not exist on type 'JSX.IntrinsicElements'.
src/pages/TakeoverPage.tsx(2875,33): error TS2339: Property 'div' does not exist on type 'JSX.IntrinsicElements'.
src/pages/TakeoverPage.tsx(2877,41): error TS2339: Property 'div' does not exist on type 'JSX.IntrinsicElements'.
src/pages/TakeoverPage.tsx(2878,45): error TS2339: Property 'h4' does not exist on type 'JSX.IntrinsicElements'.
src/pages/TakeoverPage.tsx(2878,174): error TS2339: Property 'h4' does not exist on type 'JSX.IntrinsicElements'.
src/pages/TakeoverPage.tsx(2879,45): error TS2339: Property 'form' does not exist on type 'JSX.IntrinsicElements'.
src/pages/TakeoverPage.tsx(2880,49): error TS2339: Property 'div' does not exist on type 'JSX.IntrinsicElements'.
src/pages/TakeoverPage.tsx(2881,53): error TS2339: Property 'input' does not exist on type 'JSX.IntrinsicElements'.
src/pages/TakeoverPage.tsx(2889,53): error TS2339: Property 'input' does not exist on type 'JSX.IntrinsicElements'.
src/pages/TakeoverPage.tsx(2897,49): error TS2339: Property 'div' does not exist on type 'JSX.IntrinsicElements'.
src/pages/TakeoverPage.tsx(2898,49): error TS2339: Property 'div' does not exist on type 'JSX.IntrinsicElements'.
src/pages/TakeoverPage.tsx(2899,53): error TS2339: Property 'select' does not exist on type 'JSX.IntrinsicElements'.
src/pages/TakeoverPage.tsx(2905,57): error TS2339: Property 'option' does not exist on type 'JSX.IntrinsicElements'.
src/pages/TakeoverPage.tsx(2905,78): error TS2339: Property 'option' does not exist on type 'JSX.IntrinsicElements'.
src/pages/TakeoverPage.tsx(2906,57): error TS2339: Property 'option' does not exist on type 'JSX.IntrinsicElements'.
src/pages/TakeoverPage.tsx(2906,91): error TS2339: Property 'option' does not exist on type 'JSX.IntrinsicElements'.
src/pages/TakeoverPage.tsx(2907,57): error TS2339: Property 'option' does not exist on type 'JSX.IntrinsicElements'.
src/pages/TakeoverPage.tsx(2907,93): error TS2339: Property 'option' does not exist on type 'JSX.IntrinsicElements'.
src/pages/TakeoverPage.tsx(2908,57): error TS2339: Property 'option' does not exist on type 'JSX.IntrinsicElements'.
src/pages/TakeoverPage.tsx(2908,91): error TS2339: Property 'option' does not exist on type 'JSX.IntrinsicElements'.
src/pages/TakeoverPage.tsx(2909,57): error TS2339: Property 'option' does not exist on type 'JSX.IntrinsicElements'.
src/pages/TakeoverPage.tsx(2909,91): error TS2339: Property 'option' does not exist on type 'JSX.IntrinsicElements'.
src/pages/TakeoverPage.tsx(2910,57): error TS2339: Property 'option' does not exist on type 'JSX.IntrinsicElements'.
src/pages/TakeoverPage.tsx(2910,94): error TS2339: Property 'option' does not exist on type 'JSX.IntrinsicElements'.
src/pages/TakeoverPage.tsx(2911,57): error TS2339: Property 'option' does not exist on type 'JSX.IntrinsicElements'.
src/pages/TakeoverPage.tsx(2911,92): error TS2339: Property 'option' does not exist on type 'JSX.IntrinsicElements'.
src/pages/TakeoverPage.tsx(2912,57): error TS2339: Property 'option' does not exist on type 'JSX.IntrinsicElements'.
src/pages/TakeoverPage.tsx(2912,91): error TS2339: Property 'option' does not exist on type 'JSX.IntrinsicElements'.
src/pages/TakeoverPage.tsx(2913,57): error TS2339: Property 'option' does not exist on type 'JSX.IntrinsicElements'.
src/pages/TakeoverPage.tsx(2913,96): error TS2339: Property 'option' does not exist on type 'JSX.IntrinsicElements'.
src/pages/TakeoverPage.tsx(2914,57): error TS2339: Property 'option' does not exist on type 'JSX.IntrinsicElements'.
src/pages/TakeoverPage.tsx(2914,96): error TS2339: Property 'option' does not exist on type 'JSX.IntrinsicElements'.
src/pages/TakeoverPage.tsx(2915,57): error TS2339: Property 'option' does not exist on type 'JSX.IntrinsicElements'.
src/pages/TakeoverPage.tsx(2915,89): error TS2339: Property 'option' does not exist on type 'JSX.IntrinsicElements'.
src/pages/TakeoverPage.tsx(2916,53): error TS2339: Property 'select' does not exist on type 'JSX.IntrinsicElements'.
src/pages/TakeoverPage.tsx(2918,57): error TS2339: Property 'input' does not exist on type 'JSX.IntrinsicElements'.
src/pages/TakeoverPage.tsx(2927,57): error TS2339: Property 'input' does not exist on type 'JSX.IntrinsicElements'.
src/pages/TakeoverPage.tsx(2936,49): error TS2339: Property 'div' does not exist on type 'JSX.IntrinsicElements'.
src/pages/TakeoverPage.tsx(2938,53): error TS2339: Property 'div' does not exist on type 'JSX.IntrinsicElements'.
src/pages/TakeoverPage.tsx(2939,57): error TS2339: Property 'input' does not exist on type 'JSX.IntrinsicElements'.
src/pages/TakeoverPage.tsx(2947,53): error TS2339: Property 'div' does not exist on type 'JSX.IntrinsicElements'.
src/pages/TakeoverPage.tsx(2949,49): error TS2339: Property 'label' does not exist on type 'JSX.IntrinsicElements'.
src/pages/TakeoverPage.tsx(2950,53): error TS2339: Property 'input' does not exist on type 'JSX.IntrinsicElements'.
src/pages/TakeoverPage.tsx(2956,53): error TS2339: Property 'span' does not exist on type 'JSX.IntrinsicElements'.
src/pages/TakeoverPage.tsx(2956,175): error TS2339: Property 'span' does not exist on type 'JSX.IntrinsicElements'.
src/pages/TakeoverPage.tsx(2957,49): error TS2339: Property 'label' does not exist on type 'JSX.IntrinsicElements'.
src/pages/TakeoverPage.tsx(2958,49): error TS2339: Property 'button' does not exist on type 'JSX.IntrinsicElements'.
src/pages/TakeoverPage.tsx(2960,49): error TS2339: Property 'button' does not exist on type 'JSX.IntrinsicElements'.
src/pages/TakeoverPage.tsx(2961,45): error TS2339: Property 'form' does not exist on type 'JSX.IntrinsicElements'.
src/pages/TakeoverPage.tsx(2962,41): error TS2339: Property 'div' does not exist on type 'JSX.IntrinsicElements'.
src/pages/TakeoverPage.tsx(2964,41): error TS2339: Property 'form' does not exist on type 'JSX.IntrinsicElements'.
src/pages/TakeoverPage.tsx(2965,45): error TS2339: Property 'div' does not exist on type 'JSX.IntrinsicElements'.
src/pages/TakeoverPage.tsx(2966,45): error TS2339: Property 'div' does not exist on type 'JSX.IntrinsicElements'.
src/pages/TakeoverPage.tsx(2967,49): error TS2339: Property 'div' does not exist on type 'JSX.IntrinsicElements'.
src/pages/TakeoverPage.tsx(2968,53): error TS2339: Property 'button' does not exist on type 'JSX.IntrinsicElements'.
src/pages/TakeoverPage.tsx(2968,278): error TS2339: Property 'button' does not exist on type 'JSX.IntrinsicElements'.
src/pages/TakeoverPage.tsx(2969,53): error TS2339: Property 'div' does not exist on type 'JSX.IntrinsicElements'.
src/pages/TakeoverPage.tsx(2970,53): error TS2339: Property 'button' does not exist on type 'JSX.IntrinsicElements'.
src/pages/TakeoverPage.tsx(2972,75): error TS2339: Property 'span' does not exist on type 'JSX.IntrinsicElements'.
src/pages/TakeoverPage.tsx(2972,159): error TS2339: Property 'span' does not exist on type 'JSX.IntrinsicElements'.
src/pages/TakeoverPage.tsx(2973,53): error TS2339: Property 'button' does not exist on type 'JSX.IntrinsicElements'.
src/pages/TakeoverPage.tsx(2974,49): error TS2339: Property 'div' does not exist on type 'JSX.IntrinsicElements'.
src/pages/TakeoverPage.tsx(2975,49): error TS2339: Property 'div' does not exist on type 'JSX.IntrinsicElements'.
src/pages/TakeoverPage.tsx(2976,53): error TS2339: Property 'input' does not exist on type 'JSX.IntrinsicElements'.
src/pages/TakeoverPage.tsx(2983,53): error TS2339: Property 'button' does not exist on type 'JSX.IntrinsicElements'.
src/pages/TakeoverPage.tsx(2985,53): error TS2339: Property 'button' does not exist on type 'JSX.IntrinsicElements'.
src/pages/TakeoverPage.tsx(2986,49): error TS2339: Property 'div' does not exist on type 'JSX.IntrinsicElements'.
src/pages/TakeoverPage.tsx(2987,45): error TS2339: Property 'div' does not exist on type 'JSX.IntrinsicElements'.
src/pages/TakeoverPage.tsx(2991,57): error TS2339: Property 'button' does not exist on type 'JSX.IntrinsicElements'.
src/pages/TakeoverPage.tsx(2991,257): error TS2339: Property 'button' does not exist on type 'JSX.IntrinsicElements'.
src/pages/TakeoverPage.tsx(2995,41): error TS2339: Property 'form' does not exist on type 'JSX.IntrinsicElements'.
src/pages/TakeoverPage.tsx(2997,33): error TS2339: Property 'div' does not exist on type 'JSX.IntrinsicElements'.
src/pages/TakeoverPage.tsx(2998,29): error TS2339: Property 'div' does not exist on type 'JSX.IntrinsicElements'.
src/pages/TakeoverPage.tsx(3000,21): error TS2339: Property 'div' does not exist on type 'JSX.IntrinsicElements'.
src/pages/TakeoverPage.tsx(3001,17): error TS2339: Property 'div' does not exist on type 'JSX.IntrinsicElements'.
src/pages/TakeoverPage.tsx(3005,25): error TS2339: Property 'div' does not exist on type 'JSX.IntrinsicElements'.
src/pages/TakeoverPage.tsx(3006,29): error TS2339: Property 'button' does not exist on type 'JSX.IntrinsicElements'.
src/pages/TakeoverPage.tsx(3010,33): error TS2339: Property 'div' does not exist on type 'JSX.IntrinsicElements'.
src/pages/TakeoverPage.tsx(3011,29): error TS2339: Property 'button' does not exist on type 'JSX.IntrinsicElements'.
src/pages/TakeoverPage.tsx(3012,25): error TS2339: Property 'div' does not exist on type 'JSX.IntrinsicElements'.
src/pages/TakeoverPage.tsx(3024,29): error TS2339: Property 'div' does not exist on type 'JSX.IntrinsicElements'.
src/pages/TakeoverPage.tsx(3025,33): error TS2339: Property 'div' does not exist on type 'JSX.IntrinsicElements'.
src/pages/TakeoverPage.tsx(3026,37): error TS2339: Property 'h2' does not exist on type 'JSX.IntrinsicElements'.
src/pages/TakeoverPage.tsx(3028,37): error TS2339: Property 'h2' does not exist on type 'JSX.IntrinsicElements'.
src/pages/TakeoverPage.tsx(3029,37): error TS2339: Property 'span' does not exist on type 'JSX.IntrinsicElements'.
src/pages/TakeoverPage.tsx(3029,148): error TS2339: Property 'span' does not exist on type 'JSX.IntrinsicElements'.
src/pages/TakeoverPage.tsx(3030,33): error TS2339: Property 'div' does not exist on type 'JSX.IntrinsicElements'.
src/pages/TakeoverPage.tsx(3031,33): error TS2339: Property 'div' does not exist on type 'JSX.IntrinsicElements'.
src/pages/TakeoverPage.tsx(3032,37): error TS2339: Property 'div' does not exist on type 'JSX.IntrinsicElements'.
src/pages/TakeoverPage.tsx(3040,49): error TS2339: Property 'div' does not exist on type 'JSX.IntrinsicElements'.
src/pages/TakeoverPage.tsx(3041,53): error TS2339: Property 'div' does not exist on type 'JSX.IntrinsicElements'.
src/pages/TakeoverPage.tsx(3045,57): error TS2339: Property 'div' does not exist on type 'JSX.IntrinsicElements'.
src/pages/TakeoverPage.tsx(3046,61): error TS2339: Property 'div' does not exist on type 'JSX.IntrinsicElements'.
src/pages/TakeoverPage.tsx(3048,61): error TS2339: Property 'div' does not exist on type 'JSX.IntrinsicElements'.
src/pages/TakeoverPage.tsx(3049,61): error TS2339: Property 'span' does not exist on type 'JSX.IntrinsicElements'.
src/pages/TakeoverPage.tsx(3051,61): error TS2339: Property 'span' does not exist on type 'JSX.IntrinsicElements'.
src/pages/TakeoverPage.tsx(3052,57): error TS2339: Property 'div' does not exist on type 'JSX.IntrinsicElements'.
src/pages/TakeoverPage.tsx(3053,57): error TS2339: Property 'div' does not exist on type 'JSX.IntrinsicElements'.
src/pages/TakeoverPage.tsx(3055,65): error TS2339: Property 'span' does not exist on type 'JSX.IntrinsicElements'.
src/pages/TakeoverPage.tsx(3058,65): error TS2339: Property 'span' does not exist on type 'JSX.IntrinsicElements'.
src/pages/TakeoverPage.tsx(3061,65): error TS2339: Property 'button' does not exist on type 'JSX.IntrinsicElements'.
src/pages/TakeoverPage.tsx(3067,65): error TS2339: Property 'button' does not exist on type 'JSX.IntrinsicElements'.
src/pages/TakeoverPage.tsx(3069,57): error TS2339: Property 'div' does not exist on type 'JSX.IntrinsicElements'.
src/pages/TakeoverPage.tsx(3070,53): error TS2339: Property 'div' does not exist on type 'JSX.IntrinsicElements'.
src/pages/TakeoverPage.tsx(3080,65): error TS2339: Property 'div' does not exist on type 'JSX.IntrinsicElements'.
src/pages/TakeoverPage.tsx(3081,69): error TS2339: Property 'div' does not exist on type 'JSX.IntrinsicElements'.
src/pages/TakeoverPage.tsx(3082,73): error TS2339: Property 'div' does not exist on type 'JSX.IntrinsicElements'.
src/pages/TakeoverPage.tsx(3083,77): error TS2339: Property 'span' does not exist on type 'JSX.IntrinsicElements'.
src/pages/TakeoverPage.tsx(3083,149): error TS2339: Property 'span' does not exist on type 'JSX.IntrinsicElements'.
src/pages/TakeoverPage.tsx(3084,77): error TS2339: Property 'span' does not exist on type 'JSX.IntrinsicElements'.
src/pages/TakeoverPage.tsx(3084,158): error TS2339: Property 'span' does not exist on type 'JSX.IntrinsicElements'.
src/pages/TakeoverPage.tsx(3085,73): error TS2339: Property 'div' does not exist on type 'JSX.IntrinsicElements'.
src/pages/TakeoverPage.tsx(3086,73): error TS2339: Property 'div' does not exist on type 'JSX.IntrinsicElements'.
src/pages/TakeoverPage.tsx(3087,77): error TS2339: Property 'span' does not exist on type 'JSX.IntrinsicElements'.
src/pages/TakeoverPage.tsx(3087,150): error TS2339: Property 'span' does not exist on type 'JSX.IntrinsicElements'.
src/pages/TakeoverPage.tsx(3088,77): error TS2339: Property 'span' does not exist on type 'JSX.IntrinsicElements'.
src/pages/TakeoverPage.tsx(3088,135): error TS2339: Property 'span' does not exist on type 'JSX.IntrinsicElements'.
src/pages/TakeoverPage.tsx(3089,73): error TS2339: Property 'div' does not exist on type 'JSX.IntrinsicElements'.
src/pages/TakeoverPage.tsx(3090,69): error TS2339: Property 'div' does not exist on type 'JSX.IntrinsicElements'.
src/pages/TakeoverPage.tsx(3093,73): error TS2339: Property 'button' does not exist on type 'JSX.IntrinsicElements'.
src/pages/TakeoverPage.tsx(3099,73): error TS2339: Property 'button' does not exist on type 'JSX.IntrinsicElements'.
src/pages/TakeoverPage.tsx(3101,65): error TS2339: Property 'div' does not exist on type 'JSX.IntrinsicElements'.
src/pages/TakeoverPage.tsx(3105,49): error TS2339: Property 'div' does not exist on type 'JSX.IntrinsicElements'.
src/pages/TakeoverPage.tsx(3108,37): error TS2339: Property 'div' does not exist on type 'JSX.IntrinsicElements'.
src/pages/TakeoverPage.tsx(3109,33): error TS2339: Property 'div' does not exist on type 'JSX.IntrinsicElements'.
src/pages/TakeoverPage.tsx(3110,29): error TS2339: Property 'div' does not exist on type 'JSX.IntrinsicElements'.
src/pages/TakeoverPage.tsx(3114,13): error TS2339: Property 'div' does not exist on type 'JSX.IntrinsicElements'.
src/pages/TakeoverPage.tsx(3119,21): error TS2339: Property 'div' does not exist on type 'JSX.IntrinsicElements'.
src/pages/TakeoverPage.tsx(3131,25): error TS2339: Property 'div' does not exist on type 'JSX.IntrinsicElements'.
src/pages/TakeoverPage.tsx(3132,25): error TS2339: Property 'div' does not exist on type 'JSX.IntrinsicElements'.
src/pages/TakeoverPage.tsx(3134,25): error TS2339: Property 'div' does not exist on type 'JSX.IntrinsicElements'.
src/pages/TakeoverPage.tsx(3136,33): error TS2339: Property 'a' does not exist on type 'JSX.IntrinsicElements'.
src/pages/TakeoverPage.tsx(3144,37): error TS2339: Property 'span' does not exist on type 'JSX.IntrinsicElements'.
src/pages/TakeoverPage.tsx(3144,117): error TS2339: Property 'span' does not exist on type 'JSX.IntrinsicElements'.
src/pages/TakeoverPage.tsx(3145,37): error TS2339: Property 'div' does not exist on type 'JSX.IntrinsicElements'.
src/pages/TakeoverPage.tsx(3146,33): error TS2339: Property 'a' does not exist on type 'JSX.IntrinsicElements'.
src/pages/TakeoverPage.tsx(3150,33): error TS2339: Property 'div' does not exist on type 'JSX.IntrinsicElements'.
src/pages/TakeoverPage.tsx(3151,37): error TS2339: Property 'span' does not exist on type 'JSX.IntrinsicElements'.
src/pages/TakeoverPage.tsx(3151,139): error TS2339: Property 'span' does not exist on type 'JSX.IntrinsicElements'.
src/pages/TakeoverPage.tsx(3152,37): error TS2339: Property 'div' does not exist on type 'JSX.IntrinsicElements'.
src/pages/TakeoverPage.tsx(3153,33): error TS2339: Property 'div' does not exist on type 'JSX.IntrinsicElements'.
src/pages/TakeoverPage.tsx(3158,37): error TS2339: Property 'a' does not exist on type 'JSX.IntrinsicElements'.
src/pages/TakeoverPage.tsx(3159,41): error TS2339: Property 'span' does not exist on type 'JSX.IntrinsicElements'.
src/pages/TakeoverPage.tsx(3159,149): error TS2339: Property 'span' does not exist on type 'JSX.IntrinsicElements'.
src/pages/TakeoverPage.tsx(3160,41): error TS2339: Property 'div' does not exist on type 'JSX.IntrinsicElements'.
src/pages/TakeoverPage.tsx(3161,37): error TS2339: Property 'a' does not exist on type 'JSX.IntrinsicElements'.
src/pages/TakeoverPage.tsx(3163,37): error TS2339: Property 'div' does not exist on type 'JSX.IntrinsicElements'.
src/pages/TakeoverPage.tsx(3164,41): error TS2339: Property 'span' does not exist on type 'JSX.IntrinsicElements'.
src/pages/TakeoverPage.tsx(3164,149): error TS2339: Property 'span' does not exist on type 'JSX.IntrinsicElements'.
src/pages/TakeoverPage.tsx(3165,41): error TS2339: Property 'div' does not exist on type 'JSX.IntrinsicElements'.
src/pages/TakeoverPage.tsx(3166,37): error TS2339: Property 'div' does not exist on type 'JSX.IntrinsicElements'.
src/pages/TakeoverPage.tsx(3171,33): error TS2339: Property 'div' does not exist on type 'JSX.IntrinsicElements'.
src/pages/TakeoverPage.tsx(3173,33): error TS2339: Property 'div' does not exist on type 'JSX.IntrinsicElements'.
src/pages/TakeoverPage.tsx(3175,25): error TS2339: Property 'div' does not exist on type 'JSX.IntrinsicElements'.
src/pages/TakeoverPage.tsx(3176,21): error TS2339: Property 'div' does not exist on type 'JSX.IntrinsicElements'.
src/pages/TakeoverPage.tsx(3198,29): error TS2339: Property 'div' does not exist on type 'JSX.IntrinsicElements'.
src/pages/TakeoverPage.tsx(3199,29): error TS2339: Property 'div' does not exist on type 'JSX.IntrinsicElements'.
src/pages/TakeoverPage.tsx(3201,29): error TS2339: Property 'div' does not exist on type 'JSX.IntrinsicElements'.
src/pages/TakeoverPage.tsx(3202,33): error TS2339: Property 'div' does not exist on type 'JSX.IntrinsicElements'.
src/pages/TakeoverPage.tsx(3204,33): error TS2339: Property 'div' does not exist on type 'JSX.IntrinsicElements'.
src/pages/TakeoverPage.tsx(3205,37): error TS2339: Property 'div' does not exist on type 'JSX.IntrinsicElements'.
src/pages/TakeoverPage.tsx(3206,41): error TS2339: Property 'div' does not exist on type 'JSX.IntrinsicElements'.
src/pages/TakeoverPage.tsx(3207,41): error TS2339: Property 'div' does not exist on type 'JSX.IntrinsicElements'.
src/pages/TakeoverPage.tsx(3209,41): error TS2339: Property 'div' does not exist on type 'JSX.IntrinsicElements'.
src/pages/TakeoverPage.tsx(3210,41): error TS2339: Property 'div' does not exist on type 'JSX.IntrinsicElements'.
src/pages/TakeoverPage.tsx(3211,45): error TS2339: Property 'div' does not exist on type 'JSX.IntrinsicElements'.
src/pages/TakeoverPage.tsx(3212,41): error TS2339: Property 'div' does not exist on type 'JSX.IntrinsicElements'.
src/pages/TakeoverPage.tsx(3213,37): error TS2339: Property 'div' does not exist on type 'JSX.IntrinsicElements'.
src/pages/TakeoverPage.tsx(3215,37): error TS2339: Property 'div' does not exist on type 'JSX.IntrinsicElements'.
src/pages/TakeoverPage.tsx(3216,41): error TS2339: Property 'h3' does not exist on type 'JSX.IntrinsicElements'.
src/pages/TakeoverPage.tsx(3217,59): error TS2339: Property 'span' does not exist on type 'JSX.IntrinsicElements'.
src/pages/TakeoverPage.tsx(3217,138): error TS2339: Property 'span' does not exist on type 'JSX.IntrinsicElements'.
src/pages/TakeoverPage.tsx(3218,41): error TS2339: Property 'h3' does not exist on type 'JSX.IntrinsicElements'.
src/pages/TakeoverPage.tsx(3219,41): error TS2339: Property 'p' does not exist on type 'JSX.IntrinsicElements'.
src/pages/TakeoverPage.tsx(3219,164): error TS2339: Property 'p' does not exist on type 'JSX.IntrinsicElements'.
src/pages/TakeoverPage.tsx(3220,37): error TS2339: Property 'div' does not exist on type 'JSX.IntrinsicElements'.
src/pages/TakeoverPage.tsx(3221,33): error TS2339: Property 'div' does not exist on type 'JSX.IntrinsicElements'.
src/pages/TakeoverPage.tsx(3223,33): error TS2339: Property 'div' does not exist on type 'JSX.IntrinsicElements'.
src/pages/TakeoverPage.tsx(3230,41): error TS2339: Property 'div' does not exist on type 'JSX.IntrinsicElements'.
src/pages/TakeoverPage.tsx(3230,247): error TS2339: Property 'div' does not exist on type 'JSX.IntrinsicElements'.
src/pages/TakeoverPage.tsx(3231,41): error TS2339: Property 'p' does not exist on type 'JSX.IntrinsicElements'.
src/pages/TakeoverPage.tsx(3232,57): error TS2339: Property 'span' does not exist on type 'JSX.IntrinsicElements'.
src/pages/TakeoverPage.tsx(3232,122): error TS2339: Property 'span' does not exist on type 'JSX.IntrinsicElements'.
src/pages/TakeoverPage.tsx(3233,41): error TS2339: Property 'p' does not exist on type 'JSX.IntrinsicElements'.
src/pages/TakeoverPage.tsx(3242,41): error TS2339: Property 'div' does not exist on type 'JSX.IntrinsicElements'.
src/pages/TakeoverPage.tsx(3242,247): error TS2339: Property 'div' does not exist on type 'JSX.IntrinsicElements'.
src/pages/TakeoverPage.tsx(3243,41): error TS2339: Property 'p' does not exist on type 'JSX.IntrinsicElements'.
src/pages/TakeoverPage.tsx(3244,59): error TS2339: Property 'span' does not exist on type 'JSX.IntrinsicElements'.
src/pages/TakeoverPage.tsx(3244,114): error TS2339: Property 'span' does not exist on type 'JSX.IntrinsicElements'.
src/pages/TakeoverPage.tsx(3244,125): error TS2339: Property 'span' does not exist on type 'JSX.IntrinsicElements'.
src/pages/TakeoverPage.tsx(3244,182): error TS2339: Property 'span' does not exist on type 'JSX.IntrinsicElements'.
src/pages/TakeoverPage.tsx(3245,41): error TS2339: Property 'p' does not exist on type 'JSX.IntrinsicElements'.
src/pages/TakeoverPage.tsx(3254,41): error TS2339: Property 'div' does not exist on type 'JSX.IntrinsicElements'.
src/pages/TakeoverPage.tsx(3254,245): error TS2339: Property 'div' does not exist on type 'JSX.IntrinsicElements'.
src/pages/TakeoverPage.tsx(3255,41): error TS2339: Property 'p' does not exist on type 'JSX.IntrinsicElements'.
src/pages/TakeoverPage.tsx(3256,69): error TS2339: Property 'span' does not exist on type 'JSX.IntrinsicElements'.
src/pages/TakeoverPage.tsx(3256,167): error TS2339: Property 'span' does not exist on type 'JSX.IntrinsicElements'.
src/pages/TakeoverPage.tsx(3257,41): error TS2339: Property 'p' does not exist on type 'JSX.IntrinsicElements'.
src/pages/TakeoverPage.tsx(3259,33): error TS2339: Property 'div' does not exist on type 'JSX.IntrinsicElements'.
src/pages/TakeoverPage.tsx(3261,33): error TS2339: Property 'div' does not exist on type 'JSX.IntrinsicElements'.
src/pages/TakeoverPage.tsx(3262,37): error TS2339: Property 'button' does not exist on type 'JSX.IntrinsicElements'.
src/pages/TakeoverPage.tsx(3267,37): error TS2339: Property 'button' does not exist on type 'JSX.IntrinsicElements'.
src/pages/TakeoverPage.tsx(3268,37): error TS2339: Property 'button' does not exist on type 'JSX.IntrinsicElements'.
src/pages/TakeoverPage.tsx(3273,37): error TS2339: Property 'button' does not exist on type 'JSX.IntrinsicElements'.
src/pages/TakeoverPage.tsx(3274,33): error TS2339: Property 'div' does not exist on type 'JSX.IntrinsicElements'.
src/pages/TakeoverPage.tsx(3275,29): error TS2339: Property 'div' does not exist on type 'JSX.IntrinsicElements'.
src/pages/TakeoverPage.tsx(3281,13): error TS2339: Property 'style' does not exist on type 'JSX.IntrinsicElements'.
src/pages/TakeoverPage.tsx(3293,15): error TS2339: Property 'style' does not exist on type 'JSX.IntrinsicElements'.
src/pages/TakeoverPage.tsx(3294,9): error TS2339: Property 'div' does not exist on type 'JSX.IntrinsicElements'.
